<?xml version="1.0" encoding="utf-8"?>
<TestRun id="2886dc8b-bb9a-487d-a159-e511269d3185" name="Stiliyan@DESKTOP-NPVESJH 2026-10-01 23:20:22" runUser="DESKTOP-NPVESJH\Stiliyan" xmlns="http://microsoft.com/schemas/VisualStudio/TeamTest/2010">
  <Times creation="2026-10-01T23:20:22.9387663+03:00" queuing="2026-10-01T23:20:22.9387667+03:00" start="2026-10-01T23:20:21.0830722+03:00" finish="2026-10-01T23:20:22.9980334+03:00" />
  <TestSettings name="default" id="9d1c79b1-bf96-49b9-b4cc-1f0f369b31ca">
    <Deployment runDeploymentRoot="Stiliyan_DESKTOP-NPVESJH_2026-10-01_23_20_22" />
  </TestSettings>
  <Results>
    <UnitTestResult executionId="e8e491c7-8193-4156-91f5-c407dc1bff98" testId="0b51ba8a-c577-480b-f67c-2022db63de28" testName="AgenticPayments.UnitTests.Payments.CreatePaymentValidatorTests.Validate_AmountAboveMaximum_ReturnsAmountError" computerName="DESKTOP-NPVESJH" duration="00:00:00.0007791" startTime="2026-10-01T23:20:22.8816637+03:00" endTime="2026-10-01T23:20:22.8820513+03:00" testType="13cdc9d9-ddb5-4fa4-a97d-d965ccfc6d4b" outcome="Passed" testListId="8c84fa94-04c1-424b-9868-57a2d4851a1d" relativeResultsDirectory="e8e491c7-8193-4156-91f5-c407dc1bff98" />
    <UnitTestResult executionId="85794ce1-02af-4a75-93f6-6e3130f2be43" testId="4cf6fa86-5761-be6a-b15e-0837d10b1a12" testName="AgenticPayments.UnitTests.Payments.CreatePaymentValidatorTests.Validate_ValidRequest_ReturnsNoErrors(method: Ideal, currency: Eur, amount: &quot;9999999999999999.99&quot;)" computerName="DESKTOP-NPVESJH" duration="00:00:00.0002340" startTime="2026-10-01T23:20:22.8069613+03:00" endTime="2026-10-01T23:20:22.8738533+03:00" testType="13cdc9d9-ddb5-4fa4-a97d-d965ccfc6d4b" outcome="Passed" testListId="8c84fa94-04c1-424b-9868-57a2d4851a1d" relativeResultsDirectory="85794ce1-02af-4a75-93f6-6e3130f2be43" />
    <UnitTestResult executionId="e180b222-f8b6-450e-9cc4-49b6695fe025" testId="b90b617b-2f7a-13a9-38b2-dda033575d1e" testName="AgenticPayments.UnitTests.Payments.PaymentTests.Constructor_TwoPayments_HaveDifferentIds" computerName="DESKTOP-NPVESJH" duration="00:00:00.0881587" startTime="2026-10-01T23:20:22.6704576+03:00" endTime="2026-10-01T23:20:22.7728074+03:00" testType="13cdc9d9-ddb5-4fa4-a97d-d965ccfc6d4b" outcome="Passed" testListId="8c84fa94-04c1-424b-9868-57a2d4851a1d" relativeResultsDirectory="e180b222-f8b6-450e-9cc4-49b6695fe025" />
    <UnitTestResult executionId="5417d094-1935-42a5-ac02-47cf35cb8baf" testId="04ff986d-135e-63a5-8eb4-780972a5f1ad" testName="AgenticPayments.UnitTests.Payments.CreatePaymentUseCaseTests.ExecuteAsync_ValidRequest_ReturnsPendingResponseWithRedirectUrl(method: Klarna, segment: &quot;klarna&quot;)" computerName="DESKTOP-NPVESJH" duration="00:00:00.1240822" startTime="2026-10-01T23:20:22.6661437+03:00" endTime="2026-10-01T23:20:22.8068940+03:00" testType="13cdc9d9-ddb5-4fa4-a97d-d965ccfc6d4b" outcome="Passed" testListId="8c84fa94-04c1-424b-9868-57a2d4851a1d" relativeResultsDirectory="5417d094-1935-42a5-ac02-47cf35cb8baf" />
    <UnitTestResult executionId="4aa75846-abcf-479f-b556-63654a1f526f" testId="cf114dba-b604-c8ae-31de-2a315c634307" testName="AgenticPayments.UnitTests.Payments.CreatePaymentValidatorTests.Validate_AmountNotPositive_ReturnsAmountError(amount: &quot;-100&quot;)" computerName="DESKTOP-NPVESJH" duration="00:00:00.1183254" startTime="2026-10-01T23:20:22.6703134+03:00" endTime="2026-10-01T23:20:22.8020032+03:00" testType="13cdc9d9-ddb5-4fa4-a97d-d965ccfc6d4b" outcome="Passed" testListId="8c84fa94-04c1-424b-9868-57a2d4851a1d" relativeResultsDirectory="4aa75846-abcf-479f-b556-63654a1f526f" />
    <UnitTestResult executionId="facf0099-d46a-47af-a8ad-85fa5fe56541" testId="48944996-e3e9-19b9-4358-6e41cd41a8e3" testName="AgenticPayments.UnitTests.Payments.CreatePaymentValidatorTests.Validate_AmountWithMoreThanTwoDecimals_ReturnsAmountError(amount: &quot;0.001&quot;)" computerName="DESKTOP-NPVESJH" duration="00:00:00.0005843" startTime="2026-10-01T23:20:22.8752110+03:00" endTime="2026-10-01T23:20:22.8752858+03:00" testType="13cdc9d9-ddb5-4fa4-a97d-d965ccfc6d4b" outcome="Passed" testListId="8c84fa94-04c1-424b-9868-57a2d4851a1d" relativeResultsDirectory="facf0099-d46a-47af-a8ad-85fa5fe56541" />
    <UnitTestResult executionId="70522474-26b9-4512-88fd-f9c03be1f475" testId="30c4696a-6323-8ce4-b4b8-663918bb0cdf" testName="AgenticPayments.UnitTests.Payments.CreatePaymentValidatorTests.Validate_ValidRequest_ReturnsNoErrors(method: Ideal, currency: Eur, amount: &quot;10.50&quot;)" computerName="DESKTOP-NPVESJH" duration="00:00:00.0010145" startTime="2026-10-01T23:20:22.8065629+03:00" endTime="2026-10-01T23:20:22.8066715+03:00" testType="13cdc9d9-ddb5-4fa4-a97d-d965ccfc6d4b" outcome="Passed" testListId="8c84fa94-04c1-424b-9868-57a2d4851a1d" relativeResultsDirectory="70522474-26b9-4512-88fd-f9c03be1f475" />
    <UnitTestResult executionId="ac3d1d4c-4049-4ea6-916d-ec9506c79a53" testId="3c76e9c7-5b13-7482-e27f-cc9b5c5c2023" testName="AgenticPayments.UnitTests.Payments.CreatePaymentValidatorTests.Validate_AmountNotPositive_ReturnsAmountError(amount: &quot;0&quot;)" computerName="DESKTOP-NPVESJH" duration="00:00:00.0010689" startTime="2026-10-01T23:20:22.8043255+03:00" endTime="2026-10-01T23:20:22.8048882+03:00" testType="13cdc9d9-ddb5-4fa4-a97d-d965ccfc6d4b" outcome="Passed" testListId="8c84fa94-04c1-424b-9868-57a2d4851a1d" relativeResultsDirectory="ac3d1d4c-4049-4ea6-916d-ec9506c79a53" />
    <UnitTestResult executionId="468aaa97-d243-44df-85cf-063c31510ba1" testId="0f8b397b-811c-0b9d-2538-f5075b3bc597" testName="AgenticPayments.UnitTests.Payments.CreatePaymentUseCaseTests.ExecuteAsync_ValidRequest_ReturnsPendingResponseWithRedirectUrl(method: Ideal, segment: &quot;ideal&quot;)" computerName="DESKTOP-NPVESJH" duration="00:00:00.0009071" startTime="2026-10-01T23:20:22.8737180+03:00" endTime="2026-10-01T23:20:22.8748031+03:00" testType="13cdc9d9-ddb5-4fa4-a97d-d965ccfc6d4b" outcome="Passed" testListId="8c84fa94-04c1-424b-9868-57a2d4851a1d" relativeResultsDirectory="468aaa97-d243-44df-85cf-063c31510ba1" />
    <UnitTestResult executionId="b46ec608-4e93-468e-8ff6-92e1bfb7c4ce" testId="cf47295f-5a0e-8996-d32e-7272a6ef86d6" testName="AgenticPayments.UnitTests.Payments.CreatePaymentValidatorTests.Validate_ValidRequest_ReturnsNoErrors(method: Klarna, currency: Gbp, amount: &quot;0.01&quot;)" computerName="DESKTOP-NPVESJH" duration="00:00:00.0027564" startTime="2026-10-01T23:20:22.8059514+03:00" endTime="2026-10-01T23:20:22.8060511+03:00" testType="13cdc9d9-ddb5-4fa4-a97d-d965ccfc6d4b" outcome="Passed" testListId="8c84fa94-04c1-424b-9868-57a2d4851a1d" relativeResultsDirectory="b46ec608-4e93-468e-8ff6-92e1bfb7c4ce" />
    <UnitTestResult executionId="85e205e9-1675-4c8e-a16b-c420c6aa717e" testId="4d9516d8-5c5e-fdf0-eae6-09bb40aa7312" testName="AgenticPayments.UnitTests.Payments.CreatePaymentValidatorTests.Validate_UndefinedMethod_ReturnsMethodError" computerName="DESKTOP-NPVESJH" duration="00:00:00.0053401" startTime="2026-10-01T23:20:22.8754850+03:00" endTime="2026-10-01T23:20:22.8770832+03:00" testType="13cdc9d9-ddb5-4fa4-a97d-d965ccfc6d4b" outcome="Passed" testListId="8c84fa94-04c1-424b-9868-57a2d4851a1d" relativeResultsDirectory="85e205e9-1675-4c8e-a16b-c420c6aa717e" />
    <UnitTestResult executionId="90a5fb95-ddd8-49b5-a843-f61227f13857" testId="07f163be-b896-3f83-398f-835b0658f5b4" testName="AgenticPayments.UnitTests.Payments.PaymentTests.Constructor_SetsPendingStatusAndNewId" computerName="DESKTOP-NPVESJH" duration="00:00:00.0269132" startTime="2026-10-01T23:20:22.8018336+03:00" endTime="2026-10-01T23:20:22.8755579+03:00" testType="13cdc9d9-ddb5-4fa4-a97d-d965ccfc6d4b" outcome="Passed" testListId="8c84fa94-04c1-424b-9868-57a2d4851a1d" relativeResultsDirectory="90a5fb95-ddd8-49b5-a843-f61227f13857" />
    <UnitTestResult executionId="35b41092-4256-423c-b66c-9bffb556719d" testId="2b1e3a9b-6b67-9a0a-a813-4ccc7e644885" testName="AgenticPayments.UnitTests.Payments.CreatePaymentValidatorTests.Validate_AmountWithMoreThanTwoDecimals_ReturnsAmountError(amount: &quot;10.123&quot;)" computerName="DESKTOP-NPVESJH" duration="00:00:00.0007483" startTime="2026-10-01T23:20:22.8747325+03:00" endTime="2026-10-01T23:20:22.8750683+03:00" testType="13cdc9d9-ddb5-4fa4-a97d-d965ccfc6d4b" outcome="Passed" testListId="8c84fa94-04c1-424b-9868-57a2d4851a1d" relativeResultsDirectory="35b41092-4256-423c-b66c-9bffb556719d" />
    <UnitTestResult executionId="06ec3380-0cea-4bd6-9814-540faf60f996" testId="45de6210-98e7-d0c2-a5ce-3e88d487e339" testName="AgenticPayments.UnitTests.Payments.CreatePaymentValidatorTests.Validate_AmountNotPositive_ReturnsAmountError(amount: &quot;-0.01&quot;)" computerName="DESKTOP-NPVESJH" duration="00:00:00.0003485" startTime="2026-10-01T23:20:22.8053700+03:00" endTime="2026-10-01T23:20:22.8054700+03:00" testType="13cdc9d9-ddb5-4fa4-a97d-d965ccfc6d4b" outcome="Passed" testListId="8c84fa94-04c1-424b-9868-57a2d4851a1d" relativeResultsDirectory="06ec3380-0cea-4bd6-9814-540faf60f996" />
    <UnitTestResult executionId="46befcf2-31da-4cdc-adcc-90e35d07f429" testId="01c49840-ec82-ca8e-3d0e-77f5a468e7ca" testName="AgenticPayments.UnitTests.Payments.CreatePaymentValidatorTests.Validate_ValidRequest_ReturnsNoErrors(method: Klarna, currency: Usd, amount: &quot;1000&quot;)" computerName="DESKTOP-NPVESJH" duration="00:00:00.0002146" startTime="2026-10-01T23:20:22.8744063+03:00" endTime="2026-10-01T23:20:22.8745036+03:00" testType="13cdc9d9-ddb5-4fa4-a97d-d965ccfc6d4b" outcome="Passed" testListId="8c84fa94-04c1-424b-9868-57a2d4851a1d" relativeResultsDirectory="46befcf2-31da-4cdc-adcc-90e35d07f429" />
    <UnitTestResult executionId="a2e9fcc1-a768-474c-b183-9e707d9fc02d" testId="6343d975-bde6-8242-285e-9bf03e0c4dcb" testName="AgenticPayments.UnitTests.Payments.CreatePaymentUseCaseTests.ExecuteAsync_ValidRequest_AddsPaymentToRepository" computerName="DESKTOP-NPVESJH" duration="00:00:00.0037476" startTime="2026-10-01T23:20:22.8819806+03:00" endTime="2026-10-01T23:20:22.8822947+03:00" testType="13cdc9d9-ddb5-4fa4-a97d-d965ccfc6d4b" outcome="Passed" testListId="8c84fa94-04c1-424b-9868-57a2d4851a1d" relativeResultsDirectory="a2e9fcc1-a768-474c-b183-9e707d9fc02d" />
    <UnitTestResult executionId="06ff4f53-d44b-4b52-a119-a69738ca5eb8" testId="524ccdee-2c95-ac5b-0939-5e3daab8d0b6" testName="AgenticPayments.UnitTests.Payments.CreatePaymentValidatorTests.Validate_UndefinedCurrency_ReturnsCurrencyError" computerName="DESKTOP-NPVESJH" duration="00:00:00.0028162" startTime="2026-10-01T23:20:22.8773328+03:00" endTime="2026-10-01T23:20:22.8786253+03:00" testType="13cdc9d9-ddb5-4fa4-a97d-d965ccfc6d4b" outcome="Passed" testListId="8c84fa94-04c1-424b-9868-57a2d4851a1d" relativeResultsDirectory="06ff4f53-d44b-4b52-a119-a69738ca5eb8" />
    <UnitTestResult executionId="25b5e1ff-b059-4d7b-9689-d1d8e0a94ea5" testId="61960c5a-4309-9dc9-37d5-4d388ab043b1" testName="AgenticPayments.UnitTests.Payments.CreatePaymentUseCaseTests.ExecuteAsync_InvalidRequest_ReturnsErrorsAndDoesNotAddPayment" computerName="DESKTOP-NPVESJH" duration="00:00:00.0098422" startTime="2026-10-01T23:20:22.8749944+03:00" endTime="2026-10-01T23:20:22.8817621+03:00" testType="13cdc9d9-ddb5-4fa4-a97d-d965ccfc6d4b" outcome="Passed" testListId="8c84fa94-04c1-424b-9868-57a2d4851a1d" relativeResultsDirectory="25b5e1ff-b059-4d7b-9689-d1d8e0a94ea5" />
  </Results>
  <TestDefinitions>
    <UnitTest name="AgenticPayments.UnitTests.Payments.CreatePaymentValidatorTests.Validate_UndefinedMethod_ReturnsMethodError" storage="c:\users\stiliyan\source\repos\apmplayground\tests\agenticpayments.unittests\bin\debug\net10.0\agenticpayments.unittests.dll" id="4d9516d8-5c5e-fdf0-eae6-09bb40aa7312">
      <Execution id="85e205e9-1675-4c8e-a16b-c420c6aa717e" />
      <TestMethod codeBase="C:\Users\Stiliyan\source\repos\ApmPlayground\tests\AgenticPayments.UnitTests\bin\Debug\net10.0\AgenticPayments.UnitTests.dll" adapterTypeName="executor://xunit/VsTestRunner3/netcore/" className="AgenticPayments.UnitTests.Payments.CreatePaymentValidatorTests" name="Validate_UndefinedMethod_ReturnsMethodError" />
    </UnitTest>
    <UnitTest name="AgenticPayments.UnitTests.Payments.PaymentTests.Constructor_TwoPayments_HaveDifferentIds" storage="c:\users\stiliyan\source\repos\apmplayground\tests\agenticpayments.unittests\bin\debug\net10.0\agenticpayments.unittests.dll" id="b90b617b-2f7a-13a9-38b2-dda033575d1e">
      <Execution id="e180b222-f8b6-450e-9cc4-49b6695fe025" />
      <TestMethod codeBase="C:\Users\Stiliyan\source\repos\ApmPlayground\tests\AgenticPayments.UnitTests\bin\Debug\net10.0\AgenticPayments.UnitTests.dll" adapterTypeName="executor://xunit/VsTestRunner3/netcore/" className="AgenticPayments.UnitTests.Payments.PaymentTests" name="Constructor_TwoPayments_HaveDifferentIds" />
    </UnitTest>
    <UnitTest name="AgenticPayments.UnitTests.Payments.CreatePaymentUseCaseTests.ExecuteAsync_ValidRequest_ReturnsPendingResponseWithRedirectUrl(method: Klarna, segment: &quot;klarna&quot;)" storage="c:\users\stiliyan\source\repos\apmplayground\tests\agenticpayments.unittests\bin\debug\net10.0\agenticpayments.unittests.dll" id="04ff986d-135e-63a5-8eb4-780972a5f1ad">
      <Execution id="5417d094-1935-42a5-ac02-47cf35cb8baf" />
      <TestMethod codeBase="C:\Users\Stiliyan\source\repos\ApmPlayground\tests\AgenticPayments.UnitTests\bin\Debug\net10.0\AgenticPayments.UnitTests.dll" adapterTypeName="executor://xunit/VsTestRunner3/netcore/" className="AgenticPayments.UnitTests.Payments.CreatePaymentUseCaseTests" name="ExecuteAsync_ValidRequest_ReturnsPendingResponseWithRedirectUrl" />
    </UnitTest>
    <UnitTest name="AgenticPayments.UnitTests.Payments.CreatePaymentValidatorTests.Validate_ValidRequest_ReturnsNoErrors(method: Ideal, currency: Eur, amount: &quot;9999999999999999.99&quot;)" storage="c:\users\stiliyan\source\repos\apmplayground\tests\agenticpayments.unittests\bin\debug\net10.0\agenticpayments.unittests.dll" id="4cf6fa86-5761-be6a-b15e-0837d10b1a12">
      <Execution id="85794ce1-02af-4a75-93f6-6e3130f2be43" />
      <TestMethod codeBase="C:\Users\Stiliyan\source\repos\ApmPlayground\tests\AgenticPayments.UnitTests\bin\Debug\net10.0\AgenticPayments.UnitTests.dll" adapterTypeName="executor://xunit/VsTestRunner3/netcore/" className="AgenticPayments.UnitTests.Payments.CreatePaymentValidatorTests" name="Validate_ValidRequest_ReturnsNoErrors" />
    </UnitTest>
    <UnitTest name="AgenticPayments.UnitTests.Payments.CreatePaymentValidatorTests.Validate_AmountNotPositive_ReturnsAmountError(amount: &quot;-100&quot;)" storage="c:\users\stiliyan\source\repos\apmplayground\tests\agenticpayments.unittests\bin\debug\net10.0\agenticpayments.unittests.dll" id="cf114dba-b604-c8ae-31de-2a315c634307">
      <Execution id="4aa75846-abcf-479f-b556-63654a1f526f" />
      <TestMethod codeBase="C:\Users\Stiliyan\source\repos\ApmPlayground\tests\AgenticPayments.UnitTests\bin\Debug\net10.0\AgenticPayments.UnitTests.dll" adapterTypeName="executor://xunit/VsTestRunner3/netcore/" className="AgenticPayments.UnitTests.Payments.CreatePaymentValidatorTests" name="Validate_AmountNotPositive_ReturnsAmountError" />
    </UnitTest>
    <UnitTest name="AgenticPayments.UnitTests.Payments.CreatePaymentUseCaseTests.ExecuteAsync_InvalidRequest_ReturnsErrorsAndDoesNotAddPayment" storage="c:\users\stiliyan\source\repos\apmplayground\tests\agenticpayments.unittests\bin\debug\net10.0\agenticpayments.unittests.dll" id="61960c5a-4309-9dc9-37d5-4d388ab043b1">
      <Execution id="25b5e1ff-b059-4d7b-9689-d1d8e0a94ea5" />
      <TestMethod codeBase="C:\Users\Stiliyan\source\repos\ApmPlayground\tests\AgenticPayments.UnitTests\bin\Debug\net10.0\AgenticPayments.UnitTests.dll" adapterTypeName="executor://xunit/VsTestRunner3/netcore/" className="AgenticPayments.UnitTests.Payments.CreatePaymentUseCaseTests" name="ExecuteAsync_InvalidRequest_ReturnsErrorsAndDoesNotAddPayment" />
    </UnitTest>
    <UnitTest name="AgenticPayments.UnitTests.Payments.CreatePaymentUseCaseTests.ExecuteAsync_ValidRequest_AddsPaymentToRepository" storage="c:\users\stiliyan\source\repos\apmplayground\tests\agenticpayments.unittests\bin\debug\net10.0\agenticpayments.unittests.dll" id="6343d975-bde6-8242-285e-9bf03e0c4dcb">
      <Execution id="a2e9fcc1-a768-474c-b183-9e707d9fc02d" />
      <TestMethod codeBase="C:\Users\Stiliyan\source\repos\ApmPlayground\tests\AgenticPayments.UnitTests\bin\Debug\net10.0\AgenticPayments.UnitTests.dll" adapterTypeName="executor://xunit/VsTestRunner3/netcore/" className="AgenticPayments.UnitTests.Payments.CreatePaymentUseCaseTests" name="ExecuteAsync_ValidRequest_AddsPaymentToRepository" />
    </UnitTest>
    <UnitTest name="AgenticPayments.UnitTests.Payments.CreatePaymentValidatorTests.Validate_AmountAboveMaximum_ReturnsAmountError" storage="c:\users\stiliyan\source\repos\apmplayground\tests\agenticpayments.unittests\bin\debug\net10.0\agenticpayments.unittests.dll" id="0b51ba8a-c577-480b-f67c-2022db63de28">
      <Execution id="e8e491c7-8193-4156-91f5-c407dc1bff98" />
      <TestMethod codeBase="C:\Users\Stiliyan\source\repos\ApmPlayground\tests\AgenticPayments.UnitTests\bin\Debug\net10.0\AgenticPayments.UnitTests.dll" adapterTypeName="executor://xunit/VsTestRunner3/netcore/" className="AgenticPayments.UnitTests.Payments.CreatePaymentValidatorTests" name="Validate_AmountAboveMaximum_ReturnsAmountError" />
    </UnitTest>
    <UnitTest name="AgenticPayments.UnitTests.Payments.CreatePaymentValidatorTests.Validate_ValidRequest_ReturnsNoErrors(method: Klarna, currency: Gbp, amount: &quot;0.01&quot;)" storage="c:\users\stiliyan\source\repos\apmplayground\tests\agenticpayments.unittests\bin\debug\net10.0\agenticpayments.unittests.dll" id="cf47295f-5a0e-8996-d32e-7272a6ef86d6">
      <Execution id="b46ec608-4e93-468e-8ff6-92e1bfb7c4ce" />
      <TestMethod codeBase="C:\Users\Stiliyan\source\repos\ApmPlayground\tests\AgenticPayments.UnitTests\bin\Debug\net10.0\AgenticPayments.UnitTests.dll" adapterTypeName="executor://xunit/VsTestRunner3/netcore/" className="AgenticPayments.UnitTests.Payments.CreatePaymentValidatorTests" name="Validate_ValidRequest_ReturnsNoErrors" />
    </UnitTest>
    <UnitTest name="AgenticPayments.UnitTests.Payments.PaymentTests.Constructor_SetsPendingStatusAndNewId" storage="c:\users\stiliyan\source\repos\apmplayground\tests\agenticpayments.unittests\bin\debug\net10.0\agenticpayments.unittests.dll" id="07f163be-b896-3f83-398f-835b0658f5b4">
      <Execution id="90a5fb95-ddd8-49b5-a843-f61227f13857" />
      <TestMethod codeBase="C:\Users\Stiliyan\source\repos\ApmPlayground\tests\AgenticPayments.UnitTests\bin\Debug\net10.0\AgenticPayments.UnitTests.dll" adapterTypeName="executor://xunit/VsTestRunner3/netcore/" className="AgenticPayments.UnitTests.Payments.PaymentTests" name="Constructor_SetsPendingStatusAndNewId" />
    </UnitTest>
    <UnitTest name="AgenticPayments.UnitTests.Payments.CreatePaymentUseCaseTests.ExecuteAsync_ValidRequest_ReturnsPendingResponseWithRedirectUrl(method: Ideal, segment: &quot;ideal&quot;)" storage="c:\users\stiliyan\source\repos\apmplayground\tests\agenticpayments.unittests\bin\debug\net10.0\agenticpayments.unittests.dll" id="0f8b397b-811c-0b9d-2538-f5075b3bc597">
      <Execution id="468aaa97-d243-44df-85cf-063c31510ba1" />
      <TestMethod codeBase="C:\Users\Stiliyan\source\repos\ApmPlayground\tests\AgenticPayments.UnitTests\bin\Debug\net10.0\AgenticPayments.UnitTests.dll" adapterTypeName="executor://xunit/VsTestRunner3/netcore/" className="AgenticPayments.UnitTests.Payments.CreatePaymentUseCaseTests" name="ExecuteAsync_ValidRequest_ReturnsPendingResponseWithRedirectUrl" />
    </UnitTest>
    <UnitTest name="AgenticPayments.UnitTests.Payments.CreatePaymentValidatorTests.Validate_ValidRequest_ReturnsNoErrors(method: Ideal, currency: Eur, amount: &quot;10.50&quot;)" storage="c:\users\stiliyan\source\repos\apmplayground\tests\agenticpayments.unittests\bin\debug\net10.0\agenticpayments.unittests.dll" id="30c4696a-6323-8ce4-b4b8-663918bb0cdf">
      <Execution id="70522474-26b9-4512-88fd-f9c03be1f475" />
      <TestMethod codeBase="C:\Users\Stiliyan\source\repos\ApmPlayground\tests\AgenticPayments.UnitTests\bin\Debug\net10.0\AgenticPayments.UnitTests.dll" adapterTypeName="executor://xunit/VsTestRunner3/netcore/" className="AgenticPayments.UnitTests.Payments.CreatePaymentValidatorTests" name="Validate_ValidRequest_ReturnsNoErrors" />
    </UnitTest>
    <UnitTest name="AgenticPayments.UnitTests.Payments.CreatePaymentValidatorTests.Validate_AmountNotPositive_ReturnsAmountError(amount: &quot;-0.01&quot;)" storage="c:\users\stiliyan\source\repos\apmplayground\tests\agenticpayments.unittests\bin\debug\net10.0\agenticpayments.unittests.dll" id="45de6210-98e7-d0c2-a5ce-3e88d487e339">
      <Execution id="06ec3380-0cea-4bd6-9814-540faf60f996" />
      <TestMethod codeBase="C:\Users\Stiliyan\source\repos\ApmPlayground\tests\AgenticPayments.UnitTests\bin\Debug\net10.0\AgenticPayments.UnitTests.dll" adapterTypeName="executor://xunit/VsTestRunner3/netcore/" className="AgenticPayments.UnitTests.Payments.CreatePaymentValidatorTests" name="Validate_AmountNotPositive_ReturnsAmountError" />
    </UnitTest>
    <UnitTest name="AgenticPayments.UnitTests.Payments.CreatePaymentValidatorTests.Validate_AmountNotPositive_ReturnsAmountError(amount: &quot;0&quot;)" storage="c:\users\stiliyan\source\repos\apmplayground\tests\agenticpayments.unittests\bin\debug\net10.0\agenticpayments.unittests.dll" id="3c76e9c7-5b13-7482-e27f-cc9b5c5c2023">
      <Execution id="ac3d1d4c-4049-4ea6-916d-ec9506c79a53" />
      <TestMethod codeBase="C:\Users\Stiliyan\source\repos\ApmPlayground\tests\AgenticPayments.UnitTests\bin\Debug\net10.0\AgenticPayments.UnitTests.dll" adapterTypeName="executor://xunit/VsTestRunner3/netcore/" className="AgenticPayments.UnitTests.Payments.CreatePaymentValidatorTests" name="Validate_AmountNotPositive_ReturnsAmountError" />
    </UnitTest>
    <UnitTest name="AgenticPayments.UnitTests.Payments.CreatePaymentValidatorTests.Validate_AmountWithMoreThanTwoDecimals_ReturnsAmountError(amount: &quot;0.001&quot;)" storage="c:\users\stiliyan\source\repos\apmplayground\tests\agenticpayments.unittests\bin\debug\net10.0\agenticpayments.unittests.dll" id="48944996-e3e9-19b9-4358-6e41cd41a8e3">
      <Execution id="facf0099-d46a-47af-a8ad-85fa5fe56541" />
      <TestMethod codeBase="C:\Users\Stiliyan\source\repos\ApmPlayground\tests\AgenticPayments.UnitTests\bin\Debug\net10.0\AgenticPayments.UnitTests.dll" adapterTypeName="executor://xunit/VsTestRunner3/netcore/" className="AgenticPayments.UnitTests.Payments.CreatePaymentValidatorTests" name="Validate_AmountWithMoreThanTwoDecimals_ReturnsAmountError" />
    </UnitTest>
    <UnitTest name="AgenticPayments.UnitTests.Payments.CreatePaymentValidatorTests.Validate_UndefinedCurrency_ReturnsCurrencyError" storage="c:\users\stiliyan\source\repos\apmplayground\tests\agenticpayments.unittests\bin\debug\net10.0\agenticpayments.unittests.dll" id="524ccdee-2c95-ac5b-0939-5e3daab8d0b6">
      <Execution id="06ff4f53-d44b-4b52-a119-a69738ca5eb8" />
      <TestMethod codeBase="C:\Users\Stiliyan\source\repos\ApmPlayground\tests\AgenticPayments.UnitTests\bin\Debug\net10.0\AgenticPayments.UnitTests.dll" adapterTypeName="executor://xunit/VsTestRunner3/netcore/" className="AgenticPayments.UnitTests.Payments.CreatePaymentValidatorTests" name="Validate_UndefinedCurrency_ReturnsCurrencyError" />
    </UnitTest>
    <UnitTest name="AgenticPayments.UnitTests.Payments.CreatePaymentValidatorTests.Validate_AmountWithMoreThanTwoDecimals_ReturnsAmountError(amount: &quot;10.123&quot;)" storage="c:\users\stiliyan\source\repos\apmplayground\tests\agenticpayments.unittests\bin\debug\net10.0\agenticpayments.unittests.dll" id="2b1e3a9b-6b67-9a0a-a813-4ccc7e644885">
      <Execution id="35b41092-4256-423c-b66c-9bffb556719d" />
      <TestMethod codeBase="C:\Users\Stiliyan\source\repos\ApmPlayground\tests\AgenticPayments.UnitTests\bin\Debug\net10.0\AgenticPayments.UnitTests.dll" adapterTypeName="executor://xunit/VsTestRunner3/netcore/" className="AgenticPayments.UnitTests.Payments.CreatePaymentValidatorTests" name="Validate_AmountWithMoreThanTwoDecimals_ReturnsAmountError" />
    </UnitTest>
    <UnitTest name="AgenticPayments.UnitTests.Payments.CreatePaymentValidatorTests.Validate_ValidRequest_ReturnsNoErrors(method: Klarna, currency: Usd, amount: &quot;1000&quot;)" storage="c:\users\stiliyan\source\repos\apmplayground\tests\agenticpayments.unittests\bin\debug\net10.0\agenticpayments.unittests.dll" id="01c49840-ec82-ca8e-3d0e-77f5a468e7ca">
      <Execution id="46befcf2-31da-4cdc-adcc-90e35d07f429" />
      <TestMethod codeBase="C:\Users\Stiliyan\source\repos\ApmPlayground\tests\AgenticPayments.UnitTests\bin\Debug\net10.0\AgenticPayments.UnitTests.dll" adapterTypeName="executor://xunit/VsTestRunner3/netcore/" className="AgenticPayments.UnitTests.Payments.CreatePaymentValidatorTests" name="Validate_ValidRequest_ReturnsNoErrors" />
    </UnitTest>
  </TestDefinitions>
  <TestEntries>
    <TestEntry testId="0b51ba8a-c577-480b-f67c-2022db63de28" executionId="e8e491c7-8193-4156-91f5-c407dc1bff98" testListId="8c84fa94-04c1-424b-9868-57a2d4851a1d" />
    <TestEntry testId="4cf6fa86-5761-be6a-b15e-0837d10b1a12" executionId="85794ce1-02af-4a75-93f6-6e3130f2be43" testListId="8c84fa94-04c1-424b-9868-57a2d4851a1d" />
    <TestEntry testId="b90b617b-2f7a-13a9-38b2-dda033575d1e" executionId="e180b222-f8b6-450e-9cc4-49b6695fe025" testListId="8c84fa94-04c1-424b-9868-57a2d4851a1d" />
    <TestEntry testId="04ff986d-135e-63a5-8eb4-780972a5f1ad" executionId="5417d094-1935-42a5-ac02-47cf35cb8baf" testListId="8c84fa94-04c1-424b-9868-57a2d4851a1d" />
    <TestEntry testId="cf114dba-b604-c8ae-31de-2a315c634307" executionId="4aa75846-abcf-479f-b556-63654a1f526f" testListId="8c84fa94-04c1-424b-9868-57a2d4851a1d" />
    <TestEntry testId="48944996-e3e9-19b9-4358-6e41cd41a8e3" executionId="facf0099-d46a-47af-a8ad-85fa5fe56541" testListId="8c84fa94-04c1-424b-9868-57a2d4851a1d" />
    <TestEntry testId="30c4696a-6323-8ce4-b4b8-663918bb0cdf" executionId="70522474-26b9-4512-88fd-f9c03be1f475" testListId="8c84fa94-04c1-424b-9868-57a2d4851a1d" />
    <TestEntry testId="3c76e9c7-5b13-7482-e27f-cc9b5c5c2023" executionId="ac3d1d4c-4049-4ea6-916d-ec9506c79a53" testListId="8c84fa94-04c1-424b-9868-57a2d4851a1d" />
    <TestEntry testId="0f8b397b-811c-0b9d-2538-f5075b3bc597" executionId="468aaa97-d243-44df-85cf-063c31510ba1" testListId="8c84fa94-04c1-424b-9868-57a2d4851a1d" />
    <TestEntry testId="cf47295f-5a0e-8996-d32e-7272a6ef86d6" executionId="b46ec608-4e93-468e-8ff6-92e1bfb7c4ce" testListId="8c84fa94-04c1-424b-9868-57a2d4851a1d" />
    <TestEntry testId="4d9516d8-5c5e-fdf0-eae6-09bb40aa7312" executionId="85e205e9-1675-4c8e-a16b-c420c6aa717e" testListId="8c84fa94-04c1-424b-9868-57a2d4851a1d" />
    <TestEntry testId="07f163be-b896-3f83-398f-835b0658f5b4" executionId="90a5fb95-ddd8-49b5-a843-f61227f13857" testListId="8c84fa94-04c1-424b-9868-57a2d4851a1d" />
    <TestEntry testId="2b1e3a9b-6b67-9a0a-a813-4ccc7e644885" executionId="35b41092-4256-423c-b66c-9bffb556719d" testListId="8c84fa94-04c1-424b-9868-57a2d4851a1d" />
    <TestEntry testId="45de6210-98e7-d0c2-a5ce-3e88d487e339" executionId="06ec3380-0cea-4bd6-9814-540faf60f996" testListId="8c84fa94-04c1-424b-9868-57a2d4851a1d" />
    <TestEntry testId="01c49840-ec82-ca8e-3d0e-77f5a468e7ca" executionId="46befcf2-31da-4cdc-adcc-90e35d07f429" testListId="8c84fa94-04c1-424b-9868-57a2d4851a1d" />
    <TestEntry testId="6343d975-bde6-8242-285e-9bf03e0c4dcb" executionId="a2e9fcc1-a768-474c-b183-9e707d9fc02d" testListId="8c84fa94-04c1-424b-9868-57a2d4851a1d" />
    <TestEntry testId="524ccdee-2c95-ac5b-0939-5e3daab8d0b6" executionId="06ff4f53-d44b-4b52-a119-a69738ca5eb8" testListId="8c84fa94-04c1-424b-9868-57a2d4851a1d" />
    <TestEntry testId="61960c5a-4309-9dc9-37d5-4d388ab043b1" executionId="25b5e1ff-b059-4d7b-9689-d1d8e0a94ea5" testListId="8c84fa94-04c1-424b-9868-57a2d4851a1d" />
  </TestEntries>
  <TestLists>
    <TestList name="Results Not in a List" id="8c84fa94-04c1-424b-9868-57a2d4851a1d" />
    <TestList name="All Loaded Results" id="19431567-8539-422a-85d7-44ee4e166bda" />
  </TestLists>
  <ResultSummary outcome="Completed">
    <Counters total="18" executed="18" passed="18" failed="0" error="0" timeout="0" aborted="0" inconclusive="0" passedButRunAborted="0" notRunnable="0" notExecuted="0" disconnected="0" warning="0" completed="0" inProgress="0" pending="0" />
    <Output>
      <StdOut>[xUnit.net 00:00:00.00] xUnit.net VSTest Adapter v3.1.4+50e68bbb8b (64-bit .NET 10.0.11)&#xD;
[xUnit.net 00:00:00.35]   Discovering: AgenticPayments.UnitTests&#xD;
[xUnit.net 00:00:00.48]   Discovered:  AgenticPayments.UnitTests&#xD;
[xUnit.net 00:00:00.53]   Starting:    AgenticPayments.UnitTests&#xD;
[xUnit.net 00:00:00.81]   Finished:    AgenticPayments.UnitTests&#xD;
</StdOut>
    </Output>
  </ResultSummary>
</TestRun>