<?xml version="1.0" encoding="utf-8"?>
<TestRun id="6e1407ec-2085-47ef-8ecc-8a2eb0e6a6f5" name="Stiliyan@DESKTOP-NPVESJH 2026-10-01 23:45:45" runUser="DESKTOP-NPVESJH\Stiliyan" xmlns="http://microsoft.com/schemas/VisualStudio/TeamTest/2010">
  <Times creation="2026-10-01T23:45:45.9211754+03:00" queuing="2026-10-01T23:45:45.9211757+03:00" start="2026-10-01T23:45:44.5349412+03:00" finish="2026-10-01T23:45:45.9888523+03:00" />
  <TestSettings name="default" id="569a1521-34c3-421a-9c9b-c94b6468835f">
    <Deployment runDeploymentRoot="Stiliyan_DESKTOP-NPVESJH_2026-10-01_23_45_45" />
  </TestSettings>
  <Results>
    <UnitTestResult executionId="3ff21940-05fd-4196-bdee-be9a2007e6fa" testId="2b1e3a9b-6b67-9a0a-a813-4ccc7e644885" testName="AgenticPayments.UnitTests.Payments.CreatePaymentValidatorTests.Validate_AmountWithMoreThanTwoDecimals_ReturnsAmountError(amount: &quot;10.123&quot;)" computerName="DESKTOP-NPVESJH" duration="00:00:00.0008391" startTime="2026-10-01T23:45:45.8674415+03:00" endTime="2026-10-01T23:45:45.8675594+03:00" testType="13cdc9d9-ddb5-4fa4-a97d-d965ccfc6d4b" outcome="Passed" testListId="8c84fa94-04c1-424b-9868-57a2d4851a1d" relativeResultsDirectory="3ff21940-05fd-4196-bdee-be9a2007e6fa" />
    <UnitTestResult executionId="a04b7346-b506-4628-90ff-bd37e88ae600" testId="bc353487-cb9a-8fc4-4fb4-c39b13805fda" testName="AgenticPayments.UnitTests.Webhooks.ProcessProviderWebhookUseCaseTests.ExecuteAsync_RecordRejected_ReturnsDuplicate" computerName="DESKTOP-NPVESJH" duration="00:00:00.0050582" startTime="2026-10-01T23:45:45.8790670+03:00" endTime="2026-10-01T23:45:45.8791485+03:00" testType="13cdc9d9-ddb5-4fa4-a97d-d965ccfc6d4b" outcome="Passed" testListId="8c84fa94-04c1-424b-9868-57a2d4851a1d" relativeResultsDirectory="a04b7346-b506-4628-90ff-bd37e88ae600" />
    <UnitTestResult executionId="ff81b3cf-3cfb-4fd5-aefb-b66407ceb404" testId="6e7a6a6e-9081-ab11-7802-30b742891b6a" testName="AgenticPayments.UnitTests.Webhooks.ProcessProviderWebhookUseCaseTests.ExecuteAsync_InvalidRequest_ReturnsInvalidWithErrorsAndRecordsNothing" computerName="DESKTOP-NPVESJH" duration="00:00:00.0034295" startTime="2026-10-01T23:45:45.8781275+03:00" endTime="2026-10-01T23:45:45.8782096+03:00" testType="13cdc9d9-ddb5-4fa4-a97d-d965ccfc6d4b" outcome="Passed" testListId="8c84fa94-04c1-424b-9868-57a2d4851a1d" relativeResultsDirectory="ff81b3cf-3cfb-4fd5-aefb-b66407ceb404" />
    <UnitTestResult executionId="99ecd5e5-1a26-43c2-a8dd-f48cb227dbd4" testId="48944996-e3e9-19b9-4358-6e41cd41a8e3" testName="AgenticPayments.UnitTests.Payments.CreatePaymentValidatorTests.Validate_AmountWithMoreThanTwoDecimals_ReturnsAmountError(amount: &quot;0.001&quot;)" computerName="DESKTOP-NPVESJH" duration="00:00:00.0006295" startTime="2026-10-01T23:45:45.8676729+03:00" endTime="2026-10-01T23:45:45.8678956+03:00" testType="13cdc9d9-ddb5-4fa4-a97d-d965ccfc6d4b" outcome="Passed" testListId="8c84fa94-04c1-424b-9868-57a2d4851a1d" relativeResultsDirectory="99ecd5e5-1a26-43c2-a8dd-f48cb227dbd4" />
    <UnitTestResult executionId="5523339a-c32f-495f-b54c-c43174beb24e" testId="33b465ed-0c2f-f8c5-0778-8399420847b3" testName="AgenticPayments.UnitTests.Webhooks.ProviderWebhookValidatorTests.Validate_EventIdEmpty_ReturnsEventIdError(eventId: &quot;  &quot;)" computerName="DESKTOP-NPVESJH" duration="00:00:00.0003996" startTime="2026-10-01T23:45:45.8634717+03:00" endTime="2026-10-01T23:45:45.8636760+03:00" testType="13cdc9d9-ddb5-4fa4-a97d-d965ccfc6d4b" outcome="Passed" testListId="8c84fa94-04c1-424b-9868-57a2d4851a1d" relativeResultsDirectory="5523339a-c32f-495f-b54c-c43174beb24e" />
    <UnitTestResult executionId="bfda3d16-e112-4608-9840-bd353a98c695" testId="6343d975-bde6-8242-285e-9bf03e0c4dcb" testName="AgenticPayments.UnitTests.Payments.CreatePaymentUseCaseTests.ExecuteAsync_ValidRequest_AddsPaymentToRepository" computerName="DESKTOP-NPVESJH" duration="00:00:00.0032586" startTime="2026-10-01T23:45:45.8750971+03:00" endTime="2026-10-01T23:45:45.8777052+03:00" testType="13cdc9d9-ddb5-4fa4-a97d-d965ccfc6d4b" outcome="Passed" testListId="8c84fa94-04c1-424b-9868-57a2d4851a1d" relativeResultsDirectory="bfda3d16-e112-4608-9840-bd353a98c695" />
    <UnitTestResult executionId="f8616bd4-197b-4de0-865b-4fd52ab56522" testId="61960c5a-4309-9dc9-37d5-4d388ab043b1" testName="AgenticPayments.UnitTests.Payments.CreatePaymentUseCaseTests.ExecuteAsync_InvalidRequest_ReturnsErrorsAndDoesNotAddPayment" computerName="DESKTOP-NPVESJH" duration="00:00:00.0144606" startTime="2026-10-01T23:45:45.8678464+03:00" endTime="2026-10-01T23:45:45.8732634+03:00" testType="13cdc9d9-ddb5-4fa4-a97d-d965ccfc6d4b" outcome="Passed" testListId="8c84fa94-04c1-424b-9868-57a2d4851a1d" relativeResultsDirectory="f8616bd4-197b-4de0-865b-4fd52ab56522" />
    <UnitTestResult executionId="42aec549-fd17-4950-a679-148689cda54b" testId="764054f0-12d8-2843-2236-1b98f8b192ea" testName="AgenticPayments.UnitTests.Webhooks.ProcessProviderWebhookUseCaseTests.ExecuteAsync_NewEvent_ChangesPaymentStatusAndRecordsEvent(status: Succeeded, expectedStatus: Succeeded)" computerName="DESKTOP-NPVESJH" duration="00:00:00.0012875" startTime="2026-10-01T23:45:45.8776114+03:00" endTime="2026-10-01T23:45:45.8779002+03:00" testType="13cdc9d9-ddb5-4fa4-a97d-d965ccfc6d4b" outcome="Passed" testListId="8c84fa94-04c1-424b-9868-57a2d4851a1d" relativeResultsDirectory="42aec549-fd17-4950-a679-148689cda54b" />
    <UnitTestResult executionId="fa125dbc-81cc-4b4e-9506-c85c39f76d36" testId="ae0f535e-942d-2773-8427-9ea6253d6c40" testName="AgenticPayments.UnitTests.Webhooks.ProcessProviderWebhookUseCaseTests.ExecuteAsync_KnownEventId_ReturnsDuplicateAndChangesNothing" computerName="DESKTOP-NPVESJH" duration="00:00:00.0036053" startTime="2026-10-01T23:45:45.8784309+03:00" endTime="2026-10-01T23:45:45.8785173+03:00" testType="13cdc9d9-ddb5-4fa4-a97d-d965ccfc6d4b" outcome="Passed" testListId="8c84fa94-04c1-424b-9868-57a2d4851a1d" relativeResultsDirectory="fa125dbc-81cc-4b4e-9506-c85c39f76d36" />
    <UnitTestResult executionId="cb3a8fd7-aa13-4d2c-a0ff-1946304d6d30" testId="cf47295f-5a0e-8996-d32e-7272a6ef86d6" testName="AgenticPayments.UnitTests.Payments.CreatePaymentValidatorTests.Validate_ValidRequest_ReturnsNoErrors(method: Klarna, currency: Gbp, amount: &quot;0.01&quot;)" computerName="DESKTOP-NPVESJH" duration="00:00:00.0033808" startTime="2026-10-01T23:45:45.8638415+03:00" endTime="2026-10-01T23:45:45.8641288+03:00" testType="13cdc9d9-ddb5-4fa4-a97d-d965ccfc6d4b" outcome="Passed" testListId="8c84fa94-04c1-424b-9868-57a2d4851a1d" relativeResultsDirectory="cb3a8fd7-aa13-4d2c-a0ff-1946304d6d30" />
    <UnitTestResult executionId="6b48163b-4a12-4f3d-8460-b1c81d50ff05" testId="4cf6fa86-5761-be6a-b15e-0837d10b1a12" testName="AgenticPayments.UnitTests.Payments.CreatePaymentValidatorTests.Validate_ValidRequest_ReturnsNoErrors(method: Ideal, currency: Eur, amount: &quot;9999999999999999.99&quot;)" computerName="DESKTOP-NPVESJH" duration="00:00:00.0002357" startTime="2026-10-01T23:45:45.8668412+03:00" endTime="2026-10-01T23:45:45.8669134+03:00" testType="13cdc9d9-ddb5-4fa4-a97d-d965ccfc6d4b" outcome="Passed" testListId="8c84fa94-04c1-424b-9868-57a2d4851a1d" relativeResultsDirectory="6b48163b-4a12-4f3d-8460-b1c81d50ff05" />
    <UnitTestResult executionId="75827f74-d44f-4cf1-9749-af025684b3f6" testId="7cbba0cb-f6c6-662c-3edb-1cde0c627e11" testName="AgenticPayments.UnitTests.Payments.PaymentTests.ChangeStatus_SetsStatus(status: Succeeded)" computerName="DESKTOP-NPVESJH" duration="00:00:00.0817293" startTime="2026-10-01T23:45:45.6687252+03:00" endTime="2026-10-01T23:45:45.7652811+03:00" testType="13cdc9d9-ddb5-4fa4-a97d-d965ccfc6d4b" outcome="Passed" testListId="8c84fa94-04c1-424b-9868-57a2d4851a1d" relativeResultsDirectory="75827f74-d44f-4cf1-9749-af025684b3f6" />
    <UnitTestResult executionId="01a9b19f-4e37-45f4-b6a3-add2954bcf0d" testId="3c76e9c7-5b13-7482-e27f-cc9b5c5c2023" testName="AgenticPayments.UnitTests.Payments.CreatePaymentValidatorTests.Validate_AmountNotPositive_ReturnsAmountError(amount: &quot;0&quot;)" computerName="DESKTOP-NPVESJH" duration="00:00:00.0012095" startTime="2026-10-01T23:45:45.8628415+03:00" endTime="2026-10-01T23:45:45.8629843+03:00" testType="13cdc9d9-ddb5-4fa4-a97d-d965ccfc6d4b" outcome="Passed" testListId="8c84fa94-04c1-424b-9868-57a2d4851a1d" relativeResultsDirectory="01a9b19f-4e37-45f4-b6a3-add2954bcf0d" />
    <UnitTestResult executionId="2720fb29-fe0a-48c6-b0b3-585e721c8617" testId="effd692c-cb6b-a9c1-58e0-9c5ca387c4a1" testName="AgenticPayments.UnitTests.Webhooks.ProviderWebhookValidatorTests.Validate_ValidRequest_ReturnsNoErrors(eventIdLength: 200, status: Failed)" computerName="DESKTOP-NPVESJH" duration="00:00:00.0004581" startTime="2026-10-01T23:45:45.8705226+03:00" endTime="2026-10-01T23:45:45.8710178+03:00" testType="13cdc9d9-ddb5-4fa4-a97d-d965ccfc6d4b" outcome="Passed" testListId="8c84fa94-04c1-424b-9868-57a2d4851a1d" relativeResultsDirectory="2720fb29-fe0a-48c6-b0b3-585e721c8617" />
    <UnitTestResult executionId="ccaf9440-a6be-43a8-a93d-55a9b17cec59" testId="4d9516d8-5c5e-fdf0-eae6-09bb40aa7312" testName="AgenticPayments.UnitTests.Payments.CreatePaymentValidatorTests.Validate_UndefinedMethod_ReturnsMethodError" computerName="DESKTOP-NPVESJH" duration="00:00:00.0028040" startTime="2026-10-01T23:45:45.8692143+03:00" endTime="2026-10-01T23:45:45.8695608+03:00" testType="13cdc9d9-ddb5-4fa4-a97d-d965ccfc6d4b" outcome="Passed" testListId="8c84fa94-04c1-424b-9868-57a2d4851a1d" relativeResultsDirectory="ccaf9440-a6be-43a8-a93d-55a9b17cec59" />
    <UnitTestResult executionId="fbe60f1e-321c-4f25-ad40-67835a64d8a8" testId="cf114dba-b604-c8ae-31de-2a315c634307" testName="AgenticPayments.UnitTests.Payments.CreatePaymentValidatorTests.Validate_AmountNotPositive_ReturnsAmountError(amount: &quot;-100&quot;)" computerName="DESKTOP-NPVESJH" duration="00:00:00.1163684" startTime="2026-10-01T23:45:45.6657033+03:00" endTime="2026-10-01T23:45:45.7996979+03:00" testType="13cdc9d9-ddb5-4fa4-a97d-d965ccfc6d4b" outcome="Passed" testListId="8c84fa94-04c1-424b-9868-57a2d4851a1d" relativeResultsDirectory="fbe60f1e-321c-4f25-ad40-67835a64d8a8" />
    <UnitTestResult executionId="118ae469-5885-4a4f-960b-f8260b4a14bc" testId="0b51ba8a-c577-480b-f67c-2022db63de28" testName="AgenticPayments.UnitTests.Payments.CreatePaymentValidatorTests.Validate_AmountAboveMaximum_ReturnsAmountError" computerName="DESKTOP-NPVESJH" duration="00:00:00.0008694" startTime="2026-10-01T23:45:45.8708773+03:00" endTime="2026-10-01T23:45:45.8751812+03:00" testType="13cdc9d9-ddb5-4fa4-a97d-d965ccfc6d4b" outcome="Passed" testListId="8c84fa94-04c1-424b-9868-57a2d4851a1d" relativeResultsDirectory="118ae469-5885-4a4f-960b-f8260b4a14bc" />
    <UnitTestResult executionId="4ef41848-b309-4fd3-999b-f898037dbac4" testId="2db775ea-26ba-aaba-170e-50f3de3aa2c1" testName="AgenticPayments.UnitTests.Payments.PaymentTests.ChangeStatus_SetsStatus(status: Failed)" computerName="DESKTOP-NPVESJH" duration="00:00:00.0009136" startTime="2026-10-01T23:45:45.7920967+03:00" endTime="2026-10-01T23:45:45.7923284+03:00" testType="13cdc9d9-ddb5-4fa4-a97d-d965ccfc6d4b" outcome="Passed" testListId="8c84fa94-04c1-424b-9868-57a2d4851a1d" relativeResultsDirectory="4ef41848-b309-4fd3-999b-f898037dbac4" />
    <UnitTestResult executionId="004e308b-13db-4006-8e3e-5016be7f4132" testId="947d336e-7476-f4ef-5925-18eb49e06176" testName="AgenticPayments.UnitTests.Webhooks.ProviderWebhookValidatorTests.Validate_EventIdEmpty_ReturnsEventIdError(eventId: &quot;&quot;)" computerName="DESKTOP-NPVESJH" duration="00:00:00.1162765" startTime="2026-10-01T23:45:45.6684513+03:00" endTime="2026-10-01T23:45:45.7996263+03:00" testType="13cdc9d9-ddb5-4fa4-a97d-d965ccfc6d4b" outcome="Passed" testListId="8c84fa94-04c1-424b-9868-57a2d4851a1d" relativeResultsDirectory="004e308b-13db-4006-8e3e-5016be7f4132" />
    <UnitTestResult executionId="639f44db-0cef-4175-a202-7b330ae5f953" testId="0f8b397b-811c-0b9d-2538-f5075b3bc597" testName="AgenticPayments.UnitTests.Payments.CreatePaymentUseCaseTests.ExecuteAsync_ValidRequest_ReturnsPendingResponseWithRedirectUrl(method: Ideal, segment: &quot;ideal&quot;)" computerName="DESKTOP-NPVESJH" duration="00:00:00.0012227" startTime="2026-10-01T23:45:45.8674788+03:00" endTime="2026-10-01T23:45:45.8677202+03:00" testType="13cdc9d9-ddb5-4fa4-a97d-d965ccfc6d4b" outcome="Passed" testListId="8c84fa94-04c1-424b-9868-57a2d4851a1d" relativeResultsDirectory="639f44db-0cef-4175-a202-7b330ae5f953" />
    <UnitTestResult executionId="f9d10491-da13-4291-ab77-70b953db74d8" testId="02c65772-ead7-8568-580e-c081deaa67a2" testName="AgenticPayments.UnitTests.Webhooks.ProcessProviderWebhookUseCaseTests.ExecuteAsync_NewEvent_ChangesPaymentStatusAndRecordsEvent(status: Failed, expectedStatus: Failed)" computerName="DESKTOP-NPVESJH" duration="00:00:00.1419958" startTime="2026-10-01T23:45:45.6686679+03:00" endTime="2026-10-01T23:45:45.8774295+03:00" testType="13cdc9d9-ddb5-4fa4-a97d-d965ccfc6d4b" outcome="Passed" testListId="8c84fa94-04c1-424b-9868-57a2d4851a1d" relativeResultsDirectory="f9d10491-da13-4291-ab77-70b953db74d8" />
    <UnitTestResult executionId="1d195f77-64ba-4124-95ff-9151addd4b66" testId="07f163be-b896-3f83-398f-835b0658f5b4" testName="AgenticPayments.UnitTests.Payments.PaymentTests.Constructor_SetsPendingStatusAndNewId" computerName="DESKTOP-NPVESJH" duration="00:00:00.0224345" startTime="2026-10-01T23:45:45.7995077+03:00" endTime="2026-10-01T23:45:45.8693591+03:00" testType="13cdc9d9-ddb5-4fa4-a97d-d965ccfc6d4b" outcome="Passed" testListId="8c84fa94-04c1-424b-9868-57a2d4851a1d" relativeResultsDirectory="1d195f77-64ba-4124-95ff-9151addd4b66" />
    <UnitTestResult executionId="6d0831e0-916a-4c0c-85cb-91c0a74c7b65" testId="30c4696a-6323-8ce4-b4b8-663918bb0cdf" testName="AgenticPayments.UnitTests.Payments.CreatePaymentValidatorTests.Validate_ValidRequest_ReturnsNoErrors(method: Ideal, currency: Eur, amount: &quot;10.50&quot;)" computerName="DESKTOP-NPVESJH" duration="00:00:00.0010916" startTime="2026-10-01T23:45:45.8642225+03:00" endTime="2026-10-01T23:45:45.8644531+03:00" testType="13cdc9d9-ddb5-4fa4-a97d-d965ccfc6d4b" outcome="Passed" testListId="8c84fa94-04c1-424b-9868-57a2d4851a1d" relativeResultsDirectory="6d0831e0-916a-4c0c-85cb-91c0a74c7b65" />
    <UnitTestResult executionId="a0ba3678-778b-4eef-8dbe-868c5a4e9955" testId="c75df9f3-b08a-9475-5d57-905aafb83e62" testName="AgenticPayments.UnitTests.Webhooks.ProviderWebhookValidatorTests.Validate_ValidRequest_ReturnsNoErrors(eventIdLength: 1, status: Succeeded)" computerName="DESKTOP-NPVESJH" duration="00:00:00.0012048" startTime="2026-10-01T23:45:45.8644037+03:00" endTime="2026-10-01T23:45:45.8671052+03:00" testType="13cdc9d9-ddb5-4fa4-a97d-d965ccfc6d4b" outcome="Passed" testListId="8c84fa94-04c1-424b-9868-57a2d4851a1d" relativeResultsDirectory="a0ba3678-778b-4eef-8dbe-868c5a4e9955" />
    <UnitTestResult executionId="b3723872-c9fb-4d78-9c7c-1fd7515f8dcb" testId="6427a836-68b9-eff0-c09c-f60bcab94643" testName="AgenticPayments.UnitTests.Webhooks.ProcessProviderWebhookUseCaseTests.ExecuteAsync_UnknownPayment_ReturnsPaymentNotFoundAndRecordsNothing" computerName="DESKTOP-NPVESJH" duration="00:00:00.0017786" startTime="2026-10-01T23:45:45.8787367+03:00" endTime="2026-10-01T23:45:45.8788395+03:00" testType="13cdc9d9-ddb5-4fa4-a97d-d965ccfc6d4b" outcome="Passed" testListId="8c84fa94-04c1-424b-9868-57a2d4851a1d" relativeResultsDirectory="b3723872-c9fb-4d78-9c7c-1fd7515f8dcb" />
    <UnitTestResult executionId="b5c1f955-09c4-4d46-b4df-69c910ae0737" testId="45de6210-98e7-d0c2-a5ce-3e88d487e339" testName="AgenticPayments.UnitTests.Payments.CreatePaymentValidatorTests.Validate_AmountNotPositive_ReturnsAmountError(amount: &quot;-0.01&quot;)" computerName="DESKTOP-NPVESJH" duration="00:00:00.0003971" startTime="2026-10-01T23:45:45.8634472+03:00" endTime="2026-10-01T23:45:45.8635520+03:00" testType="13cdc9d9-ddb5-4fa4-a97d-d965ccfc6d4b" outcome="Passed" testListId="8c84fa94-04c1-424b-9868-57a2d4851a1d" relativeResultsDirectory="b5c1f955-09c4-4d46-b4df-69c910ae0737" />
    <UnitTestResult executionId="89be9494-180d-432e-9335-63b0c08a3a93" testId="127e31d0-de38-8234-652b-78c32bab6fe5" testName="AgenticPayments.UnitTests.Webhooks.ProviderWebhookValidatorTests.Validate_StatusUndefined_ReturnsStatusError" computerName="DESKTOP-NPVESJH" duration="00:00:00.0029370" startTime="2026-10-01T23:45:45.8731460+03:00" endTime="2026-10-01T23:45:45.8771826+03:00" testType="13cdc9d9-ddb5-4fa4-a97d-d965ccfc6d4b" outcome="Passed" testListId="8c84fa94-04c1-424b-9868-57a2d4851a1d" relativeResultsDirectory="89be9494-180d-432e-9335-63b0c08a3a93" />
    <UnitTestResult executionId="828f1bbb-b3d8-4f2f-a85f-767582366ddd" testId="a5477951-e9d7-1c2b-57c1-446d35b9150a" testName="AgenticPayments.UnitTests.Webhooks.ProviderWebhookValidatorTests.Validate_ValidRequest_ReturnsNoErrors(eventIdLength: 200, status: Succeeded)" computerName="DESKTOP-NPVESJH" duration="00:00:00.0061992" startTime="2026-10-01T23:45:45.8672617+03:00" endTime="2026-10-01T23:45:45.8699823+03:00" testType="13cdc9d9-ddb5-4fa4-a97d-d965ccfc6d4b" outcome="Passed" testListId="8c84fa94-04c1-424b-9868-57a2d4851a1d" relativeResultsDirectory="828f1bbb-b3d8-4f2f-a85f-767582366ddd" />
    <UnitTestResult executionId="a13f73cc-f161-470b-8686-6b6fefa7c698" testId="b90b617b-2f7a-13a9-38b2-dda033575d1e" testName="AgenticPayments.UnitTests.Payments.PaymentTests.Constructor_TwoPayments_HaveDifferentIds" computerName="DESKTOP-NPVESJH" duration="00:00:00.0089129" startTime="2026-10-01T23:45:45.7988626+03:00" endTime="2026-10-01T23:45:45.7990416+03:00" testType="13cdc9d9-ddb5-4fa4-a97d-d965ccfc6d4b" outcome="Passed" testListId="8c84fa94-04c1-424b-9868-57a2d4851a1d" relativeResultsDirectory="a13f73cc-f161-470b-8686-6b6fefa7c698" />
    <UnitTestResult executionId="dd4d5e86-8460-4051-9fea-80a5e0a10f4c" testId="524ccdee-2c95-ac5b-0939-5e3daab8d0b6" testName="AgenticPayments.UnitTests.Payments.CreatePaymentValidatorTests.Validate_UndefinedCurrency_ReturnsCurrencyError" computerName="DESKTOP-NPVESJH" duration="00:00:00.0104441" startTime="2026-10-01T23:45:45.8698738+03:00" endTime="2026-10-01T23:45:45.8706219+03:00" testType="13cdc9d9-ddb5-4fa4-a97d-d965ccfc6d4b" outcome="Passed" testListId="8c84fa94-04c1-424b-9868-57a2d4851a1d" relativeResultsDirectory="dd4d5e86-8460-4051-9fea-80a5e0a10f4c" />
    <UnitTestResult executionId="6d99fef4-6660-4033-b39a-eb9d64a1a4f1" testId="a30cf54e-b4ea-a292-5e49-5d84d6e022ec" testName="AgenticPayments.UnitTests.Webhooks.ProviderWebhookValidatorTests.Validate_EventIdEmpty_ReturnsEventIdError(eventId: null)" computerName="DESKTOP-NPVESJH" duration="00:00:00.0012094" startTime="2026-10-01T23:45:45.8627987+03:00" endTime="2026-10-01T23:45:45.8629360+03:00" testType="13cdc9d9-ddb5-4fa4-a97d-d965ccfc6d4b" outcome="Passed" testListId="8c84fa94-04c1-424b-9868-57a2d4851a1d" relativeResultsDirectory="6d99fef4-6660-4033-b39a-eb9d64a1a4f1" />
    <UnitTestResult executionId="689ba426-ccd6-4bed-b3d6-dd3865de16fc" testId="80e12b02-d7cd-e9ce-3281-82217c12905d" testName="AgenticPayments.UnitTests.Webhooks.ProviderWebhookValidatorTests.Validate_ValidRequest_ReturnsNoErrors(eventIdLength: 1, status: Failed)" computerName="DESKTOP-NPVESJH" duration="00:00:00.0082390" startTime="2026-10-01T23:45:45.8702014+03:00" endTime="2026-10-01T23:45:45.8703345+03:00" testType="13cdc9d9-ddb5-4fa4-a97d-d965ccfc6d4b" outcome="Passed" testListId="8c84fa94-04c1-424b-9868-57a2d4851a1d" relativeResultsDirectory="689ba426-ccd6-4bed-b3d6-dd3865de16fc" />
    <UnitTestResult executionId="478e48c1-b094-471b-baef-79b916655143" testId="04ff986d-135e-63a5-8eb4-780972a5f1ad" testName="AgenticPayments.UnitTests.Payments.CreatePaymentUseCaseTests.ExecuteAsync_ValidRequest_ReturnsPendingResponseWithRedirectUrl(method: Klarna, segment: &quot;klarna&quot;)" computerName="DESKTOP-NPVESJH" duration="00:00:00.1235739" startTime="2026-10-01T23:45:45.6685960+03:00" endTime="2026-10-01T23:45:45.8672990+03:00" testType="13cdc9d9-ddb5-4fa4-a97d-d965ccfc6d4b" outcome="Passed" testListId="8c84fa94-04c1-424b-9868-57a2d4851a1d" relativeResultsDirectory="478e48c1-b094-471b-baef-79b916655143" />
    <UnitTestResult executionId="727e3b0e-6674-4e2c-8f21-d73fe35c0431" testId="97124a1f-9257-1388-2be3-1b7fc611d8c5" testName="AgenticPayments.UnitTests.Webhooks.ProviderWebhookValidatorTests.Validate_EventIdTooLong_ReturnsEventIdError" computerName="DESKTOP-NPVESJH" duration="00:00:00.0008830" startTime="2026-10-01T23:45:45.8640765+03:00" endTime="2026-10-01T23:45:45.8642715+03:00" testType="13cdc9d9-ddb5-4fa4-a97d-d965ccfc6d4b" outcome="Passed" testListId="8c84fa94-04c1-424b-9868-57a2d4851a1d" relativeResultsDirectory="727e3b0e-6674-4e2c-8f21-d73fe35c0431" />
    <UnitTestResult executionId="bb23f28b-1bff-4e83-a285-e14894b0bae1" testId="01c49840-ec82-ca8e-3d0e-77f5a468e7ca" testName="AgenticPayments.UnitTests.Payments.CreatePaymentValidatorTests.Validate_ValidRequest_ReturnsNoErrors(method: Klarna, currency: Usd, amount: &quot;1000&quot;)" computerName="DESKTOP-NPVESJH" duration="00:00:00.0003546" startTime="2026-10-01T23:45:45.8670539+03:00" endTime="2026-10-01T23:45:45.8671970+03:00" testType="13cdc9d9-ddb5-4fa4-a97d-d965ccfc6d4b" outcome="Passed" testListId="8c84fa94-04c1-424b-9868-57a2d4851a1d" relativeResultsDirectory="bb23f28b-1bff-4e83-a285-e14894b0bae1" />
    <UnitTestResult executionId="452e3038-0f66-43dd-8275-238eddbe4c89" testId="cf1de8cc-799b-e436-b485-bec0eb984c92" testName="AgenticPayments.UnitTests.Webhooks.ProviderWebhookValidatorTests.Validate_PaymentIdEmpty_ReturnsPaymentIdError" computerName="DESKTOP-NPVESJH" duration="00:00:00.0029694" startTime="2026-10-01T23:45:45.8638649+03:00" endTime="2026-10-01T23:45:45.8639456+03:00" testType="13cdc9d9-ddb5-4fa4-a97d-d965ccfc6d4b" outcome="Passed" testListId="8c84fa94-04c1-424b-9868-57a2d4851a1d" relativeResultsDirectory="452e3038-0f66-43dd-8275-238eddbe4c89" />
  </Results>
  <TestDefinitions>
    <UnitTest name="AgenticPayments.UnitTests.Payments.CreatePaymentValidatorTests.Validate_AmountWithMoreThanTwoDecimals_ReturnsAmountError(amount: &quot;0.001&quot;)" storage="c:\users\stiliyan\source\repos\apmplayground\tests\agenticpayments.unittests\bin\debug\net10.0\agenticpayments.unittests.dll" id="48944996-e3e9-19b9-4358-6e41cd41a8e3">
      <Execution id="99ecd5e5-1a26-43c2-a8dd-f48cb227dbd4" />
      <TestMethod codeBase="C:\Users\Stiliyan\source\repos\ApmPlayground\tests\AgenticPayments.UnitTests\bin\Debug\net10.0\AgenticPayments.UnitTests.dll" adapterTypeName="executor://xunit/VsTestRunner3/netcore/" className="AgenticPayments.UnitTests.Payments.CreatePaymentValidatorTests" name="Validate_AmountWithMoreThanTwoDecimals_ReturnsAmountError" />
    </UnitTest>
    <UnitTest name="AgenticPayments.UnitTests.Payments.CreatePaymentValidatorTests.Validate_UndefinedMethod_ReturnsMethodError" storage="c:\users\stiliyan\source\repos\apmplayground\tests\agenticpayments.unittests\bin\debug\net10.0\agenticpayments.unittests.dll" id="4d9516d8-5c5e-fdf0-eae6-09bb40aa7312">
      <Execution id="ccaf9440-a6be-43a8-a93d-55a9b17cec59" />
      <TestMethod codeBase="C:\Users\Stiliyan\source\repos\ApmPlayground\tests\AgenticPayments.UnitTests\bin\Debug\net10.0\AgenticPayments.UnitTests.dll" adapterTypeName="executor://xunit/VsTestRunner3/netcore/" className="AgenticPayments.UnitTests.Payments.CreatePaymentValidatorTests" name="Validate_UndefinedMethod_ReturnsMethodError" />
    </UnitTest>
    <UnitTest name="AgenticPayments.UnitTests.Webhooks.ProviderWebhookValidatorTests.Validate_ValidRequest_ReturnsNoErrors(eventIdLength: 1, status: Succeeded)" storage="c:\users\stiliyan\source\repos\apmplayground\tests\agenticpayments.unittests\bin\debug\net10.0\agenticpayments.unittests.dll" id="c75df9f3-b08a-9475-5d57-905aafb83e62">
      <Execution id="a0ba3678-778b-4eef-8dbe-868c5a4e9955" />
      <TestMethod codeBase="C:\Users\Stiliyan\source\repos\ApmPlayground\tests\AgenticPayments.UnitTests\bin\Debug\net10.0\AgenticPayments.UnitTests.dll" adapterTypeName="executor://xunit/VsTestRunner3/netcore/" className="AgenticPayments.UnitTests.Webhooks.ProviderWebhookValidatorTests" name="Validate_ValidRequest_ReturnsNoErrors" />
    </UnitTest>
    <UnitTest name="AgenticPayments.UnitTests.Webhooks.ProcessProviderWebhookUseCaseTests.ExecuteAsync_KnownEventId_ReturnsDuplicateAndChangesNothing" storage="c:\users\stiliyan\source\repos\apmplayground\tests\agenticpayments.unittests\bin\debug\net10.0\agenticpayments.unittests.dll" id="ae0f535e-942d-2773-8427-9ea6253d6c40">
      <Execution id="fa125dbc-81cc-4b4e-9506-c85c39f76d36" />
      <TestMethod codeBase="C:\Users\Stiliyan\source\repos\ApmPlayground\tests\AgenticPayments.UnitTests\bin\Debug\net10.0\AgenticPayments.UnitTests.dll" adapterTypeName="executor://xunit/VsTestRunner3/netcore/" className="AgenticPayments.UnitTests.Webhooks.ProcessProviderWebhookUseCaseTests" name="ExecuteAsync_KnownEventId_ReturnsDuplicateAndChangesNothing" />
    </UnitTest>
    <UnitTest name="AgenticPayments.UnitTests.Payments.PaymentTests.Constructor_TwoPayments_HaveDifferentIds" storage="c:\users\stiliyan\source\repos\apmplayground\tests\agenticpayments.unittests\bin\debug\net10.0\agenticpayments.unittests.dll" id="b90b617b-2f7a-13a9-38b2-dda033575d1e">
      <Execution id="a13f73cc-f161-470b-8686-6b6fefa7c698" />
      <TestMethod codeBase="C:\Users\Stiliyan\source\repos\ApmPlayground\tests\AgenticPayments.UnitTests\bin\Debug\net10.0\AgenticPayments.UnitTests.dll" adapterTypeName="executor://xunit/VsTestRunner3/netcore/" className="AgenticPayments.UnitTests.Payments.PaymentTests" name="Constructor_TwoPayments_HaveDifferentIds" />
    </UnitTest>
    <UnitTest name="AgenticPayments.UnitTests.Payments.CreatePaymentValidatorTests.Validate_ValidRequest_ReturnsNoErrors(method: Ideal, currency: Eur, amount: &quot;10.50&quot;)" storage="c:\users\stiliyan\source\repos\apmplayground\tests\agenticpayments.unittests\bin\debug\net10.0\agenticpayments.unittests.dll" id="30c4696a-6323-8ce4-b4b8-663918bb0cdf">
      <Execution id="6d0831e0-916a-4c0c-85cb-91c0a74c7b65" />
      <TestMethod codeBase="C:\Users\Stiliyan\source\repos\ApmPlayground\tests\AgenticPayments.UnitTests\bin\Debug\net10.0\AgenticPayments.UnitTests.dll" adapterTypeName="executor://xunit/VsTestRunner3/netcore/" className="AgenticPayments.UnitTests.Payments.CreatePaymentValidatorTests" name="Validate_ValidRequest_ReturnsNoErrors" />
    </UnitTest>
    <UnitTest name="AgenticPayments.UnitTests.Webhooks.ProviderWebhookValidatorTests.Validate_ValidRequest_ReturnsNoErrors(eventIdLength: 200, status: Failed)" storage="c:\users\stiliyan\source\repos\apmplayground\tests\agenticpayments.unittests\bin\debug\net10.0\agenticpayments.unittests.dll" id="effd692c-cb6b-a9c1-58e0-9c5ca387c4a1">
      <Execution id="2720fb29-fe0a-48c6-b0b3-585e721c8617" />
      <TestMethod codeBase="C:\Users\Stiliyan\source\repos\ApmPlayground\tests\AgenticPayments.UnitTests\bin\Debug\net10.0\AgenticPayments.UnitTests.dll" adapterTypeName="executor://xunit/VsTestRunner3/netcore/" className="AgenticPayments.UnitTests.Webhooks.ProviderWebhookValidatorTests" name="Validate_ValidRequest_ReturnsNoErrors" />
    </UnitTest>
    <UnitTest name="AgenticPayments.UnitTests.Payments.CreatePaymentValidatorTests.Validate_ValidRequest_ReturnsNoErrors(method: Klarna, currency: Usd, amount: &quot;1000&quot;)" storage="c:\users\stiliyan\source\repos\apmplayground\tests\agenticpayments.unittests\bin\debug\net10.0\agenticpayments.unittests.dll" id="01c49840-ec82-ca8e-3d0e-77f5a468e7ca">
      <Execution id="bb23f28b-1bff-4e83-a285-e14894b0bae1" />
      <TestMethod codeBase="C:\Users\Stiliyan\source\repos\ApmPlayground\tests\AgenticPayments.UnitTests\bin\Debug\net10.0\AgenticPayments.UnitTests.dll" adapterTypeName="executor://xunit/VsTestRunner3/netcore/" className="AgenticPayments.UnitTests.Payments.CreatePaymentValidatorTests" name="Validate_ValidRequest_ReturnsNoErrors" />
    </UnitTest>
    <UnitTest name="AgenticPayments.UnitTests.Webhooks.ProviderWebhookValidatorTests.Validate_PaymentIdEmpty_ReturnsPaymentIdError" storage="c:\users\stiliyan\source\repos\apmplayground\tests\agenticpayments.unittests\bin\debug\net10.0\agenticpayments.unittests.dll" id="cf1de8cc-799b-e436-b485-bec0eb984c92">
      <Execution id="452e3038-0f66-43dd-8275-238eddbe4c89" />
      <TestMethod codeBase="C:\Users\Stiliyan\source\repos\ApmPlayground\tests\AgenticPayments.UnitTests\bin\Debug\net10.0\AgenticPayments.UnitTests.dll" adapterTypeName="executor://xunit/VsTestRunner3/netcore/" className="AgenticPayments.UnitTests.Webhooks.ProviderWebhookValidatorTests" name="Validate_PaymentIdEmpty_ReturnsPaymentIdError" />
    </UnitTest>
    <UnitTest name="AgenticPayments.UnitTests.Payments.CreatePaymentValidatorTests.Validate_AmountNotPositive_ReturnsAmountError(amount: &quot;-0.01&quot;)" storage="c:\users\stiliyan\source\repos\apmplayground\tests\agenticpayments.unittests\bin\debug\net10.0\agenticpayments.unittests.dll" id="45de6210-98e7-d0c2-a5ce-3e88d487e339">
      <Execution id="b5c1f955-09c4-4d46-b4df-69c910ae0737" />
      <TestMethod codeBase="C:\Users\Stiliyan\source\repos\ApmPlayground\tests\AgenticPayments.UnitTests\bin\Debug\net10.0\AgenticPayments.UnitTests.dll" adapterTypeName="executor://xunit/VsTestRunner3/netcore/" className="AgenticPayments.UnitTests.Payments.CreatePaymentValidatorTests" name="Validate_AmountNotPositive_ReturnsAmountError" />
    </UnitTest>
    <UnitTest name="AgenticPayments.UnitTests.Webhooks.ProviderWebhookValidatorTests.Validate_EventIdEmpty_ReturnsEventIdError(eventId: null)" storage="c:\users\stiliyan\source\repos\apmplayground\tests\agenticpayments.unittests\bin\debug\net10.0\agenticpayments.unittests.dll" id="a30cf54e-b4ea-a292-5e49-5d84d6e022ec">
      <Execution id="6d99fef4-6660-4033-b39a-eb9d64a1a4f1" />
      <TestMethod codeBase="C:\Users\Stiliyan\source\repos\ApmPlayground\tests\AgenticPayments.UnitTests\bin\Debug\net10.0\AgenticPayments.UnitTests.dll" adapterTypeName="executor://xunit/VsTestRunner3/netcore/" className="AgenticPayments.UnitTests.Webhooks.ProviderWebhookValidatorTests" name="Validate_EventIdEmpty_ReturnsEventIdError" />
    </UnitTest>
    <UnitTest name="AgenticPayments.UnitTests.Webhooks.ProviderWebhookValidatorTests.Validate_EventIdTooLong_ReturnsEventIdError" storage="c:\users\stiliyan\source\repos\apmplayground\tests\agenticpayments.unittests\bin\debug\net10.0\agenticpayments.unittests.dll" id="97124a1f-9257-1388-2be3-1b7fc611d8c5">
      <Execution id="727e3b0e-6674-4e2c-8f21-d73fe35c0431" />
      <TestMethod codeBase="C:\Users\Stiliyan\source\repos\ApmPlayground\tests\AgenticPayments.UnitTests\bin\Debug\net10.0\AgenticPayments.UnitTests.dll" adapterTypeName="executor://xunit/VsTestRunner3/netcore/" className="AgenticPayments.UnitTests.Webhooks.ProviderWebhookValidatorTests" name="Validate_EventIdTooLong_ReturnsEventIdError" />
    </UnitTest>
    <UnitTest name="AgenticPayments.UnitTests.Webhooks.ProcessProviderWebhookUseCaseTests.ExecuteAsync_NewEvent_ChangesPaymentStatusAndRecordsEvent(status: Succeeded, expectedStatus: Succeeded)" storage="c:\users\stiliyan\source\repos\apmplayground\tests\agenticpayments.unittests\bin\debug\net10.0\agenticpayments.unittests.dll" id="764054f0-12d8-2843-2236-1b98f8b192ea">
      <Execution id="42aec549-fd17-4950-a679-148689cda54b" />
      <TestMethod codeBase="C:\Users\Stiliyan\source\repos\ApmPlayground\tests\AgenticPayments.UnitTests\bin\Debug\net10.0\AgenticPayments.UnitTests.dll" adapterTypeName="executor://xunit/VsTestRunner3/netcore/" className="AgenticPayments.UnitTests.Webhooks.ProcessProviderWebhookUseCaseTests" name="ExecuteAsync_NewEvent_ChangesPaymentStatusAndRecordsEvent" />
    </UnitTest>
    <UnitTest name="AgenticPayments.UnitTests.Payments.CreatePaymentUseCaseTests.ExecuteAsync_ValidRequest_ReturnsPendingResponseWithRedirectUrl(method: Ideal, segment: &quot;ideal&quot;)" storage="c:\users\stiliyan\source\repos\apmplayground\tests\agenticpayments.unittests\bin\debug\net10.0\agenticpayments.unittests.dll" id="0f8b397b-811c-0b9d-2538-f5075b3bc597">
      <Execution id="639f44db-0cef-4175-a202-7b330ae5f953" />
      <TestMethod codeBase="C:\Users\Stiliyan\source\repos\ApmPlayground\tests\AgenticPayments.UnitTests\bin\Debug\net10.0\AgenticPayments.UnitTests.dll" adapterTypeName="executor://xunit/VsTestRunner3/netcore/" className="AgenticPayments.UnitTests.Payments.CreatePaymentUseCaseTests" name="ExecuteAsync_ValidRequest_ReturnsPendingResponseWithRedirectUrl" />
    </UnitTest>
    <UnitTest name="AgenticPayments.UnitTests.Webhooks.ProcessProviderWebhookUseCaseTests.ExecuteAsync_InvalidRequest_ReturnsInvalidWithErrorsAndRecordsNothing" storage="c:\users\stiliyan\source\repos\apmplayground\tests\agenticpayments.unittests\bin\debug\net10.0\agenticpayments.unittests.dll" id="6e7a6a6e-9081-ab11-7802-30b742891b6a">
      <Execution id="ff81b3cf-3cfb-4fd5-aefb-b66407ceb404" />
      <TestMethod codeBase="C:\Users\Stiliyan\source\repos\ApmPlayground\tests\AgenticPayments.UnitTests\bin\Debug\net10.0\AgenticPayments.UnitTests.dll" adapterTypeName="executor://xunit/VsTestRunner3/netcore/" className="AgenticPayments.UnitTests.Webhooks.ProcessProviderWebhookUseCaseTests" name="ExecuteAsync_InvalidRequest_ReturnsInvalidWithErrorsAndRecordsNothing" />
    </UnitTest>
    <UnitTest name="AgenticPayments.UnitTests.Payments.CreatePaymentValidatorTests.Validate_ValidRequest_ReturnsNoErrors(method: Ideal, currency: Eur, amount: &quot;9999999999999999.99&quot;)" storage="c:\users\stiliyan\source\repos\apmplayground\tests\agenticpayments.unittests\bin\debug\net10.0\agenticpayments.unittests.dll" id="4cf6fa86-5761-be6a-b15e-0837d10b1a12">
      <Execution id="6b48163b-4a12-4f3d-8460-b1c81d50ff05" />
      <TestMethod codeBase="C:\Users\Stiliyan\source\repos\ApmPlayground\tests\AgenticPayments.UnitTests\bin\Debug\net10.0\AgenticPayments.UnitTests.dll" adapterTypeName="executor://xunit/VsTestRunner3/netcore/" className="AgenticPayments.UnitTests.Payments.CreatePaymentValidatorTests" name="Validate_ValidRequest_ReturnsNoErrors" />
    </UnitTest>
    <UnitTest name="AgenticPayments.UnitTests.Webhooks.ProviderWebhookValidatorTests.Validate_ValidRequest_ReturnsNoErrors(eventIdLength: 1, status: Failed)" storage="c:\users\stiliyan\source\repos\apmplayground\tests\agenticpayments.unittests\bin\debug\net10.0\agenticpayments.unittests.dll" id="80e12b02-d7cd-e9ce-3281-82217c12905d">
      <Execution id="689ba426-ccd6-4bed-b3d6-dd3865de16fc" />
      <TestMethod codeBase="C:\Users\Stiliyan\source\repos\ApmPlayground\tests\AgenticPayments.UnitTests\bin\Debug\net10.0\AgenticPayments.UnitTests.dll" adapterTypeName="executor://xunit/VsTestRunner3/netcore/" className="AgenticPayments.UnitTests.Webhooks.ProviderWebhookValidatorTests" name="Validate_ValidRequest_ReturnsNoErrors" />
    </UnitTest>
    <UnitTest name="AgenticPayments.UnitTests.Webhooks.ProviderWebhookValidatorTests.Validate_EventIdEmpty_ReturnsEventIdError(eventId: &quot;  &quot;)" storage="c:\users\stiliyan\source\repos\apmplayground\tests\agenticpayments.unittests\bin\debug\net10.0\agenticpayments.unittests.dll" id="33b465ed-0c2f-f8c5-0778-8399420847b3">
      <Execution id="5523339a-c32f-495f-b54c-c43174beb24e" />
      <TestMethod codeBase="C:\Users\Stiliyan\source\repos\ApmPlayground\tests\AgenticPayments.UnitTests\bin\Debug\net10.0\AgenticPayments.UnitTests.dll" adapterTypeName="executor://xunit/VsTestRunner3/netcore/" className="AgenticPayments.UnitTests.Webhooks.ProviderWebhookValidatorTests" name="Validate_EventIdEmpty_ReturnsEventIdError" />
    </UnitTest>
    <UnitTest name="AgenticPayments.UnitTests.Payments.CreatePaymentValidatorTests.Validate_AmountWithMoreThanTwoDecimals_ReturnsAmountError(amount: &quot;10.123&quot;)" storage="c:\users\stiliyan\source\repos\apmplayground\tests\agenticpayments.unittests\bin\debug\net10.0\agenticpayments.unittests.dll" id="2b1e3a9b-6b67-9a0a-a813-4ccc7e644885">
      <Execution id="3ff21940-05fd-4196-bdee-be9a2007e6fa" />
      <TestMethod codeBase="C:\Users\Stiliyan\source\repos\ApmPlayground\tests\AgenticPayments.UnitTests\bin\Debug\net10.0\AgenticPayments.UnitTests.dll" adapterTypeName="executor://xunit/VsTestRunner3/netcore/" className="AgenticPayments.UnitTests.Payments.CreatePaymentValidatorTests" name="Validate_AmountWithMoreThanTwoDecimals_ReturnsAmountError" />
    </UnitTest>
    <UnitTest name="AgenticPayments.UnitTests.Payments.CreatePaymentValidatorTests.Validate_AmountNotPositive_ReturnsAmountError(amount: &quot;0&quot;)" storage="c:\users\stiliyan\source\repos\apmplayground\tests\agenticpayments.unittests\bin\debug\net10.0\agenticpayments.unittests.dll" id="3c76e9c7-5b13-7482-e27f-cc9b5c5c2023">
      <Execution id="01a9b19f-4e37-45f4-b6a3-add2954bcf0d" />
      <TestMethod codeBase="C:\Users\Stiliyan\source\repos\ApmPlayground\tests\AgenticPayments.UnitTests\bin\Debug\net10.0\AgenticPayments.UnitTests.dll" adapterTypeName="executor://xunit/VsTestRunner3/netcore/" className="AgenticPayments.UnitTests.Payments.CreatePaymentValidatorTests" name="Validate_AmountNotPositive_ReturnsAmountError" />
    </UnitTest>
    <UnitTest name="AgenticPayments.UnitTests.Payments.CreatePaymentValidatorTests.Validate_AmountAboveMaximum_ReturnsAmountError" storage="c:\users\stiliyan\source\repos\apmplayground\tests\agenticpayments.unittests\bin\debug\net10.0\agenticpayments.unittests.dll" id="0b51ba8a-c577-480b-f67c-2022db63de28">
      <Execution id="118ae469-5885-4a4f-960b-f8260b4a14bc" />
      <TestMethod codeBase="C:\Users\Stiliyan\source\repos\ApmPlayground\tests\AgenticPayments.UnitTests\bin\Debug\net10.0\AgenticPayments.UnitTests.dll" adapterTypeName="executor://xunit/VsTestRunner3/netcore/" className="AgenticPayments.UnitTests.Payments.CreatePaymentValidatorTests" name="Validate_AmountAboveMaximum_ReturnsAmountError" />
    </UnitTest>
    <UnitTest name="AgenticPayments.UnitTests.Webhooks.ProviderWebhookValidatorTests.Validate_StatusUndefined_ReturnsStatusError" storage="c:\users\stiliyan\source\repos\apmplayground\tests\agenticpayments.unittests\bin\debug\net10.0\agenticpayments.unittests.dll" id="127e31d0-de38-8234-652b-78c32bab6fe5">
      <Execution id="89be9494-180d-432e-9335-63b0c08a3a93" />
      <TestMethod codeBase="C:\Users\Stiliyan\source\repos\ApmPlayground\tests\AgenticPayments.UnitTests\bin\Debug\net10.0\AgenticPayments.UnitTests.dll" adapterTypeName="executor://xunit/VsTestRunner3/netcore/" className="AgenticPayments.UnitTests.Webhooks.ProviderWebhookValidatorTests" name="Validate_StatusUndefined_ReturnsStatusError" />
    </UnitTest>
    <UnitTest name="AgenticPayments.UnitTests.Webhooks.ProviderWebhookValidatorTests.Validate_ValidRequest_ReturnsNoErrors(eventIdLength: 200, status: Succeeded)" storage="c:\users\stiliyan\source\repos\apmplayground\tests\agenticpayments.unittests\bin\debug\net10.0\agenticpayments.unittests.dll" id="a5477951-e9d7-1c2b-57c1-446d35b9150a">
      <Execution id="828f1bbb-b3d8-4f2f-a85f-767582366ddd" />
      <TestMethod codeBase="C:\Users\Stiliyan\source\repos\ApmPlayground\tests\AgenticPayments.UnitTests\bin\Debug\net10.0\AgenticPayments.UnitTests.dll" adapterTypeName="executor://xunit/VsTestRunner3/netcore/" className="AgenticPayments.UnitTests.Webhooks.ProviderWebhookValidatorTests" name="Validate_ValidRequest_ReturnsNoErrors" />
    </UnitTest>
    <UnitTest name="AgenticPayments.UnitTests.Payments.PaymentTests.ChangeStatus_SetsStatus(status: Failed)" storage="c:\users\stiliyan\source\repos\apmplayground\tests\agenticpayments.unittests\bin\debug\net10.0\agenticpayments.unittests.dll" id="2db775ea-26ba-aaba-170e-50f3de3aa2c1">
      <Execution id="4ef41848-b309-4fd3-999b-f898037dbac4" />
      <TestMethod codeBase="C:\Users\Stiliyan\source\repos\ApmPlayground\tests\AgenticPayments.UnitTests\bin\Debug\net10.0\AgenticPayments.UnitTests.dll" adapterTypeName="executor://xunit/VsTestRunner3/netcore/" className="AgenticPayments.UnitTests.Payments.PaymentTests" name="ChangeStatus_SetsStatus" />
    </UnitTest>
    <UnitTest name="AgenticPayments.UnitTests.Payments.CreatePaymentValidatorTests.Validate_UndefinedCurrency_ReturnsCurrencyError" storage="c:\users\stiliyan\source\repos\apmplayground\tests\agenticpayments.unittests\bin\debug\net10.0\agenticpayments.unittests.dll" id="524ccdee-2c95-ac5b-0939-5e3daab8d0b6">
      <Execution id="dd4d5e86-8460-4051-9fea-80a5e0a10f4c" />
      <TestMethod codeBase="C:\Users\Stiliyan\source\repos\ApmPlayground\tests\AgenticPayments.UnitTests\bin\Debug\net10.0\AgenticPayments.UnitTests.dll" adapterTypeName="executor://xunit/VsTestRunner3/netcore/" className="AgenticPayments.UnitTests.Payments.CreatePaymentValidatorTests" name="Validate_UndefinedCurrency_ReturnsCurrencyError" />
    </UnitTest>
    <UnitTest name="AgenticPayments.UnitTests.Payments.PaymentTests.ChangeStatus_SetsStatus(status: Succeeded)" storage="c:\users\stiliyan\source\repos\apmplayground\tests\agenticpayments.unittests\bin\debug\net10.0\agenticpayments.unittests.dll" id="7cbba0cb-f6c6-662c-3edb-1cde0c627e11">
      <Execution id="75827f74-d44f-4cf1-9749-af025684b3f6" />
      <TestMethod codeBase="C:\Users\Stiliyan\source\repos\ApmPlayground\tests\AgenticPayments.UnitTests\bin\Debug\net10.0\AgenticPayments.UnitTests.dll" adapterTypeName="executor://xunit/VsTestRunner3/netcore/" className="AgenticPayments.UnitTests.Payments.PaymentTests" name="ChangeStatus_SetsStatus" />
    </UnitTest>
    <UnitTest name="AgenticPayments.UnitTests.Payments.CreatePaymentUseCaseTests.ExecuteAsync_InvalidRequest_ReturnsErrorsAndDoesNotAddPayment" storage="c:\users\stiliyan\source\repos\apmplayground\tests\agenticpayments.unittests\bin\debug\net10.0\agenticpayments.unittests.dll" id="61960c5a-4309-9dc9-37d5-4d388ab043b1">
      <Execution id="f8616bd4-197b-4de0-865b-4fd52ab56522" />
      <TestMethod codeBase="C:\Users\Stiliyan\source\repos\ApmPlayground\tests\AgenticPayments.UnitTests\bin\Debug\net10.0\AgenticPayments.UnitTests.dll" adapterTypeName="executor://xunit/VsTestRunner3/netcore/" className="AgenticPayments.UnitTests.Payments.CreatePaymentUseCaseTests" name="ExecuteAsync_InvalidRequest_ReturnsErrorsAndDoesNotAddPayment" />
    </UnitTest>
    <UnitTest name="AgenticPayments.UnitTests.Payments.CreatePaymentValidatorTests.Validate_ValidRequest_ReturnsNoErrors(method: Klarna, currency: Gbp, amount: &quot;0.01&quot;)" storage="c:\users\stiliyan\source\repos\apmplayground\tests\agenticpayments.unittests\bin\debug\net10.0\agenticpayments.unittests.dll" id="cf47295f-5a0e-8996-d32e-7272a6ef86d6">
      <Execution id="cb3a8fd7-aa13-4d2c-a0ff-1946304d6d30" />
      <TestMethod codeBase="C:\Users\Stiliyan\source\repos\ApmPlayground\tests\AgenticPayments.UnitTests\bin\Debug\net10.0\AgenticPayments.UnitTests.dll" adapterTypeName="executor://xunit/VsTestRunner3/netcore/" className="AgenticPayments.UnitTests.Payments.CreatePaymentValidatorTests" name="Validate_ValidRequest_ReturnsNoErrors" />
    </UnitTest>
    <UnitTest name="AgenticPayments.UnitTests.Payments.CreatePaymentValidatorTests.Validate_AmountNotPositive_ReturnsAmountError(amount: &quot;-100&quot;)" storage="c:\users\stiliyan\source\repos\apmplayground\tests\agenticpayments.unittests\bin\debug\net10.0\agenticpayments.unittests.dll" id="cf114dba-b604-c8ae-31de-2a315c634307">
      <Execution id="fbe60f1e-321c-4f25-ad40-67835a64d8a8" />
      <TestMethod codeBase="C:\Users\Stiliyan\source\repos\ApmPlayground\tests\AgenticPayments.UnitTests\bin\Debug\net10.0\AgenticPayments.UnitTests.dll" adapterTypeName="executor://xunit/VsTestRunner3/netcore/" className="AgenticPayments.UnitTests.Payments.CreatePaymentValidatorTests" name="Validate_AmountNotPositive_ReturnsAmountError" />
    </UnitTest>
    <UnitTest name="AgenticPayments.UnitTests.Payments.PaymentTests.Constructor_SetsPendingStatusAndNewId" storage="c:\users\stiliyan\source\repos\apmplayground\tests\agenticpayments.unittests\bin\debug\net10.0\agenticpayments.unittests.dll" id="07f163be-b896-3f83-398f-835b0658f5b4">
      <Execution id="1d195f77-64ba-4124-95ff-9151addd4b66" />
      <TestMethod codeBase="C:\Users\Stiliyan\source\repos\ApmPlayground\tests\AgenticPayments.UnitTests\bin\Debug\net10.0\AgenticPayments.UnitTests.dll" adapterTypeName="executor://xunit/VsTestRunner3/netcore/" className="AgenticPayments.UnitTests.Payments.PaymentTests" name="Constructor_SetsPendingStatusAndNewId" />
    </UnitTest>
    <UnitTest name="AgenticPayments.UnitTests.Webhooks.ProviderWebhookValidatorTests.Validate_EventIdEmpty_ReturnsEventIdError(eventId: &quot;&quot;)" storage="c:\users\stiliyan\source\repos\apmplayground\tests\agenticpayments.unittests\bin\debug\net10.0\agenticpayments.unittests.dll" id="947d336e-7476-f4ef-5925-18eb49e06176">
      <Execution id="004e308b-13db-4006-8e3e-5016be7f4132" />
      <TestMethod codeBase="C:\Users\Stiliyan\source\repos\ApmPlayground\tests\AgenticPayments.UnitTests\bin\Debug\net10.0\AgenticPayments.UnitTests.dll" adapterTypeName="executor://xunit/VsTestRunner3/netcore/" className="AgenticPayments.UnitTests.Webhooks.ProviderWebhookValidatorTests" name="Validate_EventIdEmpty_ReturnsEventIdError" />
    </UnitTest>
    <UnitTest name="AgenticPayments.UnitTests.Webhooks.ProcessProviderWebhookUseCaseTests.ExecuteAsync_NewEvent_ChangesPaymentStatusAndRecordsEvent(status: Failed, expectedStatus: Failed)" storage="c:\users\stiliyan\source\repos\apmplayground\tests\agenticpayments.unittests\bin\debug\net10.0\agenticpayments.unittests.dll" id="02c65772-ead7-8568-580e-c081deaa67a2">
      <Execution id="f9d10491-da13-4291-ab77-70b953db74d8" />
      <TestMethod codeBase="C:\Users\Stiliyan\source\repos\ApmPlayground\tests\AgenticPayments.UnitTests\bin\Debug\net10.0\AgenticPayments.UnitTests.dll" adapterTypeName="executor://xunit/VsTestRunner3/netcore/" className="AgenticPayments.UnitTests.Webhooks.ProcessProviderWebhookUseCaseTests" name="ExecuteAsync_NewEvent_ChangesPaymentStatusAndRecordsEvent" />
    </UnitTest>
    <UnitTest name="AgenticPayments.UnitTests.Payments.CreatePaymentUseCaseTests.ExecuteAsync_ValidRequest_AddsPaymentToRepository" storage="c:\users\stiliyan\source\repos\apmplayground\tests\agenticpayments.unittests\bin\debug\net10.0\agenticpayments.unittests.dll" id="6343d975-bde6-8242-285e-9bf03e0c4dcb">
      <Execution id="bfda3d16-e112-4608-9840-bd353a98c695" />
      <TestMethod codeBase="C:\Users\Stiliyan\source\repos\ApmPlayground\tests\AgenticPayments.UnitTests\bin\Debug\net10.0\AgenticPayments.UnitTests.dll" adapterTypeName="executor://xunit/VsTestRunner3/netcore/" className="AgenticPayments.UnitTests.Payments.CreatePaymentUseCaseTests" name="ExecuteAsync_ValidRequest_AddsPaymentToRepository" />
    </UnitTest>
    <UnitTest name="AgenticPayments.UnitTests.Payments.CreatePaymentUseCaseTests.ExecuteAsync_ValidRequest_ReturnsPendingResponseWithRedirectUrl(method: Klarna, segment: &quot;klarna&quot;)" storage="c:\users\stiliyan\source\repos\apmplayground\tests\agenticpayments.unittests\bin\debug\net10.0\agenticpayments.unittests.dll" id="04ff986d-135e-63a5-8eb4-780972a5f1ad">
      <Execution id="478e48c1-b094-471b-baef-79b916655143" />
      <TestMethod codeBase="C:\Users\Stiliyan\source\repos\ApmPlayground\tests\AgenticPayments.UnitTests\bin\Debug\net10.0\AgenticPayments.UnitTests.dll" adapterTypeName="executor://xunit/VsTestRunner3/netcore/" className="AgenticPayments.UnitTests.Payments.CreatePaymentUseCaseTests" name="ExecuteAsync_ValidRequest_ReturnsPendingResponseWithRedirectUrl" />
    </UnitTest>
    <UnitTest name="AgenticPayments.UnitTests.Webhooks.ProcessProviderWebhookUseCaseTests.ExecuteAsync_RecordRejected_ReturnsDuplicate" storage="c:\users\stiliyan\source\repos\apmplayground\tests\agenticpayments.unittests\bin\debug\net10.0\agenticpayments.unittests.dll" id="bc353487-cb9a-8fc4-4fb4-c39b13805fda">
      <Execution id="a04b7346-b506-4628-90ff-bd37e88ae600" />
      <TestMethod codeBase="C:\Users\Stiliyan\source\repos\ApmPlayground\tests\AgenticPayments.UnitTests\bin\Debug\net10.0\AgenticPayments.UnitTests.dll" adapterTypeName="executor://xunit/VsTestRunner3/netcore/" className="AgenticPayments.UnitTests.Webhooks.ProcessProviderWebhookUseCaseTests" name="ExecuteAsync_RecordRejected_ReturnsDuplicate" />
    </UnitTest>
    <UnitTest name="AgenticPayments.UnitTests.Webhooks.ProcessProviderWebhookUseCaseTests.ExecuteAsync_UnknownPayment_ReturnsPaymentNotFoundAndRecordsNothing" storage="c:\users\stiliyan\source\repos\apmplayground\tests\agenticpayments.unittests\bin\debug\net10.0\agenticpayments.unittests.dll" id="6427a836-68b9-eff0-c09c-f60bcab94643">
      <Execution id="b3723872-c9fb-4d78-9c7c-1fd7515f8dcb" />
      <TestMethod codeBase="C:\Users\Stiliyan\source\repos\ApmPlayground\tests\AgenticPayments.UnitTests\bin\Debug\net10.0\AgenticPayments.UnitTests.dll" adapterTypeName="executor://xunit/VsTestRunner3/netcore/" className="AgenticPayments.UnitTests.Webhooks.ProcessProviderWebhookUseCaseTests" name="ExecuteAsync_UnknownPayment_ReturnsPaymentNotFoundAndRecordsNothing" />
    </UnitTest>
  </TestDefinitions>
  <TestEntries>
    <TestEntry testId="2b1e3a9b-6b67-9a0a-a813-4ccc7e644885" executionId="3ff21940-05fd-4196-bdee-be9a2007e6fa" testListId="8c84fa94-04c1-424b-9868-57a2d4851a1d" />
    <TestEntry testId="bc353487-cb9a-8fc4-4fb4-c39b13805fda" executionId="a04b7346-b506-4628-90ff-bd37e88ae600" testListId="8c84fa94-04c1-424b-9868-57a2d4851a1d" />
    <TestEntry testId="6e7a6a6e-9081-ab11-7802-30b742891b6a" executionId="ff81b3cf-3cfb-4fd5-aefb-b66407ceb404" testListId="8c84fa94-04c1-424b-9868-57a2d4851a1d" />
    <TestEntry testId="48944996-e3e9-19b9-4358-6e41cd41a8e3" executionId="99ecd5e5-1a26-43c2-a8dd-f48cb227dbd4" testListId="8c84fa94-04c1-424b-9868-57a2d4851a1d" />
    <TestEntry testId="33b465ed-0c2f-f8c5-0778-8399420847b3" executionId="5523339a-c32f-495f-b54c-c43174beb24e" testListId="8c84fa94-04c1-424b-9868-57a2d4851a1d" />
    <TestEntry testId="6343d975-bde6-8242-285e-9bf03e0c4dcb" executionId="bfda3d16-e112-4608-9840-bd353a98c695" testListId="8c84fa94-04c1-424b-9868-57a2d4851a1d" />
    <TestEntry testId="61960c5a-4309-9dc9-37d5-4d388ab043b1" executionId="f8616bd4-197b-4de0-865b-4fd52ab56522" testListId="8c84fa94-04c1-424b-9868-57a2d4851a1d" />
    <TestEntry testId="764054f0-12d8-2843-2236-1b98f8b192ea" executionId="42aec549-fd17-4950-a679-148689cda54b" testListId="8c84fa94-04c1-424b-9868-57a2d4851a1d" />
    <TestEntry testId="ae0f535e-942d-2773-8427-9ea6253d6c40" executionId="fa125dbc-81cc-4b4e-9506-c85c39f76d36" testListId="8c84fa94-04c1-424b-9868-57a2d4851a1d" />
    <TestEntry testId="cf47295f-5a0e-8996-d32e-7272a6ef86d6" executionId="cb3a8fd7-aa13-4d2c-a0ff-1946304d6d30" testListId="8c84fa94-04c1-424b-9868-57a2d4851a1d" />
    <TestEntry testId="4cf6fa86-5761-be6a-b15e-0837d10b1a12" executionId="6b48163b-4a12-4f3d-8460-b1c81d50ff05" testListId="8c84fa94-04c1-424b-9868-57a2d4851a1d" />
    <TestEntry testId="7cbba0cb-f6c6-662c-3edb-1cde0c627e11" executionId="75827f74-d44f-4cf1-9749-af025684b3f6" testListId="8c84fa94-04c1-424b-9868-57a2d4851a1d" />
    <TestEntry testId="3c76e9c7-5b13-7482-e27f-cc9b5c5c2023" executionId="01a9b19f-4e37-45f4-b6a3-add2954bcf0d" testListId="8c84fa94-04c1-424b-9868-57a2d4851a1d" />
    <TestEntry testId="effd692c-cb6b-a9c1-58e0-9c5ca387c4a1" executionId="2720fb29-fe0a-48c6-b0b3-585e721c8617" testListId="8c84fa94-04c1-424b-9868-57a2d4851a1d" />
    <TestEntry testId="4d9516d8-5c5e-fdf0-eae6-09bb40aa7312" executionId="ccaf9440-a6be-43a8-a93d-55a9b17cec59" testListId="8c84fa94-04c1-424b-9868-57a2d4851a1d" />
    <TestEntry testId="cf114dba-b604-c8ae-31de-2a315c634307" executionId="fbe60f1e-321c-4f25-ad40-67835a64d8a8" testListId="8c84fa94-04c1-424b-9868-57a2d4851a1d" />
    <TestEntry testId="0b51ba8a-c577-480b-f67c-2022db63de28" executionId="118ae469-5885-4a4f-960b-f8260b4a14bc" testListId="8c84fa94-04c1-424b-9868-57a2d4851a1d" />
    <TestEntry testId="2db775ea-26ba-aaba-170e-50f3de3aa2c1" executionId="4ef41848-b309-4fd3-999b-f898037dbac4" testListId="8c84fa94-04c1-424b-9868-57a2d4851a1d" />
    <TestEntry testId="947d336e-7476-f4ef-5925-18eb49e06176" executionId="004e308b-13db-4006-8e3e-5016be7f4132" testListId="8c84fa94-04c1-424b-9868-57a2d4851a1d" />
    <TestEntry testId="0f8b397b-811c-0b9d-2538-f5075b3bc597" executionId="639f44db-0cef-4175-a202-7b330ae5f953" testListId="8c84fa94-04c1-424b-9868-57a2d4851a1d" />
    <TestEntry testId="02c65772-ead7-8568-580e-c081deaa67a2" executionId="f9d10491-da13-4291-ab77-70b953db74d8" testListId="8c84fa94-04c1-424b-9868-57a2d4851a1d" />
    <TestEntry testId="07f163be-b896-3f83-398f-835b0658f5b4" executionId="1d195f77-64ba-4124-95ff-9151addd4b66" testListId="8c84fa94-04c1-424b-9868-57a2d4851a1d" />
    <TestEntry testId="30c4696a-6323-8ce4-b4b8-663918bb0cdf" executionId="6d0831e0-916a-4c0c-85cb-91c0a74c7b65" testListId="8c84fa94-04c1-424b-9868-57a2d4851a1d" />
    <TestEntry testId="c75df9f3-b08a-9475-5d57-905aafb83e62" executionId="a0ba3678-778b-4eef-8dbe-868c5a4e9955" testListId="8c84fa94-04c1-424b-9868-57a2d4851a1d" />
    <TestEntry testId="6427a836-68b9-eff0-c09c-f60bcab94643" executionId="b3723872-c9fb-4d78-9c7c-1fd7515f8dcb" testListId="8c84fa94-04c1-424b-9868-57a2d4851a1d" />
    <TestEntry testId="45de6210-98e7-d0c2-a5ce-3e88d487e339" executionId="b5c1f955-09c4-4d46-b4df-69c910ae0737" testListId="8c84fa94-04c1-424b-9868-57a2d4851a1d" />
    <TestEntry testId="127e31d0-de38-8234-652b-78c32bab6fe5" executionId="89be9494-180d-432e-9335-63b0c08a3a93" testListId="8c84fa94-04c1-424b-9868-57a2d4851a1d" />
    <TestEntry testId="a5477951-e9d7-1c2b-57c1-446d35b9150a" executionId="828f1bbb-b3d8-4f2f-a85f-767582366ddd" testListId="8c84fa94-04c1-424b-9868-57a2d4851a1d" />
    <TestEntry testId="b90b617b-2f7a-13a9-38b2-dda033575d1e" executionId="a13f73cc-f161-470b-8686-6b6fefa7c698" testListId="8c84fa94-04c1-424b-9868-57a2d4851a1d" />
    <TestEntry testId="524ccdee-2c95-ac5b-0939-5e3daab8d0b6" executionId="dd4d5e86-8460-4051-9fea-80a5e0a10f4c" testListId="8c84fa94-04c1-424b-9868-57a2d4851a1d" />
    <TestEntry testId="a30cf54e-b4ea-a292-5e49-5d84d6e022ec" executionId="6d99fef4-6660-4033-b39a-eb9d64a1a4f1" testListId="8c84fa94-04c1-424b-9868-57a2d4851a1d" />
    <TestEntry testId="80e12b02-d7cd-e9ce-3281-82217c12905d" executionId="689ba426-ccd6-4bed-b3d6-dd3865de16fc" testListId="8c84fa94-04c1-424b-9868-57a2d4851a1d" />
    <TestEntry testId="04ff986d-135e-63a5-8eb4-780972a5f1ad" executionId="478e48c1-b094-471b-baef-79b916655143" testListId="8c84fa94-04c1-424b-9868-57a2d4851a1d" />
    <TestEntry testId="97124a1f-9257-1388-2be3-1b7fc611d8c5" executionId="727e3b0e-6674-4e2c-8f21-d73fe35c0431" testListId="8c84fa94-04c1-424b-9868-57a2d4851a1d" />
    <TestEntry testId="01c49840-ec82-ca8e-3d0e-77f5a468e7ca" executionId="bb23f28b-1bff-4e83-a285-e14894b0bae1" testListId="8c84fa94-04c1-424b-9868-57a2d4851a1d" />
    <TestEntry testId="cf1de8cc-799b-e436-b485-bec0eb984c92" executionId="452e3038-0f66-43dd-8275-238eddbe4c89" testListId="8c84fa94-04c1-424b-9868-57a2d4851a1d" />
  </TestEntries>
  <TestLists>
    <TestList name="Results Not in a List" id="8c84fa94-04c1-424b-9868-57a2d4851a1d" />
    <TestList name="All Loaded Results" id="19431567-8539-422a-85d7-44ee4e166bda" />
  </TestLists>
  <ResultSummary outcome="Completed">
    <Counters total="36" executed="36" passed="36" failed="0" error="0" timeout="0" aborted="0" inconclusive="0" passedButRunAborted="0" notRunnable="0" notExecuted="0" disconnected="0" warning="0" completed="0" inProgress="0" pending="0" />
    <Output>
      <StdOut>[xUnit.net 00:00:00.00] xUnit.net VSTest Adapter v3.1.4+50e68bbb8b (64-bit .NET 10.0.11)&#xD;
[xUnit.net 00:00:00.15]   Discovering: AgenticPayments.UnitTests&#xD;
[xUnit.net 00:00:00.26]   Discovered:  AgenticPayments.UnitTests&#xD;
[xUnit.net 00:00:00.31]   Starting:    AgenticPayments.UnitTests&#xD;
[xUnit.net 00:00:00.58]   Finished:    AgenticPayments.UnitTests&#xD;
</StdOut>
    </Output>
  </ResultSummary>
</TestRun>