<?xml version="1.0" encoding="utf-8"?>
<TestRun id="e3bc70cd-f44b-4b50-90be-6d2efea10092" name="Stiliyan@DESKTOP-NPVESJH 2026-10-02 12:41:13" runUser="DESKTOP-NPVESJH\Stiliyan" xmlns="http://microsoft.com/schemas/VisualStudio/TeamTest/2010">
  <Times creation="2026-10-02T12:41:13.0235352+03:00" queuing="2026-10-02T12:41:13.0235356+03:00" start="2026-10-02T12:41:10.8786007+03:00" finish="2026-10-02T12:41:13.3712811+03:00" />
  <TestSettings name="default" id="d1348144-e954-416a-a3eb-0fb708c59c1d">
    <Deployment runDeploymentRoot="Stiliyan_DESKTOP-NPVESJH_2026-10-02_12_41_13" />
  </TestSettings>
  <Results>
    <UnitTestResult executionId="f95893d9-5bd7-4fc6-989c-a8efb27cde42" testId="6d183159-50f5-2b6a-779f-eafceca53b10" testName="AgenticPayments.UnitTests.Webhooks.ProcessProviderWebhookUseCaseTests.ExecuteAsync_TerminalPayment_ReturnsIgnoredKeepsStatusAndRecordsEvent(terminalStatus: Failed, newStatus: Failed)" computerName="DESKTOP-NPVESJH" duration="00:00:00.0004810" startTime="2026-10-02T12:41:12.9690066+03:00" endTime="2026-10-02T12:41:12.9691957+03:00" testType="13cdc9d9-ddb5-4fa4-a97d-d965ccfc6d4b" outcome="Passed" testListId="8c84fa94-04c1-424b-9868-57a2d4851a1d" relativeResultsDirectory="f95893d9-5bd7-4fc6-989c-a8efb27cde42" />
    <UnitTestResult executionId="9af34189-2612-4d4d-8239-60d0fe314736" testId="4060340c-852a-9061-b584-39697158d5c0" testName="AgenticPayments.UnitTests.Payments.PaymentTests.TryChangeStatus_FromTerminal_ReturnsFalseAndKeepsStatus(terminalStatus: Succeeded, newStatus: Succeeded)" computerName="DESKTOP-NPVESJH" duration="00:00:00.0002709" startTime="2026-10-02T12:41:12.8977319+03:00" endTime="2026-10-02T12:41:12.8978623+03:00" testType="13cdc9d9-ddb5-4fa4-a97d-d965ccfc6d4b" outcome="Passed" testListId="8c84fa94-04c1-424b-9868-57a2d4851a1d" relativeResultsDirectory="9af34189-2612-4d4d-8239-60d0fe314736" />
    <UnitTestResult executionId="e8ab4a5c-57e7-42e6-9b33-2d395540a47a" testId="ba5c2a2c-17a7-27ff-63b8-1a833d8d0f3e" testName="AgenticPayments.UnitTests.Webhooks.ProcessProviderWebhookUseCaseTests.ExecuteAsync_RecordReturnsPaymentChangedEveryTime_ThrowsInvalidOperationException" computerName="DESKTOP-NPVESJH" duration="00:00:00.0076428" startTime="2026-10-02T12:41:13.0381540+03:00" endTime="2026-10-02T12:41:13.0427869+03:00" testType="13cdc9d9-ddb5-4fa4-a97d-d965ccfc6d4b" outcome="Passed" testListId="8c84fa94-04c1-424b-9868-57a2d4851a1d" relativeResultsDirectory="e8ab4a5c-57e7-42e6-9b33-2d395540a47a" />
    <UnitTestResult executionId="f4fe6f01-22bd-4bb9-9d23-4cd0feb7a980" testId="3b44baa1-b769-7b47-40f4-69a9d8377c2e" testName="AgenticPayments.UnitTests.Webhooks.ProcessProviderWebhookUseCaseTests.ExecuteAsync_TerminalPayment_ReturnsIgnoredKeepsStatusAndRecordsEvent(terminalStatus: Failed, newStatus: Succeeded)" computerName="DESKTOP-NPVESJH" duration="00:00:00.0005249" startTime="2026-10-02T12:41:12.9667528+03:00" endTime="2026-10-02T12:41:12.9676912+03:00" testType="13cdc9d9-ddb5-4fa4-a97d-d965ccfc6d4b" outcome="Passed" testListId="8c84fa94-04c1-424b-9868-57a2d4851a1d" relativeResultsDirectory="f4fe6f01-22bd-4bb9-9d23-4cd0feb7a980" />
    <UnitTestResult executionId="0d3e7fe9-6cd0-483c-b55a-bbfc0c35ad3c" testId="127e31d0-de38-8234-652b-78c32bab6fe5" testName="AgenticPayments.UnitTests.Webhooks.ProviderWebhookValidatorTests.Validate_StatusUndefined_ReturnsStatusError" computerName="DESKTOP-NPVESJH" duration="00:00:00.0030680" startTime="2026-10-02T12:41:12.9363518+03:00" endTime="2026-10-02T12:41:12.9378872+03:00" testType="13cdc9d9-ddb5-4fa4-a97d-d965ccfc6d4b" outcome="Passed" testListId="8c84fa94-04c1-424b-9868-57a2d4851a1d" relativeResultsDirectory="0d3e7fe9-6cd0-483c-b55a-bbfc0c35ad3c" />
    <UnitTestResult executionId="6080a100-eee4-40f2-b39c-35583e63629d" testId="646e6c5e-aa7c-d8c0-0da3-b91c162c22e3" testName="AgenticPayments.UnitTests.Payments.PaymentTests.TryChangeStatus_FromPending_SetsStatusAndReturnsTrue(status: Succeeded)" computerName="DESKTOP-NPVESJH" duration="00:00:00.0916706" startTime="2026-10-02T12:41:12.6473991+03:00" endTime="2026-10-02T12:41:12.7776413+03:00" testType="13cdc9d9-ddb5-4fa4-a97d-d965ccfc6d4b" outcome="Passed" testListId="8c84fa94-04c1-424b-9868-57a2d4851a1d" relativeResultsDirectory="6080a100-eee4-40f2-b39c-35583e63629d" />
    <UnitTestResult executionId="e5296c33-e95d-42c8-b07d-24596a0b02fc" testId="a5477951-e9d7-1c2b-57c1-446d35b9150a" testName="AgenticPayments.UnitTests.Webhooks.ProviderWebhookValidatorTests.Validate_ValidRequest_ReturnsNoErrors(eventIdLength: 200, status: Succeeded)" computerName="DESKTOP-NPVESJH" duration="00:00:00.0010113" startTime="2026-10-02T12:41:12.9313065+03:00" endTime="2026-10-02T12:41:12.9327867+03:00" testType="13cdc9d9-ddb5-4fa4-a97d-d965ccfc6d4b" outcome="Passed" testListId="8c84fa94-04c1-424b-9868-57a2d4851a1d" relativeResultsDirectory="e5296c33-e95d-42c8-b07d-24596a0b02fc" />
    <UnitTestResult executionId="28dca816-0a68-4651-8a38-ee720f96a3e9" testId="976a07ec-2f65-ff20-d471-bebce8b4286d" testName="AgenticPayments.UnitTests.Webhooks.ProcessProviderWebhookUseCaseTests.ExecuteAsync_TerminalPayment_ReturnsIgnoredKeepsStatusAndRecordsEvent(terminalStatus: Succeeded, newStatus: Failed)" computerName="DESKTOP-NPVESJH" duration="00:00:00.0014070" startTime="2026-10-02T12:41:12.9631748+03:00" endTime="2026-10-02T12:41:12.9662170+03:00" testType="13cdc9d9-ddb5-4fa4-a97d-d965ccfc6d4b" outcome="Passed" testListId="8c84fa94-04c1-424b-9868-57a2d4851a1d" relativeResultsDirectory="28dca816-0a68-4651-8a38-ee720f96a3e9" />
    <UnitTestResult executionId="59760af2-836c-4f25-a28f-1d09f8f67609" testId="45de6210-98e7-d0c2-a5ce-3e88d487e339" testName="AgenticPayments.UnitTests.Payments.CreatePaymentValidatorTests.Validate_AmountNotPositive_ReturnsAmountError(amount: &quot;-0.01&quot;)" computerName="DESKTOP-NPVESJH" duration="00:00:00.0003523" startTime="2026-10-02T12:41:12.9183271+03:00" endTime="2026-10-02T12:41:12.9187756+03:00" testType="13cdc9d9-ddb5-4fa4-a97d-d965ccfc6d4b" outcome="Passed" testListId="8c84fa94-04c1-424b-9868-57a2d4851a1d" relativeResultsDirectory="59760af2-836c-4f25-a28f-1d09f8f67609" />
    <UnitTestResult executionId="41b1bd0d-91f5-41fb-ae9e-db5cf5646090" testId="48944996-e3e9-19b9-4358-6e41cd41a8e3" testName="AgenticPayments.UnitTests.Payments.CreatePaymentValidatorTests.Validate_AmountWithMoreThanTwoDecimals_ReturnsAmountError(amount: &quot;0.001&quot;)" computerName="DESKTOP-NPVESJH" duration="00:00:00.0005682" startTime="2026-10-02T12:41:12.9326686+03:00" endTime="2026-10-02T12:41:12.9349612+03:00" testType="13cdc9d9-ddb5-4fa4-a97d-d965ccfc6d4b" outcome="Passed" testListId="8c84fa94-04c1-424b-9868-57a2d4851a1d" relativeResultsDirectory="41b1bd0d-91f5-41fb-ae9e-db5cf5646090" />
    <UnitTestResult executionId="8f43da60-39a8-43a5-be0f-c433b3cf79bc" testId="6343d975-bde6-8242-285e-9bf03e0c4dcb" testName="AgenticPayments.UnitTests.Payments.CreatePaymentUseCaseTests.ExecuteAsync_ValidRequest_AddsPaymentToRepository" computerName="DESKTOP-NPVESJH" duration="00:00:00.0033876" startTime="2026-10-02T12:41:12.9780545+03:00" endTime="2026-10-02T12:41:12.9785376+03:00" testType="13cdc9d9-ddb5-4fa4-a97d-d965ccfc6d4b" outcome="Passed" testListId="8c84fa94-04c1-424b-9868-57a2d4851a1d" relativeResultsDirectory="8f43da60-39a8-43a5-be0f-c433b3cf79bc" />
    <UnitTestResult executionId="a22e6255-7398-4fe1-8411-29db7846c70e" testId="80e12b02-d7cd-e9ce-3281-82217c12905d" testName="AgenticPayments.UnitTests.Webhooks.ProviderWebhookValidatorTests.Validate_ValidRequest_ReturnsNoErrors(eventIdLength: 1, status: Failed)" computerName="DESKTOP-NPVESJH" duration="00:00:00.0005903" startTime="2026-10-02T12:41:12.9348596+03:00" endTime="2026-10-02T12:41:12.9354525+03:00" testType="13cdc9d9-ddb5-4fa4-a97d-d965ccfc6d4b" outcome="Passed" testListId="8c84fa94-04c1-424b-9868-57a2d4851a1d" relativeResultsDirectory="a22e6255-7398-4fe1-8411-29db7846c70e" />
    <UnitTestResult executionId="9e67b717-a7be-46c9-a820-0290bb452267" testId="cf47295f-5a0e-8996-d32e-7272a6ef86d6" testName="AgenticPayments.UnitTests.Payments.CreatePaymentValidatorTests.Validate_ValidRequest_ReturnsNoErrors(method: Klarna, currency: Gbp, amount: &quot;0.01&quot;)" computerName="DESKTOP-NPVESJH" duration="00:00:00.0040795" startTime="2026-10-02T12:41:12.9194417+03:00" endTime="2026-10-02T12:41:12.9209166+03:00" testType="13cdc9d9-ddb5-4fa4-a97d-d965ccfc6d4b" outcome="Passed" testListId="8c84fa94-04c1-424b-9868-57a2d4851a1d" relativeResultsDirectory="9e67b717-a7be-46c9-a820-0290bb452267" />
    <UnitTestResult executionId="709edf78-98a1-4010-975a-105cacd145a7" testId="9e55efdf-a8ad-33d1-3168-f406bd207cfb" testName="AgenticPayments.UnitTests.Payments.PaymentTests.TryChangeStatus_FromPending_SetsStatusAndReturnsTrue(status: Failed)" computerName="DESKTOP-NPVESJH" duration="00:00:00.0009828" startTime="2026-10-02T12:41:12.7998500+03:00" endTime="2026-10-02T12:41:12.8041378+03:00" testType="13cdc9d9-ddb5-4fa4-a97d-d965ccfc6d4b" outcome="Passed" testListId="8c84fa94-04c1-424b-9868-57a2d4851a1d" relativeResultsDirectory="709edf78-98a1-4010-975a-105cacd145a7" />
    <UnitTestResult executionId="19f77a39-5e02-4f83-9477-0150f9878265" testId="97eb0b03-54a5-4fa3-d2d2-dae3e27bcf7a" testName="AgenticPayments.UnitTests.Webhooks.ProcessProviderWebhookUseCaseTests.ExecuteAsync_KnownEventIdDifferentPayload_ReturnsDuplicatePayloadMismatchAndChangesNothing(difference: &quot;other paymentId&quot;)" computerName="DESKTOP-NPVESJH" duration="00:00:00.0014007" startTime="2026-10-02T12:41:12.9751277+03:00" endTime="2026-10-02T12:41:12.9755375+03:00" testType="13cdc9d9-ddb5-4fa4-a97d-d965ccfc6d4b" outcome="Passed" testListId="8c84fa94-04c1-424b-9868-57a2d4851a1d" relativeResultsDirectory="19f77a39-5e02-4f83-9477-0150f9878265" />
    <UnitTestResult executionId="b1eac75d-9192-421f-9255-2e9729605e4d" testId="9f52dfe8-bd6e-29dd-33ba-f91f79dc2318" testName="AgenticPayments.UnitTests.Webhooks.ProcessProviderWebhookUseCaseTests.ExecuteAsync_TerminalPayment_ReturnsIgnoredKeepsStatusAndRecordsEvent(terminalStatus: Succeeded, newStatus: Succeeded)" computerName="DESKTOP-NPVESJH" duration="00:00:00.1583173" startTime="2026-10-02T12:41:12.6433436+03:00" endTime="2026-10-02T12:41:12.9622496+03:00" testType="13cdc9d9-ddb5-4fa4-a97d-d965ccfc6d4b" outcome="Passed" testListId="8c84fa94-04c1-424b-9868-57a2d4851a1d" relativeResultsDirectory="b1eac75d-9192-421f-9255-2e9729605e4d" />
    <UnitTestResult executionId="6fb155dd-58d1-403c-b3a3-4ffeab2ae0d8" testId="cf1de8cc-799b-e436-b485-bec0eb984c92" testName="AgenticPayments.UnitTests.Webhooks.ProviderWebhookValidatorTests.Validate_PaymentIdEmpty_ReturnsPaymentIdError" computerName="DESKTOP-NPVESJH" duration="00:00:00.0033807" startTime="2026-10-02T12:41:12.9193827+03:00" endTime="2026-10-02T12:41:12.9197750+03:00" testType="13cdc9d9-ddb5-4fa4-a97d-d965ccfc6d4b" outcome="Passed" testListId="8c84fa94-04c1-424b-9868-57a2d4851a1d" relativeResultsDirectory="6fb155dd-58d1-403c-b3a3-4ffeab2ae0d8" />
    <UnitTestResult executionId="3180b662-847c-4954-bfd0-13267c8017a0" testId="8a3b1a6c-b2e9-b046-0a15-d954462184b8" testName="AgenticPayments.UnitTests.Webhooks.ProcessProviderWebhookUseCaseTests.ExecuteAsync_PendingPayment_AppliesStatusAndRecordsEventWithHash(status: Failed, expectedStatus: Failed)" computerName="DESKTOP-NPVESJH" duration="00:00:00.0013324" startTime="2026-10-02T12:41:12.9816281+03:00" endTime="2026-10-02T12:41:12.9817796+03:00" testType="13cdc9d9-ddb5-4fa4-a97d-d965ccfc6d4b" outcome="Passed" testListId="8c84fa94-04c1-424b-9868-57a2d4851a1d" relativeResultsDirectory="3180b662-847c-4954-bfd0-13267c8017a0" />
    <UnitTestResult executionId="c06caaac-627b-4364-a4a8-ff8a52aa2797" testId="61960c5a-4309-9dc9-37d5-4d388ab043b1" testName="AgenticPayments.UnitTests.Payments.CreatePaymentUseCaseTests.ExecuteAsync_InvalidRequest_ReturnsErrorsAndDoesNotAddPayment" computerName="DESKTOP-NPVESJH" duration="00:00:00.0203662" startTime="2026-10-02T12:41:12.9377155+03:00" endTime="2026-10-02T12:41:12.9761351+03:00" testType="13cdc9d9-ddb5-4fa4-a97d-d965ccfc6d4b" outcome="Passed" testListId="8c84fa94-04c1-424b-9868-57a2d4851a1d" relativeResultsDirectory="c06caaac-627b-4364-a4a8-ff8a52aa2797" />
    <UnitTestResult executionId="70ab7c16-d800-4e04-9343-37779b5937ee" testId="a3654204-b31f-ba71-2e68-105ba7cb4abc" testName="AgenticPayments.UnitTests.Webhooks.ProcessProviderWebhookUseCaseTests.ExecuteAsync_KnownEventIdWithoutHash_ReturnsDuplicate(requestStatus: Succeeded)" computerName="DESKTOP-NPVESJH" duration="00:00:00.0074295" startTime="2026-10-02T12:41:12.9822033+03:00" endTime="2026-10-02T12:41:12.9823030+03:00" testType="13cdc9d9-ddb5-4fa4-a97d-d965ccfc6d4b" outcome="Passed" testListId="8c84fa94-04c1-424b-9868-57a2d4851a1d" relativeResultsDirectory="70ab7c16-d800-4e04-9343-37779b5937ee" />
    <UnitTestResult executionId="7a237cf5-4f35-4496-a3ed-df94488f0b6b" testId="04ff986d-135e-63a5-8eb4-780972a5f1ad" testName="AgenticPayments.UnitTests.Payments.CreatePaymentUseCaseTests.ExecuteAsync_ValidRequest_ReturnsPendingResponseWithRedirectUrl(method: Klarna, segment: &quot;klarna&quot;)" computerName="DESKTOP-NPVESJH" duration="00:00:00.1444529" startTime="2026-10-02T12:41:12.6473117+03:00" endTime="2026-10-02T12:41:12.9286230+03:00" testType="13cdc9d9-ddb5-4fa4-a97d-d965ccfc6d4b" outcome="Passed" testListId="8c84fa94-04c1-424b-9868-57a2d4851a1d" relativeResultsDirectory="7a237cf5-4f35-4496-a3ed-df94488f0b6b" />
    <UnitTestResult executionId="b6106550-f308-46e9-863f-dc733b74b499" testId="4d9516d8-5c5e-fdf0-eae6-09bb40aa7312" testName="AgenticPayments.UnitTests.Payments.CreatePaymentValidatorTests.Validate_UndefinedMethod_ReturnsMethodError" computerName="DESKTOP-NPVESJH" duration="00:00:00.0046242" startTime="2026-10-02T12:41:12.9353224+03:00" endTime="2026-10-02T12:41:12.9428229+03:00" testType="13cdc9d9-ddb5-4fa4-a97d-d965ccfc6d4b" outcome="Passed" testListId="8c84fa94-04c1-424b-9868-57a2d4851a1d" relativeResultsDirectory="b6106550-f308-46e9-863f-dc733b74b499" />
    <UnitTestResult executionId="07b80c51-4dae-4152-8f0b-ae6d5e3bff24" testId="07048b00-cef5-c53e-7216-33c67a4a02aa" testName="AgenticPayments.UnitTests.Webhooks.ProcessProviderWebhookUseCaseTests.ExecuteAsync_KnownEventIdWithoutHash_ReturnsDuplicate(requestStatus: Failed)" computerName="DESKTOP-NPVESJH" duration="00:00:00.0011356" startTime="2026-10-02T12:41:12.9832813+03:00" endTime="2026-10-02T12:41:12.9841924+03:00" testType="13cdc9d9-ddb5-4fa4-a97d-d965ccfc6d4b" outcome="Passed" testListId="8c84fa94-04c1-424b-9868-57a2d4851a1d" relativeResultsDirectory="07b80c51-4dae-4152-8f0b-ae6d5e3bff24" />
    <UnitTestResult executionId="015702fd-c0dc-40e1-9e4f-0af47493c8ea" testId="6eb52f8d-1b4c-d5ad-a506-fe445d40a849" testName="AgenticPayments.UnitTests.Webhooks.WebhookPayloadHashTests.Compute_DifferentPaymentIdOrStatus_ReturnsDifferentHash(difference: &quot;other status&quot;)" computerName="DESKTOP-NPVESJH" duration="00:00:00.0097734" startTime="2026-10-02T12:41:12.8040608+03:00" endTime="2026-10-02T12:41:12.8991242+03:00" testType="13cdc9d9-ddb5-4fa4-a97d-d965ccfc6d4b" outcome="Passed" testListId="8c84fa94-04c1-424b-9868-57a2d4851a1d" relativeResultsDirectory="015702fd-c0dc-40e1-9e4f-0af47493c8ea" />
    <UnitTestResult executionId="4e33e3f2-a538-4d3f-8014-f1a73e69bd78" testId="2b1e3a9b-6b67-9a0a-a813-4ccc7e644885" testName="AgenticPayments.UnitTests.Payments.CreatePaymentValidatorTests.Validate_AmountWithMoreThanTwoDecimals_ReturnsAmountError(amount: &quot;10.123&quot;)" computerName="DESKTOP-NPVESJH" duration="00:00:00.0007091" startTime="2026-10-02T12:41:12.9283661+03:00" endTime="2026-10-02T12:41:12.9323700+03:00" testType="13cdc9d9-ddb5-4fa4-a97d-d965ccfc6d4b" outcome="Passed" testListId="8c84fa94-04c1-424b-9868-57a2d4851a1d" relativeResultsDirectory="4e33e3f2-a538-4d3f-8014-f1a73e69bd78" />
    <UnitTestResult executionId="46add056-06d5-473c-9865-930d4a8ae65d" testId="07f163be-b896-3f83-398f-835b0658f5b4" testName="AgenticPayments.UnitTests.Payments.PaymentTests.Constructor_SetsPendingStatusAndNewId" computerName="DESKTOP-NPVESJH" duration="00:00:00.0353935" startTime="2026-10-02T12:41:12.9000865+03:00" endTime="2026-10-02T12:41:12.9446679+03:00" testType="13cdc9d9-ddb5-4fa4-a97d-d965ccfc6d4b" outcome="Passed" testListId="8c84fa94-04c1-424b-9868-57a2d4851a1d" relativeResultsDirectory="46add056-06d5-473c-9865-930d4a8ae65d" />
    <UnitTestResult executionId="b97aec2f-030a-4eb3-999f-36ba44353346" testId="b90b617b-2f7a-13a9-38b2-dda033575d1e" testName="AgenticPayments.UnitTests.Payments.PaymentTests.Constructor_TwoPayments_HaveDifferentIds" computerName="DESKTOP-NPVESJH" duration="00:00:00.0079822" startTime="2026-10-02T12:41:12.8989990+03:00" endTime="2026-10-02T12:41:12.8997414+03:00" testType="13cdc9d9-ddb5-4fa4-a97d-d965ccfc6d4b" outcome="Passed" testListId="8c84fa94-04c1-424b-9868-57a2d4851a1d" relativeResultsDirectory="b97aec2f-030a-4eb3-999f-36ba44353346" />
    <UnitTestResult executionId="7e76a159-01f7-4c3b-a70e-14d017f9fc39" testId="c75df9f3-b08a-9475-5d57-905aafb83e62" testName="AgenticPayments.UnitTests.Webhooks.ProviderWebhookValidatorTests.Validate_ValidRequest_ReturnsNoErrors(eventIdLength: 1, status: Succeeded)" computerName="DESKTOP-NPVESJH" duration="00:00:00.0013447" startTime="2026-10-02T12:41:12.9256350+03:00" endTime="2026-10-02T12:41:12.9284903+03:00" testType="13cdc9d9-ddb5-4fa4-a97d-d965ccfc6d4b" outcome="Passed" testListId="8c84fa94-04c1-424b-9868-57a2d4851a1d" relativeResultsDirectory="7e76a159-01f7-4c3b-a70e-14d017f9fc39" />
    <UnitTestResult executionId="4a3cbc8d-db54-431c-a28e-5ebf1b668f5a" testId="bfdd4e3f-79e4-0fc7-22e6-2513de4fb49d" testName="AgenticPayments.UnitTests.Webhooks.ProcessProviderWebhookUseCaseTests.ExecuteAsync_RecordReturnsDuplicateEvent_ReturnsDuplicate" computerName="DESKTOP-NPVESJH" duration="00:00:00.0065172" startTime="2026-10-02T12:41:13.1146490+03:00" endTime="2026-10-02T12:41:13.1148165+03:00" testType="13cdc9d9-ddb5-4fa4-a97d-d965ccfc6d4b" outcome="Passed" testListId="8c84fa94-04c1-424b-9868-57a2d4851a1d" relativeResultsDirectory="4a3cbc8d-db54-431c-a28e-5ebf1b668f5a" />
    <UnitTestResult executionId="dd63f4a1-c022-4002-927f-ebe8597f22dc" testId="0b51ba8a-c577-480b-f67c-2022db63de28" testName="AgenticPayments.UnitTests.Payments.CreatePaymentValidatorTests.Validate_AmountAboveMaximum_ReturnsAmountError" computerName="DESKTOP-NPVESJH" duration="00:00:00.0010536" startTime="2026-10-02T12:41:12.9620194+03:00" endTime="2026-10-02T12:41:12.9653885+03:00" testType="13cdc9d9-ddb5-4fa4-a97d-d965ccfc6d4b" outcome="Passed" testListId="8c84fa94-04c1-424b-9868-57a2d4851a1d" relativeResultsDirectory="dd63f4a1-c022-4002-927f-ebe8597f22dc" />
    <UnitTestResult executionId="9bb35f58-0b38-4ca4-8cfe-ba579ae97146" testId="6427a836-68b9-eff0-c09c-f60bcab94643" testName="AgenticPayments.UnitTests.Webhooks.ProcessProviderWebhookUseCaseTests.ExecuteAsync_UnknownPayment_ReturnsPaymentNotFoundAndRecordsNothing" computerName="DESKTOP-NPVESJH" duration="00:00:00.0032343" startTime="2026-10-02T12:41:13.1167257+03:00" endTime="2026-10-02T12:41:13.1168304+03:00" testType="13cdc9d9-ddb5-4fa4-a97d-d965ccfc6d4b" outcome="Passed" testListId="8c84fa94-04c1-424b-9868-57a2d4851a1d" relativeResultsDirectory="9bb35f58-0b38-4ca4-8cfe-ba579ae97146" />
    <UnitTestResult executionId="3b1e7428-d8be-435a-8479-5a189e4768cb" testId="675f4b8d-8142-4b07-ce28-ea1314093298" testName="AgenticPayments.UnitTests.Webhooks.ProcessProviderWebhookUseCaseTests.ExecuteAsync_KnownEventIdDifferentPayload_ReturnsDuplicatePayloadMismatchAndChangesNothing(difference: &quot;other status&quot;)" computerName="DESKTOP-NPVESJH" duration="00:00:00.0053530" startTime="2026-10-02T12:41:12.9708096+03:00" endTime="2026-10-02T12:41:12.9709336+03:00" testType="13cdc9d9-ddb5-4fa4-a97d-d965ccfc6d4b" outcome="Passed" testListId="8c84fa94-04c1-424b-9868-57a2d4851a1d" relativeResultsDirectory="3b1e7428-d8be-435a-8479-5a189e4768cb" />
    <UnitTestResult executionId="637d88a9-2fa6-4825-bc6e-81212d1dc4d8" testId="794571fc-bb90-df85-c53b-1a375a8464c0" testName="AgenticPayments.UnitTests.Webhooks.WebhookPayloadHashTests.Compute_DifferentPaymentIdOrStatus_ReturnsDifferentHash(difference: &quot;other paymentId&quot;)" computerName="DESKTOP-NPVESJH" duration="00:00:00.0008481" startTime="2026-10-02T12:41:12.8993943+03:00" endTime="2026-10-02T12:41:12.8995317+03:00" testType="13cdc9d9-ddb5-4fa4-a97d-d965ccfc6d4b" outcome="Passed" testListId="8c84fa94-04c1-424b-9868-57a2d4851a1d" relativeResultsDirectory="637d88a9-2fa6-4825-bc6e-81212d1dc4d8" />
    <UnitTestResult executionId="388aa90a-d9fe-4812-9dbb-29e3fdbe5d0c" testId="14d94bc3-a5a7-43d0-2a34-7a2c3a07a123" testName="AgenticPayments.UnitTests.Webhooks.ProcessProviderWebhookUseCaseTests.ExecuteAsync_KnownEventIdSamePayload_ReturnsDuplicateAndChangesNothing" computerName="DESKTOP-NPVESJH" duration="00:00:00.0068073" startTime="2026-10-02T12:41:13.1325422+03:00" endTime="2026-10-02T12:41:13.1327458+03:00" testType="13cdc9d9-ddb5-4fa4-a97d-d965ccfc6d4b" outcome="Passed" testListId="8c84fa94-04c1-424b-9868-57a2d4851a1d" relativeResultsDirectory="388aa90a-d9fe-4812-9dbb-29e3fdbe5d0c" />
    <UnitTestResult executionId="c76075b9-abde-4918-b910-29216f82c75c" testId="0f8b397b-811c-0b9d-2538-f5075b3bc597" testName="AgenticPayments.UnitTests.Payments.CreatePaymentUseCaseTests.ExecuteAsync_ValidRequest_ReturnsPendingResponseWithRedirectUrl(method: Ideal, segment: &quot;ideal&quot;)" computerName="DESKTOP-NPVESJH" duration="00:00:00.0037096" startTime="2026-10-02T12:41:12.9312541+03:00" endTime="2026-10-02T12:41:12.9365224+03:00" testType="13cdc9d9-ddb5-4fa4-a97d-d965ccfc6d4b" outcome="Passed" testListId="8c84fa94-04c1-424b-9868-57a2d4851a1d" relativeResultsDirectory="c76075b9-abde-4918-b910-29216f82c75c" />
    <UnitTestResult executionId="905f5345-0912-4128-adb1-27aaf6392004" testId="afaf3fe2-35d6-d1c0-05f4-ecc1751cbc87" testName="AgenticPayments.UnitTests.Webhooks.ProcessProviderWebhookUseCaseTests.ExecuteAsync_RecordReturnsPaymentChanged_LoadsAgainAndIgnoresEvent" computerName="DESKTOP-NPVESJH" duration="00:00:00.0043740" startTime="2026-10-02T12:41:13.1244044+03:00" endTime="2026-10-02T12:41:13.1247865+03:00" testType="13cdc9d9-ddb5-4fa4-a97d-d965ccfc6d4b" outcome="Passed" testListId="8c84fa94-04c1-424b-9868-57a2d4851a1d" relativeResultsDirectory="905f5345-0912-4128-adb1-27aaf6392004" />
    <UnitTestResult executionId="969ab82e-2dd0-4894-88c5-cc048cb3e139" testId="263c34fb-6ea9-cfb0-d783-2f7a9de537b1" testName="AgenticPayments.UnitTests.Webhooks.ProcessProviderWebhookUseCaseTests.ExecuteAsync_PendingPayment_AppliesStatusAndRecordsEventWithHash(status: Succeeded, expectedStatus: Succeeded)" computerName="DESKTOP-NPVESJH" duration="00:00:00.0040060" startTime="2026-10-02T12:41:12.9789692+03:00" endTime="2026-10-02T12:41:12.9790901+03:00" testType="13cdc9d9-ddb5-4fa4-a97d-d965ccfc6d4b" outcome="Passed" testListId="8c84fa94-04c1-424b-9868-57a2d4851a1d" relativeResultsDirectory="969ab82e-2dd0-4894-88c5-cc048cb3e139" />
    <UnitTestResult executionId="b0c4c20c-e126-4437-9380-0edd0a5132b2" testId="b1e78fb5-a9e0-fc77-51ef-3ca68361ef4f" testName="AgenticPayments.UnitTests.Payments.PaymentTests.TryChangeStatus_FromTerminal_ReturnsFalseAndKeepsStatus(terminalStatus: Failed, newStatus: Succeeded)" computerName="DESKTOP-NPVESJH" duration="00:00:00.0002100" startTime="2026-10-02T12:41:12.8985534+03:00" endTime="2026-10-02T12:41:12.8986589+03:00" testType="13cdc9d9-ddb5-4fa4-a97d-d965ccfc6d4b" outcome="Passed" testListId="8c84fa94-04c1-424b-9868-57a2d4851a1d" relativeResultsDirectory="b0c4c20c-e126-4437-9380-0edd0a5132b2" />
    <UnitTestResult executionId="3ade54de-5c62-4b7d-814c-1352cfb49ab4" testId="c4ff281b-7ee6-cb9e-0e2d-9b8508dabeb2" testName="AgenticPayments.UnitTests.Webhooks.WebhookPayloadHashTests.Compute_KnownPayload_ReturnsLowercaseSha256OfCanonicalString" computerName="DESKTOP-NPVESJH" duration="00:00:00.0917504" startTime="2026-10-02T12:41:12.6472160+03:00" endTime="2026-10-02T12:41:12.7589637+03:00" testType="13cdc9d9-ddb5-4fa4-a97d-d965ccfc6d4b" outcome="Passed" testListId="8c84fa94-04c1-424b-9868-57a2d4851a1d" relativeResultsDirectory="3ade54de-5c62-4b7d-814c-1352cfb49ab4" />
    <UnitTestResult executionId="e0a84fb3-357f-408d-935a-2d82b916c116" testId="97124a1f-9257-1388-2be3-1b7fc611d8c5" testName="AgenticPayments.UnitTests.Webhooks.ProviderWebhookValidatorTests.Validate_EventIdTooLong_ReturnsEventIdError" computerName="DESKTOP-NPVESJH" duration="00:00:00.0011389" startTime="2026-10-02T12:41:12.9206576+03:00" endTime="2026-10-02T12:41:12.9218754+03:00" testType="13cdc9d9-ddb5-4fa4-a97d-d965ccfc6d4b" outcome="Passed" testListId="8c84fa94-04c1-424b-9868-57a2d4851a1d" relativeResultsDirectory="e0a84fb3-357f-408d-935a-2d82b916c116" />
    <UnitTestResult executionId="166a9c31-1fb7-4788-b829-ca753f94e317" testId="01c49840-ec82-ca8e-3d0e-77f5a468e7ca" testName="AgenticPayments.UnitTests.Payments.CreatePaymentValidatorTests.Validate_ValidRequest_ReturnsNoErrors(method: Klarna, currency: Usd, amount: &quot;1000&quot;)" computerName="DESKTOP-NPVESJH" duration="00:00:00.0002380" startTime="2026-10-02T12:41:12.9271030+03:00" endTime="2026-10-02T12:41:12.9272365+03:00" testType="13cdc9d9-ddb5-4fa4-a97d-d965ccfc6d4b" outcome="Passed" testListId="8c84fa94-04c1-424b-9868-57a2d4851a1d" relativeResultsDirectory="166a9c31-1fb7-4788-b829-ca753f94e317" />
    <UnitTestResult executionId="5191457d-4ba0-4225-a54d-f7b175c33af7" testId="e06e5967-db22-2d99-9cc9-4d4a9dd39883" testName="AgenticPayments.UnitTests.Payments.PaymentTests.TryChangeStatus_FromTerminal_ReturnsFalseAndKeepsStatus(terminalStatus: Failed, newStatus: Failed)" computerName="DESKTOP-NPVESJH" duration="00:00:00.0002097" startTime="2026-10-02T12:41:12.8981633+03:00" endTime="2026-10-02T12:41:12.8982703+03:00" testType="13cdc9d9-ddb5-4fa4-a97d-d965ccfc6d4b" outcome="Passed" testListId="8c84fa94-04c1-424b-9868-57a2d4851a1d" relativeResultsDirectory="5191457d-4ba0-4225-a54d-f7b175c33af7" />
    <UnitTestResult executionId="e858f8b9-84da-4af8-8e0b-2c9c317371a8" testId="cf114dba-b604-c8ae-31de-2a315c634307" testName="AgenticPayments.UnitTests.Payments.CreatePaymentValidatorTests.Validate_AmountNotPositive_ReturnsAmountError(amount: &quot;-100&quot;)" computerName="DESKTOP-NPVESJH" duration="00:00:00.1365733" startTime="2026-10-02T12:41:12.6473510+03:00" endTime="2026-10-02T12:41:12.9094870+03:00" testType="13cdc9d9-ddb5-4fa4-a97d-d965ccfc6d4b" outcome="Passed" testListId="8c84fa94-04c1-424b-9868-57a2d4851a1d" relativeResultsDirectory="e858f8b9-84da-4af8-8e0b-2c9c317371a8" />
    <UnitTestResult executionId="0f675f1e-4f04-4b32-9651-372f0552d76f" testId="e8cd8b7f-251d-9585-f3f6-e4cf56a8862a" testName="AgenticPayments.UnitTests.Payments.PaymentTests.TryChangeStatus_FromTerminal_ReturnsFalseAndKeepsStatus(terminalStatus: Succeeded, newStatus: Failed)" computerName="DESKTOP-NPVESJH" duration="00:00:00.0002140" startTime="2026-10-02T12:41:12.8971277+03:00" endTime="2026-10-02T12:41:12.8972731+03:00" testType="13cdc9d9-ddb5-4fa4-a97d-d965ccfc6d4b" outcome="Passed" testListId="8c84fa94-04c1-424b-9868-57a2d4851a1d" relativeResultsDirectory="0f675f1e-4f04-4b32-9651-372f0552d76f" />
    <UnitTestResult executionId="025599d8-b378-4e2a-ad5c-0a76c35069b6" testId="6e7a6a6e-9081-ab11-7802-30b742891b6a" testName="AgenticPayments.UnitTests.Webhooks.ProcessProviderWebhookUseCaseTests.ExecuteAsync_InvalidRequest_ReturnsInvalidWithErrorsAndRecordsNothing" computerName="DESKTOP-NPVESJH" duration="00:00:00.0037069" startTime="2026-10-02T12:41:12.9758515+03:00" endTime="2026-10-02T12:41:12.9781891+03:00" testType="13cdc9d9-ddb5-4fa4-a97d-d965ccfc6d4b" outcome="Passed" testListId="8c84fa94-04c1-424b-9868-57a2d4851a1d" relativeResultsDirectory="025599d8-b378-4e2a-ad5c-0a76c35069b6" />
    <UnitTestResult executionId="840d30ac-10d8-4f28-9315-487e10c9034b" testId="947d336e-7476-f4ef-5925-18eb49e06176" testName="AgenticPayments.UnitTests.Webhooks.ProviderWebhookValidatorTests.Validate_EventIdEmpty_ReturnsEventIdError(eventId: &quot;&quot;)" computerName="DESKTOP-NPVESJH" duration="00:00:00.1364583" startTime="2026-10-02T12:41:12.6473761+03:00" endTime="2026-10-02T12:41:12.9092757+03:00" testType="13cdc9d9-ddb5-4fa4-a97d-d965ccfc6d4b" outcome="Passed" testListId="8c84fa94-04c1-424b-9868-57a2d4851a1d" relativeResultsDirectory="840d30ac-10d8-4f28-9315-487e10c9034b" />
    <UnitTestResult executionId="5089b40d-3bce-4e23-b28f-a7804f34baa9" testId="30c4696a-6323-8ce4-b4b8-663918bb0cdf" testName="AgenticPayments.UnitTests.Payments.CreatePaymentValidatorTests.Validate_ValidRequest_ReturnsNoErrors(method: Ideal, currency: Eur, amount: &quot;10.50&quot;)" computerName="DESKTOP-NPVESJH" duration="00:00:00.0011366" startTime="2026-10-02T12:41:12.9214665+03:00" endTime="2026-10-02T12:41:12.9258098+03:00" testType="13cdc9d9-ddb5-4fa4-a97d-d965ccfc6d4b" outcome="Passed" testListId="8c84fa94-04c1-424b-9868-57a2d4851a1d" relativeResultsDirectory="5089b40d-3bce-4e23-b28f-a7804f34baa9" />
    <UnitTestResult executionId="7715da19-769d-4314-ae7f-f21049ee07d1" testId="524ccdee-2c95-ac5b-0939-5e3daab8d0b6" testName="AgenticPayments.UnitTests.Payments.CreatePaymentValidatorTests.Validate_UndefinedCurrency_ReturnsCurrencyError" computerName="DESKTOP-NPVESJH" duration="00:00:00.0065867" startTime="2026-10-02T12:41:12.9438853+03:00" endTime="2026-10-02T12:41:12.9452829+03:00" testType="13cdc9d9-ddb5-4fa4-a97d-d965ccfc6d4b" outcome="Passed" testListId="8c84fa94-04c1-424b-9868-57a2d4851a1d" relativeResultsDirectory="7715da19-769d-4314-ae7f-f21049ee07d1" />
    <UnitTestResult executionId="7c26db1d-3316-4aa7-b029-893b6b66e87d" testId="cc3a4a80-b957-880f-0684-03361331b5aa" testName="AgenticPayments.UnitTests.Payments.PaymentTests.TryChangeStatus_FromTerminal_ReturnsFalseAndKeepsStatus(terminalStatus: Succeeded, newStatus: Pending)" computerName="DESKTOP-NPVESJH" duration="00:00:00.0007815" startTime="2026-10-02T12:41:12.8958185+03:00" endTime="2026-10-02T12:41:12.8959717+03:00" testType="13cdc9d9-ddb5-4fa4-a97d-d965ccfc6d4b" outcome="Passed" testListId="8c84fa94-04c1-424b-9868-57a2d4851a1d" relativeResultsDirectory="7c26db1d-3316-4aa7-b029-893b6b66e87d" />
    <UnitTestResult executionId="74229319-9036-437f-a750-3862e492912f" testId="33b465ed-0c2f-f8c5-0778-8399420847b3" testName="AgenticPayments.UnitTests.Webhooks.ProviderWebhookValidatorTests.Validate_EventIdEmpty_ReturnsEventIdError(eventId: &quot;  &quot;)" computerName="DESKTOP-NPVESJH" duration="00:00:00.0003522" startTime="2026-10-02T12:41:12.9185283+03:00" endTime="2026-10-02T12:41:12.9186925+03:00" testType="13cdc9d9-ddb5-4fa4-a97d-d965ccfc6d4b" outcome="Passed" testListId="8c84fa94-04c1-424b-9868-57a2d4851a1d" relativeResultsDirectory="74229319-9036-437f-a750-3862e492912f" />
    <UnitTestResult executionId="52b4e098-8920-4f7f-9461-2702ce5fbea2" testId="a30cf54e-b4ea-a292-5e49-5d84d6e022ec" testName="AgenticPayments.UnitTests.Webhooks.ProviderWebhookValidatorTests.Validate_EventIdEmpty_ReturnsEventIdError(eventId: null)" computerName="DESKTOP-NPVESJH" duration="00:00:00.0011957" startTime="2026-10-02T12:41:12.9166487+03:00" endTime="2026-10-02T12:41:12.9168995+03:00" testType="13cdc9d9-ddb5-4fa4-a97d-d965ccfc6d4b" outcome="Passed" testListId="8c84fa94-04c1-424b-9868-57a2d4851a1d" relativeResultsDirectory="52b4e098-8920-4f7f-9461-2702ce5fbea2" />
    <UnitTestResult executionId="07d1e8f3-4a53-41ac-8837-8646b29313b2" testId="4cf6fa86-5761-be6a-b15e-0837d10b1a12" testName="AgenticPayments.UnitTests.Payments.CreatePaymentValidatorTests.Validate_ValidRequest_ReturnsNoErrors(method: Ideal, currency: Eur, amount: &quot;9999999999999999.99&quot;)" computerName="DESKTOP-NPVESJH" duration="00:00:00.0002594" startTime="2026-10-02T12:41:12.9263684+03:00" endTime="2026-10-02T12:41:12.9264934+03:00" testType="13cdc9d9-ddb5-4fa4-a97d-d965ccfc6d4b" outcome="Passed" testListId="8c84fa94-04c1-424b-9868-57a2d4851a1d" relativeResultsDirectory="07d1e8f3-4a53-41ac-8837-8646b29313b2" />
    <UnitTestResult executionId="15e68f19-0444-4a21-aee7-1d2140bba0fb" testId="88e97da7-ceca-969b-e602-394675b06538" testName="AgenticPayments.UnitTests.Payments.PaymentTests.TryChangeStatus_FromTerminal_ReturnsFalseAndKeepsStatus(terminalStatus: Failed, newStatus: Pending)" computerName="DESKTOP-NPVESJH" duration="00:00:00.0016569" startTime="2026-10-02T12:41:12.8045616+03:00" endTime="2026-10-02T12:41:12.8046646+03:00" testType="13cdc9d9-ddb5-4fa4-a97d-d965ccfc6d4b" outcome="Passed" testListId="8c84fa94-04c1-424b-9868-57a2d4851a1d" relativeResultsDirectory="15e68f19-0444-4a21-aee7-1d2140bba0fb" />
    <UnitTestResult executionId="d06480ef-fd72-4eda-b64b-418f2368974f" testId="effd692c-cb6b-a9c1-58e0-9c5ca387c4a1" testName="AgenticPayments.UnitTests.Webhooks.ProviderWebhookValidatorTests.Validate_ValidRequest_ReturnsNoErrors(eventIdLength: 200, status: Failed)" computerName="DESKTOP-NPVESJH" duration="00:00:00.0004704" startTime="2026-10-02T12:41:12.9357168+03:00" endTime="2026-10-02T12:41:12.9358258+03:00" testType="13cdc9d9-ddb5-4fa4-a97d-d965ccfc6d4b" outcome="Passed" testListId="8c84fa94-04c1-424b-9868-57a2d4851a1d" relativeResultsDirectory="d06480ef-fd72-4eda-b64b-418f2368974f" />
    <UnitTestResult executionId="262c7bd3-a417-464e-845e-d83705615b8a" testId="3c76e9c7-5b13-7482-e27f-cc9b5c5c2023" testName="AgenticPayments.UnitTests.Payments.CreatePaymentValidatorTests.Validate_AmountNotPositive_ReturnsAmountError(amount: &quot;0&quot;)" computerName="DESKTOP-NPVESJH" duration="00:00:00.0011828" startTime="2026-10-02T12:41:12.9165980+03:00" endTime="2026-10-02T12:41:12.9168161+03:00" testType="13cdc9d9-ddb5-4fa4-a97d-d965ccfc6d4b" outcome="Passed" testListId="8c84fa94-04c1-424b-9868-57a2d4851a1d" relativeResultsDirectory="262c7bd3-a417-464e-845e-d83705615b8a" />
  </Results>
  <TestDefinitions>
    <UnitTest name="AgenticPayments.UnitTests.Payments.PaymentTests.TryChangeStatus_FromTerminal_ReturnsFalseAndKeepsStatus(terminalStatus: Succeeded, newStatus: Failed)" storage="c:\users\stiliyan\source\repos\apmplayground\tests\agenticpayments.unittests\bin\debug\net10.0\agenticpayments.unittests.dll" id="e8cd8b7f-251d-9585-f3f6-e4cf56a8862a">
      <Execution id="0f675f1e-4f04-4b32-9651-372f0552d76f" />
      <TestMethod codeBase="C:\Users\Stiliyan\source\repos\ApmPlayground\tests\AgenticPayments.UnitTests\bin\Debug\net10.0\AgenticPayments.UnitTests.dll" adapterTypeName="executor://xunit/VsTestRunner3/netcore/" className="AgenticPayments.UnitTests.Payments.PaymentTests" name="TryChangeStatus_FromTerminal_ReturnsFalseAndKeepsStatus" />
    </UnitTest>
    <UnitTest name="AgenticPayments.UnitTests.Payments.PaymentTests.TryChangeStatus_FromTerminal_ReturnsFalseAndKeepsStatus(terminalStatus: Succeeded, newStatus: Succeeded)" storage="c:\users\stiliyan\source\repos\apmplayground\tests\agenticpayments.unittests\bin\debug\net10.0\agenticpayments.unittests.dll" id="4060340c-852a-9061-b584-39697158d5c0">
      <Execution id="9af34189-2612-4d4d-8239-60d0fe314736" />
      <TestMethod codeBase="C:\Users\Stiliyan\source\repos\ApmPlayground\tests\AgenticPayments.UnitTests\bin\Debug\net10.0\AgenticPayments.UnitTests.dll" adapterTypeName="executor://xunit/VsTestRunner3/netcore/" className="AgenticPayments.UnitTests.Payments.PaymentTests" name="TryChangeStatus_FromTerminal_ReturnsFalseAndKeepsStatus" />
    </UnitTest>
    <UnitTest name="AgenticPayments.UnitTests.Webhooks.ProcessProviderWebhookUseCaseTests.ExecuteAsync_RecordReturnsPaymentChanged_LoadsAgainAndIgnoresEvent" storage="c:\users\stiliyan\source\repos\apmplayground\tests\agenticpayments.unittests\bin\debug\net10.0\agenticpayments.unittests.dll" id="afaf3fe2-35d6-d1c0-05f4-ecc1751cbc87">
      <Execution id="905f5345-0912-4128-adb1-27aaf6392004" />
      <TestMethod codeBase="C:\Users\Stiliyan\source\repos\ApmPlayground\tests\AgenticPayments.UnitTests\bin\Debug\net10.0\AgenticPayments.UnitTests.dll" adapterTypeName="executor://xunit/VsTestRunner3/netcore/" className="AgenticPayments.UnitTests.Webhooks.ProcessProviderWebhookUseCaseTests" name="ExecuteAsync_RecordReturnsPaymentChanged_LoadsAgainAndIgnoresEvent" />
    </UnitTest>
    <UnitTest name="AgenticPayments.UnitTests.Webhooks.ProviderWebhookValidatorTests.Validate_EventIdTooLong_ReturnsEventIdError" storage="c:\users\stiliyan\source\repos\apmplayground\tests\agenticpayments.unittests\bin\debug\net10.0\agenticpayments.unittests.dll" id="97124a1f-9257-1388-2be3-1b7fc611d8c5">
      <Execution id="e0a84fb3-357f-408d-935a-2d82b916c116" />
      <TestMethod codeBase="C:\Users\Stiliyan\source\repos\ApmPlayground\tests\AgenticPayments.UnitTests\bin\Debug\net10.0\AgenticPayments.UnitTests.dll" adapterTypeName="executor://xunit/VsTestRunner3/netcore/" className="AgenticPayments.UnitTests.Webhooks.ProviderWebhookValidatorTests" name="Validate_EventIdTooLong_ReturnsEventIdError" />
    </UnitTest>
    <UnitTest name="AgenticPayments.UnitTests.Payments.CreatePaymentUseCaseTests.ExecuteAsync_ValidRequest_AddsPaymentToRepository" storage="c:\users\stiliyan\source\repos\apmplayground\tests\agenticpayments.unittests\bin\debug\net10.0\agenticpayments.unittests.dll" id="6343d975-bde6-8242-285e-9bf03e0c4dcb">
      <Execution id="8f43da60-39a8-43a5-be0f-c433b3cf79bc" />
      <TestMethod codeBase="C:\Users\Stiliyan\source\repos\ApmPlayground\tests\AgenticPayments.UnitTests\bin\Debug\net10.0\AgenticPayments.UnitTests.dll" adapterTypeName="executor://xunit/VsTestRunner3/netcore/" className="AgenticPayments.UnitTests.Payments.CreatePaymentUseCaseTests" name="ExecuteAsync_ValidRequest_AddsPaymentToRepository" />
    </UnitTest>
    <UnitTest name="AgenticPayments.UnitTests.Payments.CreatePaymentValidatorTests.Validate_UndefinedMethod_ReturnsMethodError" storage="c:\users\stiliyan\source\repos\apmplayground\tests\agenticpayments.unittests\bin\debug\net10.0\agenticpayments.unittests.dll" id="4d9516d8-5c5e-fdf0-eae6-09bb40aa7312">
      <Execution id="b6106550-f308-46e9-863f-dc733b74b499" />
      <TestMethod codeBase="C:\Users\Stiliyan\source\repos\ApmPlayground\tests\AgenticPayments.UnitTests\bin\Debug\net10.0\AgenticPayments.UnitTests.dll" adapterTypeName="executor://xunit/VsTestRunner3/netcore/" className="AgenticPayments.UnitTests.Payments.CreatePaymentValidatorTests" name="Validate_UndefinedMethod_ReturnsMethodError" />
    </UnitTest>
    <UnitTest name="AgenticPayments.UnitTests.Webhooks.ProcessProviderWebhookUseCaseTests.ExecuteAsync_UnknownPayment_ReturnsPaymentNotFoundAndRecordsNothing" storage="c:\users\stiliyan\source\repos\apmplayground\tests\agenticpayments.unittests\bin\debug\net10.0\agenticpayments.unittests.dll" id="6427a836-68b9-eff0-c09c-f60bcab94643">
      <Execution id="9bb35f58-0b38-4ca4-8cfe-ba579ae97146" />
      <TestMethod codeBase="C:\Users\Stiliyan\source\repos\ApmPlayground\tests\AgenticPayments.UnitTests\bin\Debug\net10.0\AgenticPayments.UnitTests.dll" adapterTypeName="executor://xunit/VsTestRunner3/netcore/" className="AgenticPayments.UnitTests.Webhooks.ProcessProviderWebhookUseCaseTests" name="ExecuteAsync_UnknownPayment_ReturnsPaymentNotFoundAndRecordsNothing" />
    </UnitTest>
    <UnitTest name="AgenticPayments.UnitTests.Webhooks.ProviderWebhookValidatorTests.Validate_ValidRequest_ReturnsNoErrors(eventIdLength: 1, status: Succeeded)" storage="c:\users\stiliyan\source\repos\apmplayground\tests\agenticpayments.unittests\bin\debug\net10.0\agenticpayments.unittests.dll" id="c75df9f3-b08a-9475-5d57-905aafb83e62">
      <Execution id="7e76a159-01f7-4c3b-a70e-14d017f9fc39" />
      <TestMethod codeBase="C:\Users\Stiliyan\source\repos\ApmPlayground\tests\AgenticPayments.UnitTests\bin\Debug\net10.0\AgenticPayments.UnitTests.dll" adapterTypeName="executor://xunit/VsTestRunner3/netcore/" className="AgenticPayments.UnitTests.Webhooks.ProviderWebhookValidatorTests" name="Validate_ValidRequest_ReturnsNoErrors" />
    </UnitTest>
    <UnitTest name="AgenticPayments.UnitTests.Webhooks.ProcessProviderWebhookUseCaseTests.ExecuteAsync_PendingPayment_AppliesStatusAndRecordsEventWithHash(status: Failed, expectedStatus: Failed)" storage="c:\users\stiliyan\source\repos\apmplayground\tests\agenticpayments.unittests\bin\debug\net10.0\agenticpayments.unittests.dll" id="8a3b1a6c-b2e9-b046-0a15-d954462184b8">
      <Execution id="3180b662-847c-4954-bfd0-13267c8017a0" />
      <TestMethod codeBase="C:\Users\Stiliyan\source\repos\ApmPlayground\tests\AgenticPayments.UnitTests\bin\Debug\net10.0\AgenticPayments.UnitTests.dll" adapterTypeName="executor://xunit/VsTestRunner3/netcore/" className="AgenticPayments.UnitTests.Webhooks.ProcessProviderWebhookUseCaseTests" name="ExecuteAsync_PendingPayment_AppliesStatusAndRecordsEventWithHash" />
    </UnitTest>
    <UnitTest name="AgenticPayments.UnitTests.Webhooks.ProcessProviderWebhookUseCaseTests.ExecuteAsync_KnownEventIdDifferentPayload_ReturnsDuplicatePayloadMismatchAndChangesNothing(difference: &quot;other status&quot;)" storage="c:\users\stiliyan\source\repos\apmplayground\tests\agenticpayments.unittests\bin\debug\net10.0\agenticpayments.unittests.dll" id="675f4b8d-8142-4b07-ce28-ea1314093298">
      <Execution id="3b1e7428-d8be-435a-8479-5a189e4768cb" />
      <TestMethod codeBase="C:\Users\Stiliyan\source\repos\ApmPlayground\tests\AgenticPayments.UnitTests\bin\Debug\net10.0\AgenticPayments.UnitTests.dll" adapterTypeName="executor://xunit/VsTestRunner3/netcore/" className="AgenticPayments.UnitTests.Webhooks.ProcessProviderWebhookUseCaseTests" name="ExecuteAsync_KnownEventIdDifferentPayload_ReturnsDuplicatePayloadMismatchAndChangesNothing" />
    </UnitTest>
    <UnitTest name="AgenticPayments.UnitTests.Webhooks.ProviderWebhookValidatorTests.Validate_EventIdEmpty_ReturnsEventIdError(eventId: &quot;&quot;)" storage="c:\users\stiliyan\source\repos\apmplayground\tests\agenticpayments.unittests\bin\debug\net10.0\agenticpayments.unittests.dll" id="947d336e-7476-f4ef-5925-18eb49e06176">
      <Execution id="840d30ac-10d8-4f28-9315-487e10c9034b" />
      <TestMethod codeBase="C:\Users\Stiliyan\source\repos\ApmPlayground\tests\AgenticPayments.UnitTests\bin\Debug\net10.0\AgenticPayments.UnitTests.dll" adapterTypeName="executor://xunit/VsTestRunner3/netcore/" className="AgenticPayments.UnitTests.Webhooks.ProviderWebhookValidatorTests" name="Validate_EventIdEmpty_ReturnsEventIdError" />
    </UnitTest>
    <UnitTest name="AgenticPayments.UnitTests.Payments.PaymentTests.TryChangeStatus_FromTerminal_ReturnsFalseAndKeepsStatus(terminalStatus: Failed, newStatus: Succeeded)" storage="c:\users\stiliyan\source\repos\apmplayground\tests\agenticpayments.unittests\bin\debug\net10.0\agenticpayments.unittests.dll" id="b1e78fb5-a9e0-fc77-51ef-3ca68361ef4f">
      <Execution id="b0c4c20c-e126-4437-9380-0edd0a5132b2" />
      <TestMethod codeBase="C:\Users\Stiliyan\source\repos\ApmPlayground\tests\AgenticPayments.UnitTests\bin\Debug\net10.0\AgenticPayments.UnitTests.dll" adapterTypeName="executor://xunit/VsTestRunner3/netcore/" className="AgenticPayments.UnitTests.Payments.PaymentTests" name="TryChangeStatus_FromTerminal_ReturnsFalseAndKeepsStatus" />
    </UnitTest>
    <UnitTest name="AgenticPayments.UnitTests.Webhooks.ProcessProviderWebhookUseCaseTests.ExecuteAsync_TerminalPayment_ReturnsIgnoredKeepsStatusAndRecordsEvent(terminalStatus: Failed, newStatus: Failed)" storage="c:\users\stiliyan\source\repos\apmplayground\tests\agenticpayments.unittests\bin\debug\net10.0\agenticpayments.unittests.dll" id="6d183159-50f5-2b6a-779f-eafceca53b10">
      <Execution id="f95893d9-5bd7-4fc6-989c-a8efb27cde42" />
      <TestMethod codeBase="C:\Users\Stiliyan\source\repos\ApmPlayground\tests\AgenticPayments.UnitTests\bin\Debug\net10.0\AgenticPayments.UnitTests.dll" adapterTypeName="executor://xunit/VsTestRunner3/netcore/" className="AgenticPayments.UnitTests.Webhooks.ProcessProviderWebhookUseCaseTests" name="ExecuteAsync_TerminalPayment_ReturnsIgnoredKeepsStatusAndRecordsEvent" />
    </UnitTest>
    <UnitTest name="AgenticPayments.UnitTests.Payments.PaymentTests.TryChangeStatus_FromPending_SetsStatusAndReturnsTrue(status: Succeeded)" storage="c:\users\stiliyan\source\repos\apmplayground\tests\agenticpayments.unittests\bin\debug\net10.0\agenticpayments.unittests.dll" id="646e6c5e-aa7c-d8c0-0da3-b91c162c22e3">
      <Execution id="6080a100-eee4-40f2-b39c-35583e63629d" />
      <TestMethod codeBase="C:\Users\Stiliyan\source\repos\ApmPlayground\tests\AgenticPayments.UnitTests\bin\Debug\net10.0\AgenticPayments.UnitTests.dll" adapterTypeName="executor://xunit/VsTestRunner3/netcore/" className="AgenticPayments.UnitTests.Payments.PaymentTests" name="TryChangeStatus_FromPending_SetsStatusAndReturnsTrue" />
    </UnitTest>
    <UnitTest name="AgenticPayments.UnitTests.Webhooks.ProviderWebhookValidatorTests.Validate_EventIdEmpty_ReturnsEventIdError(eventId: &quot;  &quot;)" storage="c:\users\stiliyan\source\repos\apmplayground\tests\agenticpayments.unittests\bin\debug\net10.0\agenticpayments.unittests.dll" id="33b465ed-0c2f-f8c5-0778-8399420847b3">
      <Execution id="74229319-9036-437f-a750-3862e492912f" />
      <TestMethod codeBase="C:\Users\Stiliyan\source\repos\ApmPlayground\tests\AgenticPayments.UnitTests\bin\Debug\net10.0\AgenticPayments.UnitTests.dll" adapterTypeName="executor://xunit/VsTestRunner3/netcore/" className="AgenticPayments.UnitTests.Webhooks.ProviderWebhookValidatorTests" name="Validate_EventIdEmpty_ReturnsEventIdError" />
    </UnitTest>
    <UnitTest name="AgenticPayments.UnitTests.Webhooks.ProcessProviderWebhookUseCaseTests.ExecuteAsync_PendingPayment_AppliesStatusAndRecordsEventWithHash(status: Succeeded, expectedStatus: Succeeded)" storage="c:\users\stiliyan\source\repos\apmplayground\tests\agenticpayments.unittests\bin\debug\net10.0\agenticpayments.unittests.dll" id="263c34fb-6ea9-cfb0-d783-2f7a9de537b1">
      <Execution id="969ab82e-2dd0-4894-88c5-cc048cb3e139" />
      <TestMethod codeBase="C:\Users\Stiliyan\source\repos\ApmPlayground\tests\AgenticPayments.UnitTests\bin\Debug\net10.0\AgenticPayments.UnitTests.dll" adapterTypeName="executor://xunit/VsTestRunner3/netcore/" className="AgenticPayments.UnitTests.Webhooks.ProcessProviderWebhookUseCaseTests" name="ExecuteAsync_PendingPayment_AppliesStatusAndRecordsEventWithHash" />
    </UnitTest>
    <UnitTest name="AgenticPayments.UnitTests.Webhooks.ProcessProviderWebhookUseCaseTests.ExecuteAsync_KnownEventIdSamePayload_ReturnsDuplicateAndChangesNothing" storage="c:\users\stiliyan\source\repos\apmplayground\tests\agenticpayments.unittests\bin\debug\net10.0\agenticpayments.unittests.dll" id="14d94bc3-a5a7-43d0-2a34-7a2c3a07a123">
      <Execution id="388aa90a-d9fe-4812-9dbb-29e3fdbe5d0c" />
      <TestMethod codeBase="C:\Users\Stiliyan\source\repos\ApmPlayground\tests\AgenticPayments.UnitTests\bin\Debug\net10.0\AgenticPayments.UnitTests.dll" adapterTypeName="executor://xunit/VsTestRunner3/netcore/" className="AgenticPayments.UnitTests.Webhooks.ProcessProviderWebhookUseCaseTests" name="ExecuteAsync_KnownEventIdSamePayload_ReturnsDuplicateAndChangesNothing" />
    </UnitTest>
    <UnitTest name="AgenticPayments.UnitTests.Webhooks.ProcessProviderWebhookUseCaseTests.ExecuteAsync_KnownEventIdDifferentPayload_ReturnsDuplicatePayloadMismatchAndChangesNothing(difference: &quot;other paymentId&quot;)" storage="c:\users\stiliyan\source\repos\apmplayground\tests\agenticpayments.unittests\bin\debug\net10.0\agenticpayments.unittests.dll" id="97eb0b03-54a5-4fa3-d2d2-dae3e27bcf7a">
      <Execution id="19f77a39-5e02-4f83-9477-0150f9878265" />
      <TestMethod codeBase="C:\Users\Stiliyan\source\repos\ApmPlayground\tests\AgenticPayments.UnitTests\bin\Debug\net10.0\AgenticPayments.UnitTests.dll" adapterTypeName="executor://xunit/VsTestRunner3/netcore/" className="AgenticPayments.UnitTests.Webhooks.ProcessProviderWebhookUseCaseTests" name="ExecuteAsync_KnownEventIdDifferentPayload_ReturnsDuplicatePayloadMismatchAndChangesNothing" />
    </UnitTest>
    <UnitTest name="AgenticPayments.UnitTests.Webhooks.ProviderWebhookValidatorTests.Validate_StatusUndefined_ReturnsStatusError" storage="c:\users\stiliyan\source\repos\apmplayground\tests\agenticpayments.unittests\bin\debug\net10.0\agenticpayments.unittests.dll" id="127e31d0-de38-8234-652b-78c32bab6fe5">
      <Execution id="0d3e7fe9-6cd0-483c-b55a-bbfc0c35ad3c" />
      <TestMethod codeBase="C:\Users\Stiliyan\source\repos\ApmPlayground\tests\AgenticPayments.UnitTests\bin\Debug\net10.0\AgenticPayments.UnitTests.dll" adapterTypeName="executor://xunit/VsTestRunner3/netcore/" className="AgenticPayments.UnitTests.Webhooks.ProviderWebhookValidatorTests" name="Validate_StatusUndefined_ReturnsStatusError" />
    </UnitTest>
    <UnitTest name="AgenticPayments.UnitTests.Payments.CreatePaymentValidatorTests.Validate_ValidRequest_ReturnsNoErrors(method: Ideal, currency: Eur, amount: &quot;10.50&quot;)" storage="c:\users\stiliyan\source\repos\apmplayground\tests\agenticpayments.unittests\bin\debug\net10.0\agenticpayments.unittests.dll" id="30c4696a-6323-8ce4-b4b8-663918bb0cdf">
      <Execution id="5089b40d-3bce-4e23-b28f-a7804f34baa9" />
      <TestMethod codeBase="C:\Users\Stiliyan\source\repos\ApmPlayground\tests\AgenticPayments.UnitTests\bin\Debug\net10.0\AgenticPayments.UnitTests.dll" adapterTypeName="executor://xunit/VsTestRunner3/netcore/" className="AgenticPayments.UnitTests.Payments.CreatePaymentValidatorTests" name="Validate_ValidRequest_ReturnsNoErrors" />
    </UnitTest>
    <UnitTest name="AgenticPayments.UnitTests.Payments.CreatePaymentUseCaseTests.ExecuteAsync_InvalidRequest_ReturnsErrorsAndDoesNotAddPayment" storage="c:\users\stiliyan\source\repos\apmplayground\tests\agenticpayments.unittests\bin\debug\net10.0\agenticpayments.unittests.dll" id="61960c5a-4309-9dc9-37d5-4d388ab043b1">
      <Execution id="c06caaac-627b-4364-a4a8-ff8a52aa2797" />
      <TestMethod codeBase="C:\Users\Stiliyan\source\repos\ApmPlayground\tests\AgenticPayments.UnitTests\bin\Debug\net10.0\AgenticPayments.UnitTests.dll" adapterTypeName="executor://xunit/VsTestRunner3/netcore/" className="AgenticPayments.UnitTests.Payments.CreatePaymentUseCaseTests" name="ExecuteAsync_InvalidRequest_ReturnsErrorsAndDoesNotAddPayment" />
    </UnitTest>
    <UnitTest name="AgenticPayments.UnitTests.Webhooks.ProviderWebhookValidatorTests.Validate_EventIdEmpty_ReturnsEventIdError(eventId: null)" storage="c:\users\stiliyan\source\repos\apmplayground\tests\agenticpayments.unittests\bin\debug\net10.0\agenticpayments.unittests.dll" id="a30cf54e-b4ea-a292-5e49-5d84d6e022ec">
      <Execution id="52b4e098-8920-4f7f-9461-2702ce5fbea2" />
      <TestMethod codeBase="C:\Users\Stiliyan\source\repos\ApmPlayground\tests\AgenticPayments.UnitTests\bin\Debug\net10.0\AgenticPayments.UnitTests.dll" adapterTypeName="executor://xunit/VsTestRunner3/netcore/" className="AgenticPayments.UnitTests.Webhooks.ProviderWebhookValidatorTests" name="Validate_EventIdEmpty_ReturnsEventIdError" />
    </UnitTest>
    <UnitTest name="AgenticPayments.UnitTests.Payments.PaymentTests.TryChangeStatus_FromPending_SetsStatusAndReturnsTrue(status: Failed)" storage="c:\users\stiliyan\source\repos\apmplayground\tests\agenticpayments.unittests\bin\debug\net10.0\agenticpayments.unittests.dll" id="9e55efdf-a8ad-33d1-3168-f406bd207cfb">
      <Execution id="709edf78-98a1-4010-975a-105cacd145a7" />
      <TestMethod codeBase="C:\Users\Stiliyan\source\repos\ApmPlayground\tests\AgenticPayments.UnitTests\bin\Debug\net10.0\AgenticPayments.UnitTests.dll" adapterTypeName="executor://xunit/VsTestRunner3/netcore/" className="AgenticPayments.UnitTests.Payments.PaymentTests" name="TryChangeStatus_FromPending_SetsStatusAndReturnsTrue" />
    </UnitTest>
    <UnitTest name="AgenticPayments.UnitTests.Payments.CreatePaymentUseCaseTests.ExecuteAsync_ValidRequest_ReturnsPendingResponseWithRedirectUrl(method: Ideal, segment: &quot;ideal&quot;)" storage="c:\users\stiliyan\source\repos\apmplayground\tests\agenticpayments.unittests\bin\debug\net10.0\agenticpayments.unittests.dll" id="0f8b397b-811c-0b9d-2538-f5075b3bc597">
      <Execution id="c76075b9-abde-4918-b910-29216f82c75c" />
      <TestMethod codeBase="C:\Users\Stiliyan\source\repos\ApmPlayground\tests\AgenticPayments.UnitTests\bin\Debug\net10.0\AgenticPayments.UnitTests.dll" adapterTypeName="executor://xunit/VsTestRunner3/netcore/" className="AgenticPayments.UnitTests.Payments.CreatePaymentUseCaseTests" name="ExecuteAsync_ValidRequest_ReturnsPendingResponseWithRedirectUrl" />
    </UnitTest>
    <UnitTest name="AgenticPayments.UnitTests.Webhooks.ProcessProviderWebhookUseCaseTests.ExecuteAsync_RecordReturnsPaymentChangedEveryTime_ThrowsInvalidOperationException" storage="c:\users\stiliyan\source\repos\apmplayground\tests\agenticpayments.unittests\bin\debug\net10.0\agenticpayments.unittests.dll" id="ba5c2a2c-17a7-27ff-63b8-1a833d8d0f3e">
      <Execution id="e8ab4a5c-57e7-42e6-9b33-2d395540a47a" />
      <TestMethod codeBase="C:\Users\Stiliyan\source\repos\ApmPlayground\tests\AgenticPayments.UnitTests\bin\Debug\net10.0\AgenticPayments.UnitTests.dll" adapterTypeName="executor://xunit/VsTestRunner3/netcore/" className="AgenticPayments.UnitTests.Webhooks.ProcessProviderWebhookUseCaseTests" name="ExecuteAsync_RecordReturnsPaymentChangedEveryTime_ThrowsInvalidOperationException" />
    </UnitTest>
    <UnitTest name="AgenticPayments.UnitTests.Payments.CreatePaymentUseCaseTests.ExecuteAsync_ValidRequest_ReturnsPendingResponseWithRedirectUrl(method: Klarna, segment: &quot;klarna&quot;)" storage="c:\users\stiliyan\source\repos\apmplayground\tests\agenticpayments.unittests\bin\debug\net10.0\agenticpayments.unittests.dll" id="04ff986d-135e-63a5-8eb4-780972a5f1ad">
      <Execution id="7a237cf5-4f35-4496-a3ed-df94488f0b6b" />
      <TestMethod codeBase="C:\Users\Stiliyan\source\repos\ApmPlayground\tests\AgenticPayments.UnitTests\bin\Debug\net10.0\AgenticPayments.UnitTests.dll" adapterTypeName="executor://xunit/VsTestRunner3/netcore/" className="AgenticPayments.UnitTests.Payments.CreatePaymentUseCaseTests" name="ExecuteAsync_ValidRequest_ReturnsPendingResponseWithRedirectUrl" />
    </UnitTest>
    <UnitTest name="AgenticPayments.UnitTests.Payments.CreatePaymentValidatorTests.Validate_AmountWithMoreThanTwoDecimals_ReturnsAmountError(amount: &quot;10.123&quot;)" storage="c:\users\stiliyan\source\repos\apmplayground\tests\agenticpayments.unittests\bin\debug\net10.0\agenticpayments.unittests.dll" id="2b1e3a9b-6b67-9a0a-a813-4ccc7e644885">
      <Execution id="4e33e3f2-a538-4d3f-8014-f1a73e69bd78" />
      <TestMethod codeBase="C:\Users\Stiliyan\source\repos\ApmPlayground\tests\AgenticPayments.UnitTests\bin\Debug\net10.0\AgenticPayments.UnitTests.dll" adapterTypeName="executor://xunit/VsTestRunner3/netcore/" className="AgenticPayments.UnitTests.Payments.CreatePaymentValidatorTests" name="Validate_AmountWithMoreThanTwoDecimals_ReturnsAmountError" />
    </UnitTest>
    <UnitTest name="AgenticPayments.UnitTests.Webhooks.ProcessProviderWebhookUseCaseTests.ExecuteAsync_TerminalPayment_ReturnsIgnoredKeepsStatusAndRecordsEvent(terminalStatus: Succeeded, newStatus: Succeeded)" storage="c:\users\stiliyan\source\repos\apmplayground\tests\agenticpayments.unittests\bin\debug\net10.0\agenticpayments.unittests.dll" id="9f52dfe8-bd6e-29dd-33ba-f91f79dc2318">
      <Execution id="b1eac75d-9192-421f-9255-2e9729605e4d" />
      <TestMethod codeBase="C:\Users\Stiliyan\source\repos\ApmPlayground\tests\AgenticPayments.UnitTests\bin\Debug\net10.0\AgenticPayments.UnitTests.dll" adapterTypeName="executor://xunit/VsTestRunner3/netcore/" className="AgenticPayments.UnitTests.Webhooks.ProcessProviderWebhookUseCaseTests" name="ExecuteAsync_TerminalPayment_ReturnsIgnoredKeepsStatusAndRecordsEvent" />
    </UnitTest>
    <UnitTest name="AgenticPayments.UnitTests.Payments.CreatePaymentValidatorTests.Validate_AmountNotPositive_ReturnsAmountError(amount: &quot;-100&quot;)" storage="c:\users\stiliyan\source\repos\apmplayground\tests\agenticpayments.unittests\bin\debug\net10.0\agenticpayments.unittests.dll" id="cf114dba-b604-c8ae-31de-2a315c634307">
      <Execution id="e858f8b9-84da-4af8-8e0b-2c9c317371a8" />
      <TestMethod codeBase="C:\Users\Stiliyan\source\repos\ApmPlayground\tests\AgenticPayments.UnitTests\bin\Debug\net10.0\AgenticPayments.UnitTests.dll" adapterTypeName="executor://xunit/VsTestRunner3/netcore/" className="AgenticPayments.UnitTests.Payments.CreatePaymentValidatorTests" name="Validate_AmountNotPositive_ReturnsAmountError" />
    </UnitTest>
    <UnitTest name="AgenticPayments.UnitTests.Payments.PaymentTests.TryChangeStatus_FromTerminal_ReturnsFalseAndKeepsStatus(terminalStatus: Failed, newStatus: Pending)" storage="c:\users\stiliyan\source\repos\apmplayground\tests\agenticpayments.unittests\bin\debug\net10.0\agenticpayments.unittests.dll" id="88e97da7-ceca-969b-e602-394675b06538">
      <Execution id="15e68f19-0444-4a21-aee7-1d2140bba0fb" />
      <TestMethod codeBase="C:\Users\Stiliyan\source\repos\ApmPlayground\tests\AgenticPayments.UnitTests\bin\Debug\net10.0\AgenticPayments.UnitTests.dll" adapterTypeName="executor://xunit/VsTestRunner3/netcore/" className="AgenticPayments.UnitTests.Payments.PaymentTests" name="TryChangeStatus_FromTerminal_ReturnsFalseAndKeepsStatus" />
    </UnitTest>
    <UnitTest name="AgenticPayments.UnitTests.Webhooks.ProcessProviderWebhookUseCaseTests.ExecuteAsync_InvalidRequest_ReturnsInvalidWithErrorsAndRecordsNothing" storage="c:\users\stiliyan\source\repos\apmplayground\tests\agenticpayments.unittests\bin\debug\net10.0\agenticpayments.unittests.dll" id="6e7a6a6e-9081-ab11-7802-30b742891b6a">
      <Execution id="025599d8-b378-4e2a-ad5c-0a76c35069b6" />
      <TestMethod codeBase="C:\Users\Stiliyan\source\repos\ApmPlayground\tests\AgenticPayments.UnitTests\bin\Debug\net10.0\AgenticPayments.UnitTests.dll" adapterTypeName="executor://xunit/VsTestRunner3/netcore/" className="AgenticPayments.UnitTests.Webhooks.ProcessProviderWebhookUseCaseTests" name="ExecuteAsync_InvalidRequest_ReturnsInvalidWithErrorsAndRecordsNothing" />
    </UnitTest>
    <UnitTest name="AgenticPayments.UnitTests.Payments.CreatePaymentValidatorTests.Validate_AmountAboveMaximum_ReturnsAmountError" storage="c:\users\stiliyan\source\repos\apmplayground\tests\agenticpayments.unittests\bin\debug\net10.0\agenticpayments.unittests.dll" id="0b51ba8a-c577-480b-f67c-2022db63de28">
      <Execution id="dd63f4a1-c022-4002-927f-ebe8597f22dc" />
      <TestMethod codeBase="C:\Users\Stiliyan\source\repos\ApmPlayground\tests\AgenticPayments.UnitTests\bin\Debug\net10.0\AgenticPayments.UnitTests.dll" adapterTypeName="executor://xunit/VsTestRunner3/netcore/" className="AgenticPayments.UnitTests.Payments.CreatePaymentValidatorTests" name="Validate_AmountAboveMaximum_ReturnsAmountError" />
    </UnitTest>
    <UnitTest name="AgenticPayments.UnitTests.Webhooks.ProviderWebhookValidatorTests.Validate_ValidRequest_ReturnsNoErrors(eventIdLength: 200, status: Failed)" storage="c:\users\stiliyan\source\repos\apmplayground\tests\agenticpayments.unittests\bin\debug\net10.0\agenticpayments.unittests.dll" id="effd692c-cb6b-a9c1-58e0-9c5ca387c4a1">
      <Execution id="d06480ef-fd72-4eda-b64b-418f2368974f" />
      <TestMethod codeBase="C:\Users\Stiliyan\source\repos\ApmPlayground\tests\AgenticPayments.UnitTests\bin\Debug\net10.0\AgenticPayments.UnitTests.dll" adapterTypeName="executor://xunit/VsTestRunner3/netcore/" className="AgenticPayments.UnitTests.Webhooks.ProviderWebhookValidatorTests" name="Validate_ValidRequest_ReturnsNoErrors" />
    </UnitTest>
    <UnitTest name="AgenticPayments.UnitTests.Webhooks.ProcessProviderWebhookUseCaseTests.ExecuteAsync_RecordReturnsDuplicateEvent_ReturnsDuplicate" storage="c:\users\stiliyan\source\repos\apmplayground\tests\agenticpayments.unittests\bin\debug\net10.0\agenticpayments.unittests.dll" id="bfdd4e3f-79e4-0fc7-22e6-2513de4fb49d">
      <Execution id="4a3cbc8d-db54-431c-a28e-5ebf1b668f5a" />
      <TestMethod codeBase="C:\Users\Stiliyan\source\repos\ApmPlayground\tests\AgenticPayments.UnitTests\bin\Debug\net10.0\AgenticPayments.UnitTests.dll" adapterTypeName="executor://xunit/VsTestRunner3/netcore/" className="AgenticPayments.UnitTests.Webhooks.ProcessProviderWebhookUseCaseTests" name="ExecuteAsync_RecordReturnsDuplicateEvent_ReturnsDuplicate" />
    </UnitTest>
    <UnitTest name="AgenticPayments.UnitTests.Webhooks.WebhookPayloadHashTests.Compute_DifferentPaymentIdOrStatus_ReturnsDifferentHash(difference: &quot;other status&quot;)" storage="c:\users\stiliyan\source\repos\apmplayground\tests\agenticpayments.unittests\bin\debug\net10.0\agenticpayments.unittests.dll" id="6eb52f8d-1b4c-d5ad-a506-fe445d40a849">
      <Execution id="015702fd-c0dc-40e1-9e4f-0af47493c8ea" />
      <TestMethod codeBase="C:\Users\Stiliyan\source\repos\ApmPlayground\tests\AgenticPayments.UnitTests\bin\Debug\net10.0\AgenticPayments.UnitTests.dll" adapterTypeName="executor://xunit/VsTestRunner3/netcore/" className="AgenticPayments.UnitTests.Webhooks.WebhookPayloadHashTests" name="Compute_DifferentPaymentIdOrStatus_ReturnsDifferentHash" />
    </UnitTest>
    <UnitTest name="AgenticPayments.UnitTests.Payments.CreatePaymentValidatorTests.Validate_ValidRequest_ReturnsNoErrors(method: Ideal, currency: Eur, amount: &quot;9999999999999999.99&quot;)" storage="c:\users\stiliyan\source\repos\apmplayground\tests\agenticpayments.unittests\bin\debug\net10.0\agenticpayments.unittests.dll" id="4cf6fa86-5761-be6a-b15e-0837d10b1a12">
      <Execution id="07d1e8f3-4a53-41ac-8837-8646b29313b2" />
      <TestMethod codeBase="C:\Users\Stiliyan\source\repos\ApmPlayground\tests\AgenticPayments.UnitTests\bin\Debug\net10.0\AgenticPayments.UnitTests.dll" adapterTypeName="executor://xunit/VsTestRunner3/netcore/" className="AgenticPayments.UnitTests.Payments.CreatePaymentValidatorTests" name="Validate_ValidRequest_ReturnsNoErrors" />
    </UnitTest>
    <UnitTest name="AgenticPayments.UnitTests.Payments.PaymentTests.Constructor_TwoPayments_HaveDifferentIds" storage="c:\users\stiliyan\source\repos\apmplayground\tests\agenticpayments.unittests\bin\debug\net10.0\agenticpayments.unittests.dll" id="b90b617b-2f7a-13a9-38b2-dda033575d1e">
      <Execution id="b97aec2f-030a-4eb3-999f-36ba44353346" />
      <TestMethod codeBase="C:\Users\Stiliyan\source\repos\ApmPlayground\tests\AgenticPayments.UnitTests\bin\Debug\net10.0\AgenticPayments.UnitTests.dll" adapterTypeName="executor://xunit/VsTestRunner3/netcore/" className="AgenticPayments.UnitTests.Payments.PaymentTests" name="Constructor_TwoPayments_HaveDifferentIds" />
    </UnitTest>
    <UnitTest name="AgenticPayments.UnitTests.Payments.CreatePaymentValidatorTests.Validate_UndefinedCurrency_ReturnsCurrencyError" storage="c:\users\stiliyan\source\repos\apmplayground\tests\agenticpayments.unittests\bin\debug\net10.0\agenticpayments.unittests.dll" id="524ccdee-2c95-ac5b-0939-5e3daab8d0b6">
      <Execution id="7715da19-769d-4314-ae7f-f21049ee07d1" />
      <TestMethod codeBase="C:\Users\Stiliyan\source\repos\ApmPlayground\tests\AgenticPayments.UnitTests\bin\Debug\net10.0\AgenticPayments.UnitTests.dll" adapterTypeName="executor://xunit/VsTestRunner3/netcore/" className="AgenticPayments.UnitTests.Payments.CreatePaymentValidatorTests" name="Validate_UndefinedCurrency_ReturnsCurrencyError" />
    </UnitTest>
    <UnitTest name="AgenticPayments.UnitTests.Payments.CreatePaymentValidatorTests.Validate_ValidRequest_ReturnsNoErrors(method: Klarna, currency: Gbp, amount: &quot;0.01&quot;)" storage="c:\users\stiliyan\source\repos\apmplayground\tests\agenticpayments.unittests\bin\debug\net10.0\agenticpayments.unittests.dll" id="cf47295f-5a0e-8996-d32e-7272a6ef86d6">
      <Execution id="9e67b717-a7be-46c9-a820-0290bb452267" />
      <TestMethod codeBase="C:\Users\Stiliyan\source\repos\ApmPlayground\tests\AgenticPayments.UnitTests\bin\Debug\net10.0\AgenticPayments.UnitTests.dll" adapterTypeName="executor://xunit/VsTestRunner3/netcore/" className="AgenticPayments.UnitTests.Payments.CreatePaymentValidatorTests" name="Validate_ValidRequest_ReturnsNoErrors" />
    </UnitTest>
    <UnitTest name="AgenticPayments.UnitTests.Webhooks.WebhookPayloadHashTests.Compute_DifferentPaymentIdOrStatus_ReturnsDifferentHash(difference: &quot;other paymentId&quot;)" storage="c:\users\stiliyan\source\repos\apmplayground\tests\agenticpayments.unittests\bin\debug\net10.0\agenticpayments.unittests.dll" id="794571fc-bb90-df85-c53b-1a375a8464c0">
      <Execution id="637d88a9-2fa6-4825-bc6e-81212d1dc4d8" />
      <TestMethod codeBase="C:\Users\Stiliyan\source\repos\ApmPlayground\tests\AgenticPayments.UnitTests\bin\Debug\net10.0\AgenticPayments.UnitTests.dll" adapterTypeName="executor://xunit/VsTestRunner3/netcore/" className="AgenticPayments.UnitTests.Webhooks.WebhookPayloadHashTests" name="Compute_DifferentPaymentIdOrStatus_ReturnsDifferentHash" />
    </UnitTest>
    <UnitTest name="AgenticPayments.UnitTests.Payments.PaymentTests.TryChangeStatus_FromTerminal_ReturnsFalseAndKeepsStatus(terminalStatus: Failed, newStatus: Failed)" storage="c:\users\stiliyan\source\repos\apmplayground\tests\agenticpayments.unittests\bin\debug\net10.0\agenticpayments.unittests.dll" id="e06e5967-db22-2d99-9cc9-4d4a9dd39883">
      <Execution id="5191457d-4ba0-4225-a54d-f7b175c33af7" />
      <TestMethod codeBase="C:\Users\Stiliyan\source\repos\ApmPlayground\tests\AgenticPayments.UnitTests\bin\Debug\net10.0\AgenticPayments.UnitTests.dll" adapterTypeName="executor://xunit/VsTestRunner3/netcore/" className="AgenticPayments.UnitTests.Payments.PaymentTests" name="TryChangeStatus_FromTerminal_ReturnsFalseAndKeepsStatus" />
    </UnitTest>
    <UnitTest name="AgenticPayments.UnitTests.Payments.CreatePaymentValidatorTests.Validate_AmountNotPositive_ReturnsAmountError(amount: &quot;-0.01&quot;)" storage="c:\users\stiliyan\source\repos\apmplayground\tests\agenticpayments.unittests\bin\debug\net10.0\agenticpayments.unittests.dll" id="45de6210-98e7-d0c2-a5ce-3e88d487e339">
      <Execution id="59760af2-836c-4f25-a28f-1d09f8f67609" />
      <TestMethod codeBase="C:\Users\Stiliyan\source\repos\ApmPlayground\tests\AgenticPayments.UnitTests\bin\Debug\net10.0\AgenticPayments.UnitTests.dll" adapterTypeName="executor://xunit/VsTestRunner3/netcore/" className="AgenticPayments.UnitTests.Payments.CreatePaymentValidatorTests" name="Validate_AmountNotPositive_ReturnsAmountError" />
    </UnitTest>
    <UnitTest name="AgenticPayments.UnitTests.Payments.CreatePaymentValidatorTests.Validate_AmountWithMoreThanTwoDecimals_ReturnsAmountError(amount: &quot;0.001&quot;)" storage="c:\users\stiliyan\source\repos\apmplayground\tests\agenticpayments.unittests\bin\debug\net10.0\agenticpayments.unittests.dll" id="48944996-e3e9-19b9-4358-6e41cd41a8e3">
      <Execution id="41b1bd0d-91f5-41fb-ae9e-db5cf5646090" />
      <TestMethod codeBase="C:\Users\Stiliyan\source\repos\ApmPlayground\tests\AgenticPayments.UnitTests\bin\Debug\net10.0\AgenticPayments.UnitTests.dll" adapterTypeName="executor://xunit/VsTestRunner3/netcore/" className="AgenticPayments.UnitTests.Payments.CreatePaymentValidatorTests" name="Validate_AmountWithMoreThanTwoDecimals_ReturnsAmountError" />
    </UnitTest>
    <UnitTest name="AgenticPayments.UnitTests.Webhooks.ProviderWebhookValidatorTests.Validate_ValidRequest_ReturnsNoErrors(eventIdLength: 200, status: Succeeded)" storage="c:\users\stiliyan\source\repos\apmplayground\tests\agenticpayments.unittests\bin\debug\net10.0\agenticpayments.unittests.dll" id="a5477951-e9d7-1c2b-57c1-446d35b9150a">
      <Execution id="e5296c33-e95d-42c8-b07d-24596a0b02fc" />
      <TestMethod codeBase="C:\Users\Stiliyan\source\repos\ApmPlayground\tests\AgenticPayments.UnitTests\bin\Debug\net10.0\AgenticPayments.UnitTests.dll" adapterTypeName="executor://xunit/VsTestRunner3/netcore/" className="AgenticPayments.UnitTests.Webhooks.ProviderWebhookValidatorTests" name="Validate_ValidRequest_ReturnsNoErrors" />
    </UnitTest>
    <UnitTest name="AgenticPayments.UnitTests.Payments.PaymentTests.TryChangeStatus_FromTerminal_ReturnsFalseAndKeepsStatus(terminalStatus: Succeeded, newStatus: Pending)" storage="c:\users\stiliyan\source\repos\apmplayground\tests\agenticpayments.unittests\bin\debug\net10.0\agenticpayments.unittests.dll" id="cc3a4a80-b957-880f-0684-03361331b5aa">
      <Execution id="7c26db1d-3316-4aa7-b029-893b6b66e87d" />
      <TestMethod codeBase="C:\Users\Stiliyan\source\repos\ApmPlayground\tests\AgenticPayments.UnitTests\bin\Debug\net10.0\AgenticPayments.UnitTests.dll" adapterTypeName="executor://xunit/VsTestRunner3/netcore/" className="AgenticPayments.UnitTests.Payments.PaymentTests" name="TryChangeStatus_FromTerminal_ReturnsFalseAndKeepsStatus" />
    </UnitTest>
    <UnitTest name="AgenticPayments.UnitTests.Webhooks.ProviderWebhookValidatorTests.Validate_PaymentIdEmpty_ReturnsPaymentIdError" storage="c:\users\stiliyan\source\repos\apmplayground\tests\agenticpayments.unittests\bin\debug\net10.0\agenticpayments.unittests.dll" id="cf1de8cc-799b-e436-b485-bec0eb984c92">
      <Execution id="6fb155dd-58d1-403c-b3a3-4ffeab2ae0d8" />
      <TestMethod codeBase="C:\Users\Stiliyan\source\repos\ApmPlayground\tests\AgenticPayments.UnitTests\bin\Debug\net10.0\AgenticPayments.UnitTests.dll" adapterTypeName="executor://xunit/VsTestRunner3/netcore/" className="AgenticPayments.UnitTests.Webhooks.ProviderWebhookValidatorTests" name="Validate_PaymentIdEmpty_ReturnsPaymentIdError" />
    </UnitTest>
    <UnitTest name="AgenticPayments.UnitTests.Webhooks.ProcessProviderWebhookUseCaseTests.ExecuteAsync_KnownEventIdWithoutHash_ReturnsDuplicate(requestStatus: Failed)" storage="c:\users\stiliyan\source\repos\apmplayground\tests\agenticpayments.unittests\bin\debug\net10.0\agenticpayments.unittests.dll" id="07048b00-cef5-c53e-7216-33c67a4a02aa">
      <Execution id="07b80c51-4dae-4152-8f0b-ae6d5e3bff24" />
      <TestMethod codeBase="C:\Users\Stiliyan\source\repos\ApmPlayground\tests\AgenticPayments.UnitTests\bin\Debug\net10.0\AgenticPayments.UnitTests.dll" adapterTypeName="executor://xunit/VsTestRunner3/netcore/" className="AgenticPayments.UnitTests.Webhooks.ProcessProviderWebhookUseCaseTests" name="ExecuteAsync_KnownEventIdWithoutHash_ReturnsDuplicate" />
    </UnitTest>
    <UnitTest name="AgenticPayments.UnitTests.Webhooks.WebhookPayloadHashTests.Compute_KnownPayload_ReturnsLowercaseSha256OfCanonicalString" storage="c:\users\stiliyan\source\repos\apmplayground\tests\agenticpayments.unittests\bin\debug\net10.0\agenticpayments.unittests.dll" id="c4ff281b-7ee6-cb9e-0e2d-9b8508dabeb2">
      <Execution id="3ade54de-5c62-4b7d-814c-1352cfb49ab4" />
      <TestMethod codeBase="C:\Users\Stiliyan\source\repos\ApmPlayground\tests\AgenticPayments.UnitTests\bin\Debug\net10.0\AgenticPayments.UnitTests.dll" adapterTypeName="executor://xunit/VsTestRunner3/netcore/" className="AgenticPayments.UnitTests.Webhooks.WebhookPayloadHashTests" name="Compute_KnownPayload_ReturnsLowercaseSha256OfCanonicalString" />
    </UnitTest>
    <UnitTest name="AgenticPayments.UnitTests.Webhooks.ProcessProviderWebhookUseCaseTests.ExecuteAsync_TerminalPayment_ReturnsIgnoredKeepsStatusAndRecordsEvent(terminalStatus: Failed, newStatus: Succeeded)" storage="c:\users\stiliyan\source\repos\apmplayground\tests\agenticpayments.unittests\bin\debug\net10.0\agenticpayments.unittests.dll" id="3b44baa1-b769-7b47-40f4-69a9d8377c2e">
      <Execution id="f4fe6f01-22bd-4bb9-9d23-4cd0feb7a980" />
      <TestMethod codeBase="C:\Users\Stiliyan\source\repos\ApmPlayground\tests\AgenticPayments.UnitTests\bin\Debug\net10.0\AgenticPayments.UnitTests.dll" adapterTypeName="executor://xunit/VsTestRunner3/netcore/" className="AgenticPayments.UnitTests.Webhooks.ProcessProviderWebhookUseCaseTests" name="ExecuteAsync_TerminalPayment_ReturnsIgnoredKeepsStatusAndRecordsEvent" />
    </UnitTest>
    <UnitTest name="AgenticPayments.UnitTests.Webhooks.ProcessProviderWebhookUseCaseTests.ExecuteAsync_TerminalPayment_ReturnsIgnoredKeepsStatusAndRecordsEvent(terminalStatus: Succeeded, newStatus: Failed)" storage="c:\users\stiliyan\source\repos\apmplayground\tests\agenticpayments.unittests\bin\debug\net10.0\agenticpayments.unittests.dll" id="976a07ec-2f65-ff20-d471-bebce8b4286d">
      <Execution id="28dca816-0a68-4651-8a38-ee720f96a3e9" />
      <TestMethod codeBase="C:\Users\Stiliyan\source\repos\ApmPlayground\tests\AgenticPayments.UnitTests\bin\Debug\net10.0\AgenticPayments.UnitTests.dll" adapterTypeName="executor://xunit/VsTestRunner3/netcore/" className="AgenticPayments.UnitTests.Webhooks.ProcessProviderWebhookUseCaseTests" name="ExecuteAsync_TerminalPayment_ReturnsIgnoredKeepsStatusAndRecordsEvent" />
    </UnitTest>
    <UnitTest name="AgenticPayments.UnitTests.Webhooks.ProcessProviderWebhookUseCaseTests.ExecuteAsync_KnownEventIdWithoutHash_ReturnsDuplicate(requestStatus: Succeeded)" storage="c:\users\stiliyan\source\repos\apmplayground\tests\agenticpayments.unittests\bin\debug\net10.0\agenticpayments.unittests.dll" id="a3654204-b31f-ba71-2e68-105ba7cb4abc">
      <Execution id="70ab7c16-d800-4e04-9343-37779b5937ee" />
      <TestMethod codeBase="C:\Users\Stiliyan\source\repos\ApmPlayground\tests\AgenticPayments.UnitTests\bin\Debug\net10.0\AgenticPayments.UnitTests.dll" adapterTypeName="executor://xunit/VsTestRunner3/netcore/" className="AgenticPayments.UnitTests.Webhooks.ProcessProviderWebhookUseCaseTests" name="ExecuteAsync_KnownEventIdWithoutHash_ReturnsDuplicate" />
    </UnitTest>
    <UnitTest name="AgenticPayments.UnitTests.Webhooks.ProviderWebhookValidatorTests.Validate_ValidRequest_ReturnsNoErrors(eventIdLength: 1, status: Failed)" storage="c:\users\stiliyan\source\repos\apmplayground\tests\agenticpayments.unittests\bin\debug\net10.0\agenticpayments.unittests.dll" id="80e12b02-d7cd-e9ce-3281-82217c12905d">
      <Execution id="a22e6255-7398-4fe1-8411-29db7846c70e" />
      <TestMethod codeBase="C:\Users\Stiliyan\source\repos\ApmPlayground\tests\AgenticPayments.UnitTests\bin\Debug\net10.0\AgenticPayments.UnitTests.dll" adapterTypeName="executor://xunit/VsTestRunner3/netcore/" className="AgenticPayments.UnitTests.Webhooks.ProviderWebhookValidatorTests" name="Validate_ValidRequest_ReturnsNoErrors" />
    </UnitTest>
    <UnitTest name="AgenticPayments.UnitTests.Payments.CreatePaymentValidatorTests.Validate_AmountNotPositive_ReturnsAmountError(amount: &quot;0&quot;)" storage="c:\users\stiliyan\source\repos\apmplayground\tests\agenticpayments.unittests\bin\debug\net10.0\agenticpayments.unittests.dll" id="3c76e9c7-5b13-7482-e27f-cc9b5c5c2023">
      <Execution id="262c7bd3-a417-464e-845e-d83705615b8a" />
      <TestMethod codeBase="C:\Users\Stiliyan\source\repos\ApmPlayground\tests\AgenticPayments.UnitTests\bin\Debug\net10.0\AgenticPayments.UnitTests.dll" adapterTypeName="executor://xunit/VsTestRunner3/netcore/" className="AgenticPayments.UnitTests.Payments.CreatePaymentValidatorTests" name="Validate_AmountNotPositive_ReturnsAmountError" />
    </UnitTest>
    <UnitTest name="AgenticPayments.UnitTests.Payments.CreatePaymentValidatorTests.Validate_ValidRequest_ReturnsNoErrors(method: Klarna, currency: Usd, amount: &quot;1000&quot;)" storage="c:\users\stiliyan\source\repos\apmplayground\tests\agenticpayments.unittests\bin\debug\net10.0\agenticpayments.unittests.dll" id="01c49840-ec82-ca8e-3d0e-77f5a468e7ca">
      <Execution id="166a9c31-1fb7-4788-b829-ca753f94e317" />
      <TestMethod codeBase="C:\Users\Stiliyan\source\repos\ApmPlayground\tests\AgenticPayments.UnitTests\bin\Debug\net10.0\AgenticPayments.UnitTests.dll" adapterTypeName="executor://xunit/VsTestRunner3/netcore/" className="AgenticPayments.UnitTests.Payments.CreatePaymentValidatorTests" name="Validate_ValidRequest_ReturnsNoErrors" />
    </UnitTest>
    <UnitTest name="AgenticPayments.UnitTests.Payments.PaymentTests.Constructor_SetsPendingStatusAndNewId" storage="c:\users\stiliyan\source\repos\apmplayground\tests\agenticpayments.unittests\bin\debug\net10.0\agenticpayments.unittests.dll" id="07f163be-b896-3f83-398f-835b0658f5b4">
      <Execution id="46add056-06d5-473c-9865-930d4a8ae65d" />
      <TestMethod codeBase="C:\Users\Stiliyan\source\repos\ApmPlayground\tests\AgenticPayments.UnitTests\bin\Debug\net10.0\AgenticPayments.UnitTests.dll" adapterTypeName="executor://xunit/VsTestRunner3/netcore/" className="AgenticPayments.UnitTests.Payments.PaymentTests" name="Constructor_SetsPendingStatusAndNewId" />
    </UnitTest>
  </TestDefinitions>
  <TestEntries>
    <TestEntry testId="6d183159-50f5-2b6a-779f-eafceca53b10" executionId="f95893d9-5bd7-4fc6-989c-a8efb27cde42" testListId="8c84fa94-04c1-424b-9868-57a2d4851a1d" />
    <TestEntry testId="4060340c-852a-9061-b584-39697158d5c0" executionId="9af34189-2612-4d4d-8239-60d0fe314736" testListId="8c84fa94-04c1-424b-9868-57a2d4851a1d" />
    <TestEntry testId="ba5c2a2c-17a7-27ff-63b8-1a833d8d0f3e" executionId="e8ab4a5c-57e7-42e6-9b33-2d395540a47a" testListId="8c84fa94-04c1-424b-9868-57a2d4851a1d" />
    <TestEntry testId="3b44baa1-b769-7b47-40f4-69a9d8377c2e" executionId="f4fe6f01-22bd-4bb9-9d23-4cd0feb7a980" testListId="8c84fa94-04c1-424b-9868-57a2d4851a1d" />
    <TestEntry testId="127e31d0-de38-8234-652b-78c32bab6fe5" executionId="0d3e7fe9-6cd0-483c-b55a-bbfc0c35ad3c" testListId="8c84fa94-04c1-424b-9868-57a2d4851a1d" />
    <TestEntry testId="646e6c5e-aa7c-d8c0-0da3-b91c162c22e3" executionId="6080a100-eee4-40f2-b39c-35583e63629d" testListId="8c84fa94-04c1-424b-9868-57a2d4851a1d" />
    <TestEntry testId="a5477951-e9d7-1c2b-57c1-446d35b9150a" executionId="e5296c33-e95d-42c8-b07d-24596a0b02fc" testListId="8c84fa94-04c1-424b-9868-57a2d4851a1d" />
    <TestEntry testId="976a07ec-2f65-ff20-d471-bebce8b4286d" executionId="28dca816-0a68-4651-8a38-ee720f96a3e9" testListId="8c84fa94-04c1-424b-9868-57a2d4851a1d" />
    <TestEntry testId="45de6210-98e7-d0c2-a5ce-3e88d487e339" executionId="59760af2-836c-4f25-a28f-1d09f8f67609" testListId="8c84fa94-04c1-424b-9868-57a2d4851a1d" />
    <TestEntry testId="48944996-e3e9-19b9-4358-6e41cd41a8e3" executionId="41b1bd0d-91f5-41fb-ae9e-db5cf5646090" testListId="8c84fa94-04c1-424b-9868-57a2d4851a1d" />
    <TestEntry testId="6343d975-bde6-8242-285e-9bf03e0c4dcb" executionId="8f43da60-39a8-43a5-be0f-c433b3cf79bc" testListId="8c84fa94-04c1-424b-9868-57a2d4851a1d" />
    <TestEntry testId="80e12b02-d7cd-e9ce-3281-82217c12905d" executionId="a22e6255-7398-4fe1-8411-29db7846c70e" testListId="8c84fa94-04c1-424b-9868-57a2d4851a1d" />
    <TestEntry testId="cf47295f-5a0e-8996-d32e-7272a6ef86d6" executionId="9e67b717-a7be-46c9-a820-0290bb452267" testListId="8c84fa94-04c1-424b-9868-57a2d4851a1d" />
    <TestEntry testId="9e55efdf-a8ad-33d1-3168-f406bd207cfb" executionId="709edf78-98a1-4010-975a-105cacd145a7" testListId="8c84fa94-04c1-424b-9868-57a2d4851a1d" />
    <TestEntry testId="97eb0b03-54a5-4fa3-d2d2-dae3e27bcf7a" executionId="19f77a39-5e02-4f83-9477-0150f9878265" testListId="8c84fa94-04c1-424b-9868-57a2d4851a1d" />
    <TestEntry testId="9f52dfe8-bd6e-29dd-33ba-f91f79dc2318" executionId="b1eac75d-9192-421f-9255-2e9729605e4d" testListId="8c84fa94-04c1-424b-9868-57a2d4851a1d" />
    <TestEntry testId="cf1de8cc-799b-e436-b485-bec0eb984c92" executionId="6fb155dd-58d1-403c-b3a3-4ffeab2ae0d8" testListId="8c84fa94-04c1-424b-9868-57a2d4851a1d" />
    <TestEntry testId="8a3b1a6c-b2e9-b046-0a15-d954462184b8" executionId="3180b662-847c-4954-bfd0-13267c8017a0" testListId="8c84fa94-04c1-424b-9868-57a2d4851a1d" />
    <TestEntry testId="61960c5a-4309-9dc9-37d5-4d388ab043b1" executionId="c06caaac-627b-4364-a4a8-ff8a52aa2797" testListId="8c84fa94-04c1-424b-9868-57a2d4851a1d" />
    <TestEntry testId="a3654204-b31f-ba71-2e68-105ba7cb4abc" executionId="70ab7c16-d800-4e04-9343-37779b5937ee" testListId="8c84fa94-04c1-424b-9868-57a2d4851a1d" />
    <TestEntry testId="04ff986d-135e-63a5-8eb4-780972a5f1ad" executionId="7a237cf5-4f35-4496-a3ed-df94488f0b6b" testListId="8c84fa94-04c1-424b-9868-57a2d4851a1d" />
    <TestEntry testId="4d9516d8-5c5e-fdf0-eae6-09bb40aa7312" executionId="b6106550-f308-46e9-863f-dc733b74b499" testListId="8c84fa94-04c1-424b-9868-57a2d4851a1d" />
    <TestEntry testId="07048b00-cef5-c53e-7216-33c67a4a02aa" executionId="07b80c51-4dae-4152-8f0b-ae6d5e3bff24" testListId="8c84fa94-04c1-424b-9868-57a2d4851a1d" />
    <TestEntry testId="6eb52f8d-1b4c-d5ad-a506-fe445d40a849" executionId="015702fd-c0dc-40e1-9e4f-0af47493c8ea" testListId="8c84fa94-04c1-424b-9868-57a2d4851a1d" />
    <TestEntry testId="2b1e3a9b-6b67-9a0a-a813-4ccc7e644885" executionId="4e33e3f2-a538-4d3f-8014-f1a73e69bd78" testListId="8c84fa94-04c1-424b-9868-57a2d4851a1d" />
    <TestEntry testId="07f163be-b896-3f83-398f-835b0658f5b4" executionId="46add056-06d5-473c-9865-930d4a8ae65d" testListId="8c84fa94-04c1-424b-9868-57a2d4851a1d" />
    <TestEntry testId="b90b617b-2f7a-13a9-38b2-dda033575d1e" executionId="b97aec2f-030a-4eb3-999f-36ba44353346" testListId="8c84fa94-04c1-424b-9868-57a2d4851a1d" />
    <TestEntry testId="c75df9f3-b08a-9475-5d57-905aafb83e62" executionId="7e76a159-01f7-4c3b-a70e-14d017f9fc39" testListId="8c84fa94-04c1-424b-9868-57a2d4851a1d" />
    <TestEntry testId="bfdd4e3f-79e4-0fc7-22e6-2513de4fb49d" executionId="4a3cbc8d-db54-431c-a28e-5ebf1b668f5a" testListId="8c84fa94-04c1-424b-9868-57a2d4851a1d" />
    <TestEntry testId="0b51ba8a-c577-480b-f67c-2022db63de28" executionId="dd63f4a1-c022-4002-927f-ebe8597f22dc" testListId="8c84fa94-04c1-424b-9868-57a2d4851a1d" />
    <TestEntry testId="6427a836-68b9-eff0-c09c-f60bcab94643" executionId="9bb35f58-0b38-4ca4-8cfe-ba579ae97146" testListId="8c84fa94-04c1-424b-9868-57a2d4851a1d" />
    <TestEntry testId="675f4b8d-8142-4b07-ce28-ea1314093298" executionId="3b1e7428-d8be-435a-8479-5a189e4768cb" testListId="8c84fa94-04c1-424b-9868-57a2d4851a1d" />
    <TestEntry testId="794571fc-bb90-df85-c53b-1a375a8464c0" executionId="637d88a9-2fa6-4825-bc6e-81212d1dc4d8" testListId="8c84fa94-04c1-424b-9868-57a2d4851a1d" />
    <TestEntry testId="14d94bc3-a5a7-43d0-2a34-7a2c3a07a123" executionId="388aa90a-d9fe-4812-9dbb-29e3fdbe5d0c" testListId="8c84fa94-04c1-424b-9868-57a2d4851a1d" />
    <TestEntry testId="0f8b397b-811c-0b9d-2538-f5075b3bc597" executionId="c76075b9-abde-4918-b910-29216f82c75c" testListId="8c84fa94-04c1-424b-9868-57a2d4851a1d" />
    <TestEntry testId="afaf3fe2-35d6-d1c0-05f4-ecc1751cbc87" executionId="905f5345-0912-4128-adb1-27aaf6392004" testListId="8c84fa94-04c1-424b-9868-57a2d4851a1d" />
    <TestEntry testId="263c34fb-6ea9-cfb0-d783-2f7a9de537b1" executionId="969ab82e-2dd0-4894-88c5-cc048cb3e139" testListId="8c84fa94-04c1-424b-9868-57a2d4851a1d" />
    <TestEntry testId="b1e78fb5-a9e0-fc77-51ef-3ca68361ef4f" executionId="b0c4c20c-e126-4437-9380-0edd0a5132b2" testListId="8c84fa94-04c1-424b-9868-57a2d4851a1d" />
    <TestEntry testId="c4ff281b-7ee6-cb9e-0e2d-9b8508dabeb2" executionId="3ade54de-5c62-4b7d-814c-1352cfb49ab4" testListId="8c84fa94-04c1-424b-9868-57a2d4851a1d" />
    <TestEntry testId="97124a1f-9257-1388-2be3-1b7fc611d8c5" executionId="e0a84fb3-357f-408d-935a-2d82b916c116" testListId="8c84fa94-04c1-424b-9868-57a2d4851a1d" />
    <TestEntry testId="01c49840-ec82-ca8e-3d0e-77f5a468e7ca" executionId="166a9c31-1fb7-4788-b829-ca753f94e317" testListId="8c84fa94-04c1-424b-9868-57a2d4851a1d" />
    <TestEntry testId="e06e5967-db22-2d99-9cc9-4d4a9dd39883" executionId="5191457d-4ba0-4225-a54d-f7b175c33af7" testListId="8c84fa94-04c1-424b-9868-57a2d4851a1d" />
    <TestEntry testId="cf114dba-b604-c8ae-31de-2a315c634307" executionId="e858f8b9-84da-4af8-8e0b-2c9c317371a8" testListId="8c84fa94-04c1-424b-9868-57a2d4851a1d" />
    <TestEntry testId="e8cd8b7f-251d-9585-f3f6-e4cf56a8862a" executionId="0f675f1e-4f04-4b32-9651-372f0552d76f" testListId="8c84fa94-04c1-424b-9868-57a2d4851a1d" />
    <TestEntry testId="6e7a6a6e-9081-ab11-7802-30b742891b6a" executionId="025599d8-b378-4e2a-ad5c-0a76c35069b6" testListId="8c84fa94-04c1-424b-9868-57a2d4851a1d" />
    <TestEntry testId="947d336e-7476-f4ef-5925-18eb49e06176" executionId="840d30ac-10d8-4f28-9315-487e10c9034b" testListId="8c84fa94-04c1-424b-9868-57a2d4851a1d" />
    <TestEntry testId="30c4696a-6323-8ce4-b4b8-663918bb0cdf" executionId="5089b40d-3bce-4e23-b28f-a7804f34baa9" testListId="8c84fa94-04c1-424b-9868-57a2d4851a1d" />
    <TestEntry testId="524ccdee-2c95-ac5b-0939-5e3daab8d0b6" executionId="7715da19-769d-4314-ae7f-f21049ee07d1" testListId="8c84fa94-04c1-424b-9868-57a2d4851a1d" />
    <TestEntry testId="cc3a4a80-b957-880f-0684-03361331b5aa" executionId="7c26db1d-3316-4aa7-b029-893b6b66e87d" testListId="8c84fa94-04c1-424b-9868-57a2d4851a1d" />
    <TestEntry testId="33b465ed-0c2f-f8c5-0778-8399420847b3" executionId="74229319-9036-437f-a750-3862e492912f" testListId="8c84fa94-04c1-424b-9868-57a2d4851a1d" />
    <TestEntry testId="a30cf54e-b4ea-a292-5e49-5d84d6e022ec" executionId="52b4e098-8920-4f7f-9461-2702ce5fbea2" testListId="8c84fa94-04c1-424b-9868-57a2d4851a1d" />
    <TestEntry testId="4cf6fa86-5761-be6a-b15e-0837d10b1a12" executionId="07d1e8f3-4a53-41ac-8837-8646b29313b2" testListId="8c84fa94-04c1-424b-9868-57a2d4851a1d" />
    <TestEntry testId="88e97da7-ceca-969b-e602-394675b06538" executionId="15e68f19-0444-4a21-aee7-1d2140bba0fb" testListId="8c84fa94-04c1-424b-9868-57a2d4851a1d" />
    <TestEntry testId="effd692c-cb6b-a9c1-58e0-9c5ca387c4a1" executionId="d06480ef-fd72-4eda-b64b-418f2368974f" testListId="8c84fa94-04c1-424b-9868-57a2d4851a1d" />
    <TestEntry testId="3c76e9c7-5b13-7482-e27f-cc9b5c5c2023" executionId="262c7bd3-a417-464e-845e-d83705615b8a" testListId="8c84fa94-04c1-424b-9868-57a2d4851a1d" />
  </TestEntries>
  <TestLists>
    <TestList name="Results Not in a List" id="8c84fa94-04c1-424b-9868-57a2d4851a1d" />
    <TestList name="All Loaded Results" id="19431567-8539-422a-85d7-44ee4e166bda" />
  </TestLists>
  <ResultSummary outcome="Completed">
    <Counters total="55" executed="55" passed="55" failed="0" error="0" timeout="0" aborted="0" inconclusive="0" passedButRunAborted="0" notRunnable="0" notExecuted="0" disconnected="0" warning="0" completed="0" inProgress="0" pending="0" />
    <Output>
      <StdOut>[xUnit.net 00:00:00.01] xUnit.net VSTest Adapter v3.1.4+50e68bbb8b (64-bit .NET 10.0.11)&#xD;
[xUnit.net 00:00:00.23]   Discovering: AgenticPayments.UnitTests&#xD;
[xUnit.net 00:00:00.44]   Discovered:  AgenticPayments.UnitTests&#xD;
[xUnit.net 00:00:00.54]   Starting:    AgenticPayments.UnitTests&#xD;
[xUnit.net 00:00:01.10]   Finished:    AgenticPayments.UnitTests&#xD;
</StdOut>
    </Output>
  </ResultSummary>
</TestRun>