<?xml version="1.0" encoding="utf-8"?>
<TestRun id="bd72a998-2d8b-4d65-8cb8-b4ffd771960e" name="Stiliyan@DESKTOP-NPVESJH 2026-10-02 12:36:16" runUser="DESKTOP-NPVESJH\Stiliyan" xmlns="http://microsoft.com/schemas/VisualStudio/TeamTest/2010">
  <Times creation="2026-10-02T12:36:16.0254696+03:00" queuing="2026-10-02T12:36:16.0254698+03:00" start="2026-10-02T12:36:14.8797252+03:00" finish="2026-10-02T12:36:16.0845233+03:00" />
  <TestSettings name="default" id="76c73efd-5ce6-48b2-ac74-72f77d8956b2">
    <Deployment runDeploymentRoot="Stiliyan_DESKTOP-NPVESJH_2026-10-02_12_36_16" />
  </TestSettings>
  <Results>
    <UnitTestResult executionId="aa511aa8-502e-4809-a26c-6d38dece2d8b" testId="6eb52f8d-1b4c-d5ad-a506-fe445d40a849" testName="AgenticPayments.UnitTests.Webhooks.WebhookPayloadHashTests.Compute_DifferentPaymentIdOrStatus_ReturnsDifferentHash(difference: &quot;other status&quot;)" computerName="DESKTOP-NPVESJH" duration="00:00:00.0058465" startTime="2026-10-02T12:36:15.9347043+03:00" endTime="2026-10-02T12:36:15.9807398+03:00" testType="13cdc9d9-ddb5-4fa4-a97d-d965ccfc6d4b" outcome="Passed" testListId="8c84fa94-04c1-424b-9868-57a2d4851a1d" relativeResultsDirectory="aa511aa8-502e-4809-a26c-6d38dece2d8b" />
    <UnitTestResult executionId="8241c2ef-7baf-4d83-bea5-e1b3380bd8b9" testId="794571fc-bb90-df85-c53b-1a375a8464c0" testName="AgenticPayments.UnitTests.Webhooks.WebhookPayloadHashTests.Compute_DifferentPaymentIdOrStatus_ReturnsDifferentHash(difference: &quot;other paymentId&quot;)" computerName="DESKTOP-NPVESJH" duration="00:00:00.0006631" startTime="2026-10-02T12:36:15.9808366+03:00" endTime="2026-10-02T12:36:15.9808807+03:00" testType="13cdc9d9-ddb5-4fa4-a97d-d965ccfc6d4b" outcome="Passed" testListId="8c84fa94-04c1-424b-9868-57a2d4851a1d" relativeResultsDirectory="8241c2ef-7baf-4d83-bea5-e1b3380bd8b9" />
    <UnitTestResult executionId="55d5fa43-6599-4d3c-a75e-c08c14a83309" testId="3c76e9c7-5b13-7482-e27f-cc9b5c5c2023" testName="AgenticPayments.UnitTests.Payments.CreatePaymentValidatorTests.Validate_AmountNotPositive_ReturnsAmountError(amount: &quot;0&quot;)" computerName="DESKTOP-NPVESJH" duration="00:00:00.0010489" startTime="2026-10-02T12:36:15.9851478+03:00" endTime="2026-10-02T12:36:15.9858024+03:00" testType="13cdc9d9-ddb5-4fa4-a97d-d965ccfc6d4b" outcome="Passed" testListId="8c84fa94-04c1-424b-9868-57a2d4851a1d" relativeResultsDirectory="55d5fa43-6599-4d3c-a75e-c08c14a83309" />
    <UnitTestResult executionId="6c83ba4e-d3c7-4bb4-a1f7-bbe2beb1afdd" testId="c4ff281b-7ee6-cb9e-0e2d-9b8508dabeb2" testName="AgenticPayments.UnitTests.Webhooks.WebhookPayloadHashTests.Compute_KnownPayload_ReturnsLowercaseSha256OfCanonicalString" computerName="DESKTOP-NPVESJH" duration="00:00:00.0691799" startTime="2026-10-02T12:36:15.8205083+03:00" endTime="2026-10-02T12:36:15.9145359+03:00" testType="13cdc9d9-ddb5-4fa4-a97d-d965ccfc6d4b" outcome="Passed" testListId="8c84fa94-04c1-424b-9868-57a2d4851a1d" relativeResultsDirectory="6c83ba4e-d3c7-4bb4-a1f7-bbe2beb1afdd" />
    <UnitTestResult executionId="763129be-d861-45e1-ba2c-922f54b2929c" testId="45de6210-98e7-d0c2-a5ce-3e88d487e339" testName="AgenticPayments.UnitTests.Payments.CreatePaymentValidatorTests.Validate_AmountNotPositive_ReturnsAmountError(amount: &quot;-0.01&quot;)" computerName="DESKTOP-NPVESJH" duration="00:00:00.0002759" startTime="2026-10-02T12:36:15.9859523+03:00" endTime="2026-10-02T12:36:15.9860493+03:00" testType="13cdc9d9-ddb5-4fa4-a97d-d965ccfc6d4b" outcome="Passed" testListId="8c84fa94-04c1-424b-9868-57a2d4851a1d" relativeResultsDirectory="763129be-d861-45e1-ba2c-922f54b2929c" />
    <UnitTestResult executionId="b89c4024-60c9-47a4-a531-1f91be281a54" testId="04ff986d-135e-63a5-8eb4-780972a5f1ad" testName="AgenticPayments.UnitTests.Payments.CreatePaymentUseCaseTests.ExecuteAsync_ValidRequest_ReturnsPendingResponseWithRedirectUrl(method: Klarna, segment: &quot;klarna&quot;)" computerName="DESKTOP-NPVESJH" duration="00:00:00.1038237" startTime="2026-10-02T12:36:15.8178892+03:00" endTime="2026-10-02T12:36:15.9879109+03:00" testType="13cdc9d9-ddb5-4fa4-a97d-d965ccfc6d4b" outcome="Passed" testListId="8c84fa94-04c1-424b-9868-57a2d4851a1d" relativeResultsDirectory="b89c4024-60c9-47a4-a531-1f91be281a54" />
    <UnitTestResult executionId="08b7e0bb-45d9-4ff8-ab96-6d5e60928576" testId="263c34fb-6ea9-cfb0-d783-2f7a9de537b1" testName="AgenticPayments.UnitTests.Webhooks.ProcessProviderWebhookUseCaseTests.ExecuteAsync_PendingPayment_AppliesStatusAndRecordsEventWithHash(status: Succeeded, expectedStatus: Succeeded)" computerName="DESKTOP-NPVESJH" duration="00:00:00.0019335" startTime="2026-10-02T12:36:15.9928002+03:00" endTime="2026-10-02T12:36:15.9928400+03:00" testType="13cdc9d9-ddb5-4fa4-a97d-d965ccfc6d4b" outcome="Passed" testListId="8c84fa94-04c1-424b-9868-57a2d4851a1d" relativeResultsDirectory="08b7e0bb-45d9-4ff8-ab96-6d5e60928576" />
    <UnitTestResult executionId="7cf92a14-6f65-4986-bbf1-fd7c971fbee6" testId="97124a1f-9257-1388-2be3-1b7fc611d8c5" testName="AgenticPayments.UnitTests.Webhooks.ProviderWebhookValidatorTests.Validate_EventIdTooLong_ReturnsEventIdError" computerName="DESKTOP-NPVESJH" duration="00:00:00.0009553" startTime="2026-10-02T12:36:15.9871425+03:00" endTime="2026-10-02T12:36:15.9873360+03:00" testType="13cdc9d9-ddb5-4fa4-a97d-d965ccfc6d4b" outcome="Passed" testListId="8c84fa94-04c1-424b-9868-57a2d4851a1d" relativeResultsDirectory="7cf92a14-6f65-4986-bbf1-fd7c971fbee6" />
    <UnitTestResult executionId="715cf79e-ce52-4289-b60e-a22e7cc32de6" testId="88e97da7-ceca-969b-e602-394675b06538" testName="AgenticPayments.UnitTests.Payments.PaymentTests.TryChangeStatus_FromTerminal_ReturnsFalseAndKeepsStatus(terminalStatus: Failed, newStatus: Pending)" computerName="DESKTOP-NPVESJH" duration="00:00:00.0013518" startTime="2026-10-02T12:36:15.9350970+03:00" endTime="2026-10-02T12:36:15.9351687+03:00" testType="13cdc9d9-ddb5-4fa4-a97d-d965ccfc6d4b" outcome="Passed" testListId="8c84fa94-04c1-424b-9868-57a2d4851a1d" relativeResultsDirectory="715cf79e-ce52-4289-b60e-a22e7cc32de6" />
    <UnitTestResult executionId="428f179c-1819-48a5-8a37-8deab55fc9c5" testId="2b1e3a9b-6b67-9a0a-a813-4ccc7e644885" testName="AgenticPayments.UnitTests.Payments.CreatePaymentValidatorTests.Validate_AmountWithMoreThanTwoDecimals_ReturnsAmountError(amount: &quot;10.123&quot;)" computerName="DESKTOP-NPVESJH" duration="00:00:00.0007521" startTime="2026-10-02T12:36:15.9878676+03:00" endTime="2026-10-02T12:36:15.9888097+03:00" testType="13cdc9d9-ddb5-4fa4-a97d-d965ccfc6d4b" outcome="Passed" testListId="8c84fa94-04c1-424b-9868-57a2d4851a1d" relativeResultsDirectory="428f179c-1819-48a5-8a37-8deab55fc9c5" />
    <UnitTestResult executionId="a0f4a61e-d363-4f49-9454-187c67737644" testId="6e7a6a6e-9081-ab11-7802-30b742891b6a" testName="AgenticPayments.UnitTests.Webhooks.ProcessProviderWebhookUseCaseTests.ExecuteAsync_InvalidRequest_ReturnsInvalidWithErrorsAndRecordsNothing" computerName="DESKTOP-NPVESJH" duration="00:00:00.0019634" startTime="2026-10-02T12:36:15.9926623+03:00" endTime="2026-10-02T12:36:15.9927020+03:00" testType="13cdc9d9-ddb5-4fa4-a97d-d965ccfc6d4b" outcome="Passed" testListId="8c84fa94-04c1-424b-9868-57a2d4851a1d" relativeResultsDirectory="a0f4a61e-d363-4f49-9454-187c67737644" />
    <UnitTestResult executionId="f8e4306c-611f-4b1a-b2ce-027c905473ad" testId="646e6c5e-aa7c-d8c0-0da3-b91c162c22e3" testName="AgenticPayments.UnitTests.Payments.PaymentTests.TryChangeStatus_FromPending_SetsStatusAndReturnsTrue(status: Succeeded)" computerName="DESKTOP-NPVESJH" duration="00:00:00.0691161" startTime="2026-10-02T12:36:15.8205402+03:00" endTime="2026-10-02T12:36:15.9028599+03:00" testType="13cdc9d9-ddb5-4fa4-a97d-d965ccfc6d4b" outcome="Passed" testListId="8c84fa94-04c1-424b-9868-57a2d4851a1d" relativeResultsDirectory="f8e4306c-611f-4b1a-b2ce-027c905473ad" />
    <UnitTestResult executionId="0640b4fa-553c-4c0e-a95f-2f1b562e1c3e" testId="3b44baa1-b769-7b47-40f4-69a9d8377c2e" testName="AgenticPayments.UnitTests.Webhooks.ProcessProviderWebhookUseCaseTests.ExecuteAsync_TerminalPayment_ReturnsIgnoredKeepsStatusAndRecordsEvent(terminalStatus: Failed, newStatus: Succeeded)" computerName="DESKTOP-NPVESJH" duration="00:00:00.0002768" startTime="2026-10-02T12:36:15.9914699+03:00" endTime="2026-10-02T12:36:15.9915109+03:00" testType="13cdc9d9-ddb5-4fa4-a97d-d965ccfc6d4b" outcome="Passed" testListId="8c84fa94-04c1-424b-9868-57a2d4851a1d" relativeResultsDirectory="0640b4fa-553c-4c0e-a95f-2f1b562e1c3e" />
    <UnitTestResult executionId="b924cceb-14e2-47b4-a399-ca9801bda130" testId="4cf6fa86-5761-be6a-b15e-0837d10b1a12" testName="AgenticPayments.UnitTests.Payments.CreatePaymentValidatorTests.Validate_ValidRequest_ReturnsNoErrors(method: Ideal, currency: Eur, amount: &quot;9999999999999999.99&quot;)" computerName="DESKTOP-NPVESJH" duration="00:00:00.0002072" startTime="2026-10-02T12:36:15.9875866+03:00" endTime="2026-10-02T12:36:15.9876276+03:00" testType="13cdc9d9-ddb5-4fa4-a97d-d965ccfc6d4b" outcome="Passed" testListId="8c84fa94-04c1-424b-9868-57a2d4851a1d" relativeResultsDirectory="b924cceb-14e2-47b4-a399-ca9801bda130" />
    <UnitTestResult executionId="35acf2c8-de62-46fc-b8b3-a41496523209" testId="4d9516d8-5c5e-fdf0-eae6-09bb40aa7312" testName="AgenticPayments.UnitTests.Payments.CreatePaymentValidatorTests.Validate_UndefinedMethod_ReturnsMethodError" computerName="DESKTOP-NPVESJH" duration="00:00:00.0029141" startTime="2026-10-02T12:36:15.9895913+03:00" endTime="2026-10-02T12:36:15.9897982+03:00" testType="13cdc9d9-ddb5-4fa4-a97d-d965ccfc6d4b" outcome="Passed" testListId="8c84fa94-04c1-424b-9868-57a2d4851a1d" relativeResultsDirectory="35acf2c8-de62-46fc-b8b3-a41496523209" />
    <UnitTestResult executionId="47b873eb-e8c1-43fc-a17d-1a9046bb8b15" testId="cf47295f-5a0e-8996-d32e-7272a6ef86d6" testName="AgenticPayments.UnitTests.Payments.CreatePaymentValidatorTests.Validate_ValidRequest_ReturnsNoErrors(method: Klarna, currency: Gbp, amount: &quot;0.01&quot;)" computerName="DESKTOP-NPVESJH" duration="00:00:00.0029540" startTime="2026-10-02T12:36:15.9862609+03:00" endTime="2026-10-02T12:36:15.9871824+03:00" testType="13cdc9d9-ddb5-4fa4-a97d-d965ccfc6d4b" outcome="Passed" testListId="8c84fa94-04c1-424b-9868-57a2d4851a1d" relativeResultsDirectory="47b873eb-e8c1-43fc-a17d-1a9046bb8b15" />
    <UnitTestResult executionId="8eac93c6-4f49-4a7f-9c4c-d1b43b57bcce" testId="cf114dba-b604-c8ae-31de-2a315c634307" testName="AgenticPayments.UnitTests.Payments.CreatePaymentValidatorTests.Validate_AmountNotPositive_ReturnsAmountError(amount: &quot;-100&quot;)" computerName="DESKTOP-NPVESJH" duration="00:00:00.0970517" startTime="2026-10-02T12:36:15.8204418+03:00" endTime="2026-10-02T12:36:15.9830276+03:00" testType="13cdc9d9-ddb5-4fa4-a97d-d965ccfc6d4b" outcome="Passed" testListId="8c84fa94-04c1-424b-9868-57a2d4851a1d" relativeResultsDirectory="8eac93c6-4f49-4a7f-9c4c-d1b43b57bcce" />
    <UnitTestResult executionId="85502ecf-97e2-471b-af3d-748a4632520f" testId="97eb0b03-54a5-4fa3-d2d2-dae3e27bcf7a" testName="AgenticPayments.UnitTests.Webhooks.ProcessProviderWebhookUseCaseTests.ExecuteAsync_KnownEventIdDifferentPayload_ReturnsDuplicatePayloadMismatchAndChangesNothing(difference: &quot;other paymentId&quot;)" computerName="DESKTOP-NPVESJH" duration="00:00:00.0008167" startTime="2026-10-02T12:36:15.9925065+03:00" endTime="2026-10-02T12:36:15.9925459+03:00" testType="13cdc9d9-ddb5-4fa4-a97d-d965ccfc6d4b" outcome="Passed" testListId="8c84fa94-04c1-424b-9868-57a2d4851a1d" relativeResultsDirectory="85502ecf-97e2-471b-af3d-748a4632520f" />
    <UnitTestResult executionId="8bfe88d4-10e1-47dc-bb0a-8d0e6341321f" testId="a30cf54e-b4ea-a292-5e49-5d84d6e022ec" testName="AgenticPayments.UnitTests.Webhooks.ProviderWebhookValidatorTests.Validate_EventIdEmpty_ReturnsEventIdError(eventId: null)" computerName="DESKTOP-NPVESJH" duration="00:00:00.0009974" startTime="2026-10-02T12:36:15.9854898+03:00" endTime="2026-10-02T12:36:15.9858267+03:00" testType="13cdc9d9-ddb5-4fa4-a97d-d965ccfc6d4b" outcome="Passed" testListId="8c84fa94-04c1-424b-9868-57a2d4851a1d" relativeResultsDirectory="8bfe88d4-10e1-47dc-bb0a-8d0e6341321f" />
    <UnitTestResult executionId="1ccd9fe9-9ab7-4d2b-b381-8d57c8cc02a6" testId="8a3b1a6c-b2e9-b046-0a15-d954462184b8" testName="AgenticPayments.UnitTests.Webhooks.ProcessProviderWebhookUseCaseTests.ExecuteAsync_PendingPayment_AppliesStatusAndRecordsEventWithHash(status: Failed, expectedStatus: Failed)" computerName="DESKTOP-NPVESJH" duration="00:00:00.0005833" startTime="2026-10-02T12:36:15.9929129+03:00" endTime="2026-10-02T12:36:15.9929522+03:00" testType="13cdc9d9-ddb5-4fa4-a97d-d965ccfc6d4b" outcome="Passed" testListId="8c84fa94-04c1-424b-9868-57a2d4851a1d" relativeResultsDirectory="1ccd9fe9-9ab7-4d2b-b381-8d57c8cc02a6" />
    <UnitTestResult executionId="42825ae1-a13a-41b1-9bfb-f1f80f150c66" testId="30c4696a-6323-8ce4-b4b8-663918bb0cdf" testName="AgenticPayments.UnitTests.Payments.CreatePaymentValidatorTests.Validate_ValidRequest_ReturnsNoErrors(method: Ideal, currency: Eur, amount: &quot;10.50&quot;)" computerName="DESKTOP-NPVESJH" duration="00:00:00.0010971" startTime="2026-10-02T12:36:15.9872797+03:00" endTime="2026-10-02T12:36:15.9874805+03:00" testType="13cdc9d9-ddb5-4fa4-a97d-d965ccfc6d4b" outcome="Passed" testListId="8c84fa94-04c1-424b-9868-57a2d4851a1d" relativeResultsDirectory="42825ae1-a13a-41b1-9bfb-f1f80f150c66" />
    <UnitTestResult executionId="ccbf8028-0ebc-4ca3-be99-20d98da68672" testId="01c49840-ec82-ca8e-3d0e-77f5a468e7ca" testName="AgenticPayments.UnitTests.Payments.CreatePaymentValidatorTests.Validate_ValidRequest_ReturnsNoErrors(method: Klarna, currency: Usd, amount: &quot;1000&quot;)" computerName="DESKTOP-NPVESJH" duration="00:00:00.0001789" startTime="2026-10-02T12:36:15.9877051+03:00" endTime="2026-10-02T12:36:15.9877597+03:00" testType="13cdc9d9-ddb5-4fa4-a97d-d965ccfc6d4b" outcome="Passed" testListId="8c84fa94-04c1-424b-9868-57a2d4851a1d" relativeResultsDirectory="ccbf8028-0ebc-4ca3-be99-20d98da68672" />
    <UnitTestResult executionId="09240ff2-ec93-45b9-8253-251bbff5110b" testId="cc3a4a80-b957-880f-0684-03361331b5aa" testName="AgenticPayments.UnitTests.Payments.PaymentTests.TryChangeStatus_FromTerminal_ReturnsFalseAndKeepsStatus(terminalStatus: Succeeded, newStatus: Pending)" computerName="DESKTOP-NPVESJH" duration="00:00:00.0006813" startTime="2026-10-02T12:36:15.9795376+03:00" endTime="2026-10-02T12:36:15.9796213+03:00" testType="13cdc9d9-ddb5-4fa4-a97d-d965ccfc6d4b" outcome="Passed" testListId="8c84fa94-04c1-424b-9868-57a2d4851a1d" relativeResultsDirectory="09240ff2-ec93-45b9-8253-251bbff5110b" />
    <UnitTestResult executionId="ccc15d6e-e056-4ff6-9d57-d050b8d9850d" testId="effd692c-cb6b-a9c1-58e0-9c5ca387c4a1" testName="AgenticPayments.UnitTests.Webhooks.ProviderWebhookValidatorTests.Validate_ValidRequest_ReturnsNoErrors(eventIdLength: 200, status: Failed)" computerName="DESKTOP-NPVESJH" duration="00:00:00.0002705" startTime="2026-10-02T12:36:15.9891965+03:00" endTime="2026-10-02T12:36:15.9893448+03:00" testType="13cdc9d9-ddb5-4fa4-a97d-d965ccfc6d4b" outcome="Passed" testListId="8c84fa94-04c1-424b-9868-57a2d4851a1d" relativeResultsDirectory="ccc15d6e-e056-4ff6-9d57-d050b8d9850d" />
    <UnitTestResult executionId="0ddb4ee6-ecc4-4cf8-b7dd-db5b3de506f1" testId="0f8b397b-811c-0b9d-2538-f5075b3bc597" testName="AgenticPayments.UnitTests.Payments.CreatePaymentUseCaseTests.ExecuteAsync_ValidRequest_ReturnsPendingResponseWithRedirectUrl(method: Ideal, segment: &quot;ideal&quot;)" computerName="DESKTOP-NPVESJH" duration="00:00:00.0010889" startTime="2026-10-02T12:36:15.9887413+03:00" endTime="2026-10-02T12:36:15.9891555+03:00" testType="13cdc9d9-ddb5-4fa4-a97d-d965ccfc6d4b" outcome="Passed" testListId="8c84fa94-04c1-424b-9868-57a2d4851a1d" relativeResultsDirectory="0ddb4ee6-ecc4-4cf8-b7dd-db5b3de506f1" />
    <UnitTestResult executionId="3cfeb6f2-8d0b-4267-9b09-cef2d79192f3" testId="07f163be-b896-3f83-398f-835b0658f5b4" testName="AgenticPayments.UnitTests.Payments.PaymentTests.Constructor_SetsPendingStatusAndNewId" computerName="DESKTOP-NPVESJH" duration="00:00:00.0168826" startTime="2026-10-02T12:36:15.9857589+03:00" endTime="2026-10-02T12:36:15.9909912+03:00" testType="13cdc9d9-ddb5-4fa4-a97d-d965ccfc6d4b" outcome="Passed" testListId="8c84fa94-04c1-424b-9868-57a2d4851a1d" relativeResultsDirectory="3cfeb6f2-8d0b-4267-9b09-cef2d79192f3" />
    <UnitTestResult executionId="282b49c0-22cf-49ee-a666-01dcb17f920a" testId="524ccdee-2c95-ac5b-0939-5e3daab8d0b6" testName="AgenticPayments.UnitTests.Payments.CreatePaymentValidatorTests.Validate_UndefinedCurrency_ReturnsCurrencyError" computerName="DESKTOP-NPVESJH" duration="00:00:00.0025008" startTime="2026-10-02T12:36:15.9905382+03:00" endTime="2026-10-02T12:36:15.9905909+03:00" testType="13cdc9d9-ddb5-4fa4-a97d-d965ccfc6d4b" outcome="Passed" testListId="8c84fa94-04c1-424b-9868-57a2d4851a1d" relativeResultsDirectory="282b49c0-22cf-49ee-a666-01dcb17f920a" />
    <UnitTestResult executionId="8263ca76-279a-4265-ac0f-3840225911d9" testId="07048b00-cef5-c53e-7216-33c67a4a02aa" testName="AgenticPayments.UnitTests.Webhooks.ProcessProviderWebhookUseCaseTests.ExecuteAsync_KnownEventIdWithoutHash_ReturnsDuplicate(requestStatus: Failed)" computerName="DESKTOP-NPVESJH" duration="00:00:00.0005280" startTime="2026-10-02T12:36:15.9931618+03:00" endTime="2026-10-02T12:36:15.9932030+03:00" testType="13cdc9d9-ddb5-4fa4-a97d-d965ccfc6d4b" outcome="Passed" testListId="8c84fa94-04c1-424b-9868-57a2d4851a1d" relativeResultsDirectory="8263ca76-279a-4265-ac0f-3840225911d9" />
    <UnitTestResult executionId="4023d725-43df-48db-a4d5-c5daef78accb" testId="b1e78fb5-a9e0-fc77-51ef-3ca68361ef4f" testName="AgenticPayments.UnitTests.Payments.PaymentTests.TryChangeStatus_FromTerminal_ReturnsFalseAndKeepsStatus(terminalStatus: Failed, newStatus: Succeeded)" computerName="DESKTOP-NPVESJH" duration="00:00:00.0001354" startTime="2026-10-02T12:36:15.9804837+03:00" endTime="2026-10-02T12:36:15.9805305+03:00" testType="13cdc9d9-ddb5-4fa4-a97d-d965ccfc6d4b" outcome="Passed" testListId="8c84fa94-04c1-424b-9868-57a2d4851a1d" relativeResultsDirectory="4023d725-43df-48db-a4d5-c5daef78accb" />
    <UnitTestResult executionId="18c119b1-639f-454a-978b-d3ab268feeca" testId="6343d975-bde6-8242-285e-9bf03e0c4dcb" testName="AgenticPayments.UnitTests.Payments.CreatePaymentUseCaseTests.ExecuteAsync_ValidRequest_AddsPaymentToRepository" computerName="DESKTOP-NPVESJH" duration="00:00:00.0025694" startTime="2026-10-02T12:36:15.9909469+03:00" endTime="2026-10-02T12:36:15.9912980+03:00" testType="13cdc9d9-ddb5-4fa4-a97d-d965ccfc6d4b" outcome="Passed" testListId="8c84fa94-04c1-424b-9868-57a2d4851a1d" relativeResultsDirectory="18c119b1-639f-454a-978b-d3ab268feeca" />
    <UnitTestResult executionId="adf0e793-0a3b-4790-b582-f792c9935264" testId="a3654204-b31f-ba71-2e68-105ba7cb4abc" testName="AgenticPayments.UnitTests.Webhooks.ProcessProviderWebhookUseCaseTests.ExecuteAsync_KnownEventIdWithoutHash_ReturnsDuplicate(requestStatus: Succeeded)" computerName="DESKTOP-NPVESJH" duration="00:00:00.0016826" startTime="2026-10-02T12:36:15.9930518+03:00" endTime="2026-10-02T12:36:15.9930904+03:00" testType="13cdc9d9-ddb5-4fa4-a97d-d965ccfc6d4b" outcome="Passed" testListId="8c84fa94-04c1-424b-9868-57a2d4851a1d" relativeResultsDirectory="adf0e793-0a3b-4790-b582-f792c9935264" />
    <UnitTestResult executionId="90810bef-976e-4f83-a8a3-c5b60ba9323a" testId="4060340c-852a-9061-b584-39697158d5c0" testName="AgenticPayments.UnitTests.Payments.PaymentTests.TryChangeStatus_FromTerminal_ReturnsFalseAndKeepsStatus(terminalStatus: Succeeded, newStatus: Succeeded)" computerName="DESKTOP-NPVESJH" duration="00:00:00.0001730" startTime="2026-10-02T12:36:15.9802236+03:00" endTime="2026-10-02T12:36:15.9802688+03:00" testType="13cdc9d9-ddb5-4fa4-a97d-d965ccfc6d4b" outcome="Passed" testListId="8c84fa94-04c1-424b-9868-57a2d4851a1d" relativeResultsDirectory="90810bef-976e-4f83-a8a3-c5b60ba9323a" />
    <UnitTestResult executionId="2c6b2b5a-24e1-4dd9-8fe5-e9d00b93f7ce" testId="cf1de8cc-799b-e436-b485-bec0eb984c92" testName="AgenticPayments.UnitTests.Webhooks.ProviderWebhookValidatorTests.Validate_PaymentIdEmpty_ReturnsPaymentIdError" computerName="DESKTOP-NPVESJH" duration="00:00:00.0027627" startTime="2026-10-02T12:36:15.9863147+03:00" endTime="2026-10-02T12:36:15.9863700+03:00" testType="13cdc9d9-ddb5-4fa4-a97d-d965ccfc6d4b" outcome="Passed" testListId="8c84fa94-04c1-424b-9868-57a2d4851a1d" relativeResultsDirectory="2c6b2b5a-24e1-4dd9-8fe5-e9d00b93f7ce" />
    <UnitTestResult executionId="36cd3d72-f636-489a-ad54-e5951e29c891" testId="675f4b8d-8142-4b07-ce28-ea1314093298" testName="AgenticPayments.UnitTests.Webhooks.ProcessProviderWebhookUseCaseTests.ExecuteAsync_KnownEventIdDifferentPayload_ReturnsDuplicatePayloadMismatchAndChangesNothing(difference: &quot;other status&quot;)" computerName="DESKTOP-NPVESJH" duration="00:00:00.0023172" startTime="2026-10-02T12:36:15.9923627+03:00" endTime="2026-10-02T12:36:15.9924124+03:00" testType="13cdc9d9-ddb5-4fa4-a97d-d965ccfc6d4b" outcome="Passed" testListId="8c84fa94-04c1-424b-9868-57a2d4851a1d" relativeResultsDirectory="36cd3d72-f636-489a-ad54-e5951e29c891" />
    <UnitTestResult executionId="a312309b-057e-4e48-97b9-2cd47ec5f77b" testId="6427a836-68b9-eff0-c09c-f60bcab94643" testName="AgenticPayments.UnitTests.Webhooks.ProcessProviderWebhookUseCaseTests.ExecuteAsync_UnknownPayment_ReturnsPaymentNotFoundAndRecordsNothing" computerName="DESKTOP-NPVESJH" duration="00:00:00.0015368" startTime="2026-10-02T12:36:15.9942850+03:00" endTime="2026-10-02T12:36:15.9943358+03:00" testType="13cdc9d9-ddb5-4fa4-a97d-d965ccfc6d4b" outcome="Passed" testListId="8c84fa94-04c1-424b-9868-57a2d4851a1d" relativeResultsDirectory="a312309b-057e-4e48-97b9-2cd47ec5f77b" />
    <UnitTestResult executionId="8747e6e3-9acd-42d5-8e34-be24c6d8e264" testId="9f52dfe8-bd6e-29dd-33ba-f91f79dc2318" testName="AgenticPayments.UnitTests.Webhooks.ProcessProviderWebhookUseCaseTests.ExecuteAsync_TerminalPayment_ReturnsIgnoredKeepsStatusAndRecordsEvent(terminalStatus: Succeeded, newStatus: Succeeded)" computerName="DESKTOP-NPVESJH" duration="00:00:00.1155237" startTime="2026-10-02T12:36:15.8205967+03:00" endTime="2026-10-02T12:36:15.9911212+03:00" testType="13cdc9d9-ddb5-4fa4-a97d-d965ccfc6d4b" outcome="Passed" testListId="8c84fa94-04c1-424b-9868-57a2d4851a1d" relativeResultsDirectory="8747e6e3-9acd-42d5-8e34-be24c6d8e264" />
    <UnitTestResult executionId="d7c07254-50c3-4815-b35d-ceccaee88927" testId="9e55efdf-a8ad-33d1-3168-f406bd207cfb" testName="AgenticPayments.UnitTests.Payments.PaymentTests.TryChangeStatus_FromPending_SetsStatusAndReturnsTrue(status: Failed)" computerName="DESKTOP-NPVESJH" duration="00:00:00.0007776" startTime="2026-10-02T12:36:15.9324911+03:00" endTime="2026-10-02T12:36:15.9347697+03:00" testType="13cdc9d9-ddb5-4fa4-a97d-d965ccfc6d4b" outcome="Passed" testListId="8c84fa94-04c1-424b-9868-57a2d4851a1d" relativeResultsDirectory="d7c07254-50c3-4815-b35d-ceccaee88927" />
    <UnitTestResult executionId="3f3808c0-025a-442a-a403-8dac14201587" testId="bfdd4e3f-79e4-0fc7-22e6-2513de4fb49d" testName="AgenticPayments.UnitTests.Webhooks.ProcessProviderWebhookUseCaseTests.ExecuteAsync_RecordReturnsDuplicateEvent_ReturnsDuplicate" computerName="DESKTOP-NPVESJH" duration="00:00:00.0022870" startTime="2026-10-02T12:36:15.9934580+03:00" endTime="2026-10-02T12:36:15.9934983+03:00" testType="13cdc9d9-ddb5-4fa4-a97d-d965ccfc6d4b" outcome="Passed" testListId="8c84fa94-04c1-424b-9868-57a2d4851a1d" relativeResultsDirectory="3f3808c0-025a-442a-a403-8dac14201587" />
    <UnitTestResult executionId="bb7f7776-eb98-4c42-a67b-b98377dbcfdd" testId="b90b617b-2f7a-13a9-38b2-dda033575d1e" testName="AgenticPayments.UnitTests.Payments.PaymentTests.Constructor_TwoPayments_HaveDifferentIds" computerName="DESKTOP-NPVESJH" duration="00:00:00.0125229" startTime="2026-10-02T12:36:15.9806912+03:00" endTime="2026-10-02T12:36:15.9856012+03:00" testType="13cdc9d9-ddb5-4fa4-a97d-d965ccfc6d4b" outcome="Passed" testListId="8c84fa94-04c1-424b-9868-57a2d4851a1d" relativeResultsDirectory="bb7f7776-eb98-4c42-a67b-b98377dbcfdd" />
    <UnitTestResult executionId="9ce8c981-8a7c-4017-8fa2-03fb45ca738b" testId="afaf3fe2-35d6-d1c0-05f4-ecc1751cbc87" testName="AgenticPayments.UnitTests.Webhooks.ProcessProviderWebhookUseCaseTests.ExecuteAsync_RecordReturnsPaymentChanged_LoadsAgainAndIgnoresEvent" computerName="DESKTOP-NPVESJH" duration="00:00:00.0022833" startTime="2026-10-02T12:36:15.9944619+03:00" endTime="2026-10-02T12:36:15.9945043+03:00" testType="13cdc9d9-ddb5-4fa4-a97d-d965ccfc6d4b" outcome="Passed" testListId="8c84fa94-04c1-424b-9868-57a2d4851a1d" relativeResultsDirectory="9ce8c981-8a7c-4017-8fa2-03fb45ca738b" />
    <UnitTestResult executionId="3e0fd5ef-380a-4306-8d68-2d8fd45d3496" testId="947d336e-7476-f4ef-5925-18eb49e06176" testName="AgenticPayments.UnitTests.Webhooks.ProviderWebhookValidatorTests.Validate_EventIdEmpty_ReturnsEventIdError(eventId: &quot;&quot;)" computerName="DESKTOP-NPVESJH" duration="00:00:00.0971655" startTime="2026-10-02T12:36:15.8205664+03:00" endTime="2026-10-02T12:36:15.9852081+03:00" testType="13cdc9d9-ddb5-4fa4-a97d-d965ccfc6d4b" outcome="Passed" testListId="8c84fa94-04c1-424b-9868-57a2d4851a1d" relativeResultsDirectory="3e0fd5ef-380a-4306-8d68-2d8fd45d3496" />
    <UnitTestResult executionId="46fd421b-7e95-4d1f-a7e2-aff18f410424" testId="48944996-e3e9-19b9-4358-6e41cd41a8e3" testName="AgenticPayments.UnitTests.Payments.CreatePaymentValidatorTests.Validate_AmountWithMoreThanTwoDecimals_ReturnsAmountError(amount: &quot;0.001&quot;)" computerName="DESKTOP-NPVESJH" duration="00:00:00.0020596" startTime="2026-10-02T12:36:15.9889041+03:00" endTime="2026-10-02T12:36:15.9894889+03:00" testType="13cdc9d9-ddb5-4fa4-a97d-d965ccfc6d4b" outcome="Passed" testListId="8c84fa94-04c1-424b-9868-57a2d4851a1d" relativeResultsDirectory="46fd421b-7e95-4d1f-a7e2-aff18f410424" />
    <UnitTestResult executionId="3ff0995b-de54-46f7-b661-f02bf54f17c0" testId="33b465ed-0c2f-f8c5-0778-8399420847b3" testName="AgenticPayments.UnitTests.Webhooks.ProviderWebhookValidatorTests.Validate_EventIdEmpty_ReturnsEventIdError(eventId: &quot;  &quot;)" computerName="DESKTOP-NPVESJH" duration="00:00:00.0002921" startTime="2026-10-02T12:36:15.9859736+03:00" endTime="2026-10-02T12:36:15.9861262+03:00" testType="13cdc9d9-ddb5-4fa4-a97d-d965ccfc6d4b" outcome="Passed" testListId="8c84fa94-04c1-424b-9868-57a2d4851a1d" relativeResultsDirectory="3ff0995b-de54-46f7-b661-f02bf54f17c0" />
    <UnitTestResult executionId="31d564b6-d988-45a1-8762-08da06aa0059" testId="127e31d0-de38-8234-652b-78c32bab6fe5" testName="AgenticPayments.UnitTests.Webhooks.ProviderWebhookValidatorTests.Validate_StatusUndefined_ReturnsStatusError" computerName="DESKTOP-NPVESJH" duration="00:00:00.0026872" startTime="2026-10-02T12:36:15.9894472+03:00" endTime="2026-10-02T12:36:15.9896326+03:00" testType="13cdc9d9-ddb5-4fa4-a97d-d965ccfc6d4b" outcome="Passed" testListId="8c84fa94-04c1-424b-9868-57a2d4851a1d" relativeResultsDirectory="31d564b6-d988-45a1-8762-08da06aa0059" />
    <UnitTestResult executionId="a15ed0e8-8824-43dd-8516-200599411e8b" testId="ba5c2a2c-17a7-27ff-63b8-1a833d8d0f3e" testName="AgenticPayments.UnitTests.Webhooks.ProcessProviderWebhookUseCaseTests.ExecuteAsync_RecordReturnsPaymentChangedEveryTime_ThrowsInvalidOperationException" computerName="DESKTOP-NPVESJH" duration="00:00:00.0048719" startTime="2026-10-02T12:36:15.9933117+03:00" endTime="2026-10-02T12:36:15.9933513+03:00" testType="13cdc9d9-ddb5-4fa4-a97d-d965ccfc6d4b" outcome="Passed" testListId="8c84fa94-04c1-424b-9868-57a2d4851a1d" relativeResultsDirectory="a15ed0e8-8824-43dd-8516-200599411e8b" />
    <UnitTestResult executionId="48047cb0-f7c5-4f9d-b564-9d8a92df6b6b" testId="e8cd8b7f-251d-9585-f3f6-e4cf56a8862a" testName="AgenticPayments.UnitTests.Payments.PaymentTests.TryChangeStatus_FromTerminal_ReturnsFalseAndKeepsStatus(terminalStatus: Succeeded, newStatus: Failed)" computerName="DESKTOP-NPVESJH" duration="00:00:00.0001791" startTime="2026-10-02T12:36:15.9800744+03:00" endTime="2026-10-02T12:36:15.9801241+03:00" testType="13cdc9d9-ddb5-4fa4-a97d-d965ccfc6d4b" outcome="Passed" testListId="8c84fa94-04c1-424b-9868-57a2d4851a1d" relativeResultsDirectory="48047cb0-f7c5-4f9d-b564-9d8a92df6b6b" />
    <UnitTestResult executionId="f210b531-b1db-4bc8-9cea-0ba9019173b5" testId="e06e5967-db22-2d99-9cc9-4d4a9dd39883" testName="AgenticPayments.UnitTests.Payments.PaymentTests.TryChangeStatus_FromTerminal_ReturnsFalseAndKeepsStatus(terminalStatus: Failed, newStatus: Failed)" computerName="DESKTOP-NPVESJH" duration="00:00:00.0001455" startTime="2026-10-02T12:36:15.9803579+03:00" endTime="2026-10-02T12:36:15.9804027+03:00" testType="13cdc9d9-ddb5-4fa4-a97d-d965ccfc6d4b" outcome="Passed" testListId="8c84fa94-04c1-424b-9868-57a2d4851a1d" relativeResultsDirectory="f210b531-b1db-4bc8-9cea-0ba9019173b5" />
    <UnitTestResult executionId="cd97604f-c884-4238-996f-8d714ca72e2e" testId="0b51ba8a-c577-480b-f67c-2022db63de28" testName="AgenticPayments.UnitTests.Payments.CreatePaymentValidatorTests.Validate_AmountAboveMaximum_ReturnsAmountError" computerName="DESKTOP-NPVESJH" duration="00:00:00.0007354" startTime="2026-10-02T12:36:15.9907193+03:00" endTime="2026-10-02T12:36:15.9907591+03:00" testType="13cdc9d9-ddb5-4fa4-a97d-d965ccfc6d4b" outcome="Passed" testListId="8c84fa94-04c1-424b-9868-57a2d4851a1d" relativeResultsDirectory="cd97604f-c884-4238-996f-8d714ca72e2e" />
    <UnitTestResult executionId="1130f330-1a82-4935-a51a-34f3c4324a94" testId="976a07ec-2f65-ff20-d471-bebce8b4286d" testName="AgenticPayments.UnitTests.Webhooks.ProcessProviderWebhookUseCaseTests.ExecuteAsync_TerminalPayment_ReturnsIgnoredKeepsStatusAndRecordsEvent(terminalStatus: Succeeded, newStatus: Failed)" computerName="DESKTOP-NPVESJH" duration="00:00:00.0008279" startTime="2026-10-02T12:36:15.9912554+03:00" endTime="2026-10-02T12:36:15.9913904+03:00" testType="13cdc9d9-ddb5-4fa4-a97d-d965ccfc6d4b" outcome="Passed" testListId="8c84fa94-04c1-424b-9868-57a2d4851a1d" relativeResultsDirectory="1130f330-1a82-4935-a51a-34f3c4324a94" />
    <UnitTestResult executionId="7c4fc1bb-9871-4194-8b4d-6417b916f9dc" testId="14d94bc3-a5a7-43d0-2a34-7a2c3a07a123" testName="AgenticPayments.UnitTests.Webhooks.ProcessProviderWebhookUseCaseTests.ExecuteAsync_KnownEventIdSamePayload_ReturnsDuplicateAndChangesNothing" computerName="DESKTOP-NPVESJH" duration="00:00:00.0015587" startTime="2026-10-02T12:36:15.9946084+03:00" endTime="2026-10-02T12:36:15.9946545+03:00" testType="13cdc9d9-ddb5-4fa4-a97d-d965ccfc6d4b" outcome="Passed" testListId="8c84fa94-04c1-424b-9868-57a2d4851a1d" relativeResultsDirectory="7c4fc1bb-9871-4194-8b4d-6417b916f9dc" />
    <UnitTestResult executionId="c2ece57a-a84c-497f-ac40-7e90f1efbefe" testId="61960c5a-4309-9dc9-37d5-4d388ab043b1" testName="AgenticPayments.UnitTests.Payments.CreatePaymentUseCaseTests.ExecuteAsync_InvalidRequest_ReturnsErrorsAndDoesNotAddPayment" computerName="DESKTOP-NPVESJH" duration="00:00:00.0079807" startTime="2026-10-02T12:36:15.9892922+03:00" endTime="2026-10-02T12:36:15.9908478+03:00" testType="13cdc9d9-ddb5-4fa4-a97d-d965ccfc6d4b" outcome="Passed" testListId="8c84fa94-04c1-424b-9868-57a2d4851a1d" relativeResultsDirectory="c2ece57a-a84c-497f-ac40-7e90f1efbefe" />
    <UnitTestResult executionId="3cebe15c-baa0-49bb-a175-eb71696e72a5" testId="80e12b02-d7cd-e9ce-3281-82217c12905d" testName="AgenticPayments.UnitTests.Webhooks.ProviderWebhookValidatorTests.Validate_ValidRequest_ReturnsNoErrors(eventIdLength: 1, status: Failed)" computerName="DESKTOP-NPVESJH" duration="00:00:00.0002903" startTime="2026-10-02T12:36:15.9890394+03:00" endTime="2026-10-02T12:36:15.9890801+03:00" testType="13cdc9d9-ddb5-4fa4-a97d-d965ccfc6d4b" outcome="Passed" testListId="8c84fa94-04c1-424b-9868-57a2d4851a1d" relativeResultsDirectory="3cebe15c-baa0-49bb-a175-eb71696e72a5" />
    <UnitTestResult executionId="5461be1f-742c-4cc7-8d86-46a417213cf1" testId="a5477951-e9d7-1c2b-57c1-446d35b9150a" testName="AgenticPayments.UnitTests.Webhooks.ProviderWebhookValidatorTests.Validate_ValidRequest_ReturnsNoErrors(eventIdLength: 200, status: Succeeded)" computerName="DESKTOP-NPVESJH" duration="00:00:00.0007057" startTime="2026-10-02T12:36:15.9887150+03:00" endTime="2026-10-02T12:36:15.9889461+03:00" testType="13cdc9d9-ddb5-4fa4-a97d-d965ccfc6d4b" outcome="Passed" testListId="8c84fa94-04c1-424b-9868-57a2d4851a1d" relativeResultsDirectory="5461be1f-742c-4cc7-8d86-46a417213cf1" />
    <UnitTestResult executionId="ced982ae-542d-4813-8892-3dd135fa35c8" testId="6d183159-50f5-2b6a-779f-eafceca53b10" testName="AgenticPayments.UnitTests.Webhooks.ProcessProviderWebhookUseCaseTests.ExecuteAsync_TerminalPayment_ReturnsIgnoredKeepsStatusAndRecordsEvent(terminalStatus: Failed, newStatus: Failed)" computerName="DESKTOP-NPVESJH" duration="00:00:00.0002288" startTime="2026-10-02T12:36:15.9915864+03:00" endTime="2026-10-02T12:36:15.9916255+03:00" testType="13cdc9d9-ddb5-4fa4-a97d-d965ccfc6d4b" outcome="Passed" testListId="8c84fa94-04c1-424b-9868-57a2d4851a1d" relativeResultsDirectory="ced982ae-542d-4813-8892-3dd135fa35c8" />
    <UnitTestResult executionId="f85c772c-5560-483e-91f2-2d7e82c4307d" testId="c75df9f3-b08a-9475-5d57-905aafb83e62" testName="AgenticPayments.UnitTests.Webhooks.ProviderWebhookValidatorTests.Validate_ValidRequest_ReturnsNoErrors(eventIdLength: 1, status: Succeeded)" computerName="DESKTOP-NPVESJH" duration="00:00:00.0012498" startTime="2026-10-02T12:36:15.9874518+03:00" endTime="2026-10-02T12:36:15.9879533+03:00" testType="13cdc9d9-ddb5-4fa4-a97d-d965ccfc6d4b" outcome="Passed" testListId="8c84fa94-04c1-424b-9868-57a2d4851a1d" relativeResultsDirectory="f85c772c-5560-483e-91f2-2d7e82c4307d" />
  </Results>
  <TestDefinitions>
    <UnitTest name="AgenticPayments.UnitTests.Payments.PaymentTests.TryChangeStatus_FromTerminal_ReturnsFalseAndKeepsStatus(terminalStatus: Succeeded, newStatus: Failed)" storage="c:\users\stiliyan\source\repos\apmplayground\tests\agenticpayments.unittests\bin\debug\net10.0\agenticpayments.unittests.dll" id="e8cd8b7f-251d-9585-f3f6-e4cf56a8862a">
      <Execution id="48047cb0-f7c5-4f9d-b564-9d8a92df6b6b" />
      <TestMethod codeBase="C:\Users\Stiliyan\source\repos\ApmPlayground\tests\AgenticPayments.UnitTests\bin\Debug\net10.0\AgenticPayments.UnitTests.dll" adapterTypeName="executor://xunit/VsTestRunner3/netcore/" className="AgenticPayments.UnitTests.Payments.PaymentTests" name="TryChangeStatus_FromTerminal_ReturnsFalseAndKeepsStatus" />
    </UnitTest>
    <UnitTest name="AgenticPayments.UnitTests.Payments.PaymentTests.TryChangeStatus_FromTerminal_ReturnsFalseAndKeepsStatus(terminalStatus: Succeeded, newStatus: Succeeded)" storage="c:\users\stiliyan\source\repos\apmplayground\tests\agenticpayments.unittests\bin\debug\net10.0\agenticpayments.unittests.dll" id="4060340c-852a-9061-b584-39697158d5c0">
      <Execution id="90810bef-976e-4f83-a8a3-c5b60ba9323a" />
      <TestMethod codeBase="C:\Users\Stiliyan\source\repos\ApmPlayground\tests\AgenticPayments.UnitTests\bin\Debug\net10.0\AgenticPayments.UnitTests.dll" adapterTypeName="executor://xunit/VsTestRunner3/netcore/" className="AgenticPayments.UnitTests.Payments.PaymentTests" name="TryChangeStatus_FromTerminal_ReturnsFalseAndKeepsStatus" />
    </UnitTest>
    <UnitTest name="AgenticPayments.UnitTests.Webhooks.ProcessProviderWebhookUseCaseTests.ExecuteAsync_RecordReturnsPaymentChanged_LoadsAgainAndIgnoresEvent" storage="c:\users\stiliyan\source\repos\apmplayground\tests\agenticpayments.unittests\bin\debug\net10.0\agenticpayments.unittests.dll" id="afaf3fe2-35d6-d1c0-05f4-ecc1751cbc87">
      <Execution id="9ce8c981-8a7c-4017-8fa2-03fb45ca738b" />
      <TestMethod codeBase="C:\Users\Stiliyan\source\repos\ApmPlayground\tests\AgenticPayments.UnitTests\bin\Debug\net10.0\AgenticPayments.UnitTests.dll" adapterTypeName="executor://xunit/VsTestRunner3/netcore/" className="AgenticPayments.UnitTests.Webhooks.ProcessProviderWebhookUseCaseTests" name="ExecuteAsync_RecordReturnsPaymentChanged_LoadsAgainAndIgnoresEvent" />
    </UnitTest>
    <UnitTest name="AgenticPayments.UnitTests.Webhooks.ProviderWebhookValidatorTests.Validate_EventIdTooLong_ReturnsEventIdError" storage="c:\users\stiliyan\source\repos\apmplayground\tests\agenticpayments.unittests\bin\debug\net10.0\agenticpayments.unittests.dll" id="97124a1f-9257-1388-2be3-1b7fc611d8c5">
      <Execution id="7cf92a14-6f65-4986-bbf1-fd7c971fbee6" />
      <TestMethod codeBase="C:\Users\Stiliyan\source\repos\ApmPlayground\tests\AgenticPayments.UnitTests\bin\Debug\net10.0\AgenticPayments.UnitTests.dll" adapterTypeName="executor://xunit/VsTestRunner3/netcore/" className="AgenticPayments.UnitTests.Webhooks.ProviderWebhookValidatorTests" name="Validate_EventIdTooLong_ReturnsEventIdError" />
    </UnitTest>
    <UnitTest name="AgenticPayments.UnitTests.Payments.CreatePaymentUseCaseTests.ExecuteAsync_ValidRequest_AddsPaymentToRepository" storage="c:\users\stiliyan\source\repos\apmplayground\tests\agenticpayments.unittests\bin\debug\net10.0\agenticpayments.unittests.dll" id="6343d975-bde6-8242-285e-9bf03e0c4dcb">
      <Execution id="18c119b1-639f-454a-978b-d3ab268feeca" />
      <TestMethod codeBase="C:\Users\Stiliyan\source\repos\ApmPlayground\tests\AgenticPayments.UnitTests\bin\Debug\net10.0\AgenticPayments.UnitTests.dll" adapterTypeName="executor://xunit/VsTestRunner3/netcore/" className="AgenticPayments.UnitTests.Payments.CreatePaymentUseCaseTests" name="ExecuteAsync_ValidRequest_AddsPaymentToRepository" />
    </UnitTest>
    <UnitTest name="AgenticPayments.UnitTests.Payments.CreatePaymentValidatorTests.Validate_UndefinedMethod_ReturnsMethodError" storage="c:\users\stiliyan\source\repos\apmplayground\tests\agenticpayments.unittests\bin\debug\net10.0\agenticpayments.unittests.dll" id="4d9516d8-5c5e-fdf0-eae6-09bb40aa7312">
      <Execution id="35acf2c8-de62-46fc-b8b3-a41496523209" />
      <TestMethod codeBase="C:\Users\Stiliyan\source\repos\ApmPlayground\tests\AgenticPayments.UnitTests\bin\Debug\net10.0\AgenticPayments.UnitTests.dll" adapterTypeName="executor://xunit/VsTestRunner3/netcore/" className="AgenticPayments.UnitTests.Payments.CreatePaymentValidatorTests" name="Validate_UndefinedMethod_ReturnsMethodError" />
    </UnitTest>
    <UnitTest name="AgenticPayments.UnitTests.Webhooks.ProcessProviderWebhookUseCaseTests.ExecuteAsync_UnknownPayment_ReturnsPaymentNotFoundAndRecordsNothing" storage="c:\users\stiliyan\source\repos\apmplayground\tests\agenticpayments.unittests\bin\debug\net10.0\agenticpayments.unittests.dll" id="6427a836-68b9-eff0-c09c-f60bcab94643">
      <Execution id="a312309b-057e-4e48-97b9-2cd47ec5f77b" />
      <TestMethod codeBase="C:\Users\Stiliyan\source\repos\ApmPlayground\tests\AgenticPayments.UnitTests\bin\Debug\net10.0\AgenticPayments.UnitTests.dll" adapterTypeName="executor://xunit/VsTestRunner3/netcore/" className="AgenticPayments.UnitTests.Webhooks.ProcessProviderWebhookUseCaseTests" name="ExecuteAsync_UnknownPayment_ReturnsPaymentNotFoundAndRecordsNothing" />
    </UnitTest>
    <UnitTest name="AgenticPayments.UnitTests.Webhooks.ProviderWebhookValidatorTests.Validate_ValidRequest_ReturnsNoErrors(eventIdLength: 1, status: Succeeded)" storage="c:\users\stiliyan\source\repos\apmplayground\tests\agenticpayments.unittests\bin\debug\net10.0\agenticpayments.unittests.dll" id="c75df9f3-b08a-9475-5d57-905aafb83e62">
      <Execution id="f85c772c-5560-483e-91f2-2d7e82c4307d" />
      <TestMethod codeBase="C:\Users\Stiliyan\source\repos\ApmPlayground\tests\AgenticPayments.UnitTests\bin\Debug\net10.0\AgenticPayments.UnitTests.dll" adapterTypeName="executor://xunit/VsTestRunner3/netcore/" className="AgenticPayments.UnitTests.Webhooks.ProviderWebhookValidatorTests" name="Validate_ValidRequest_ReturnsNoErrors" />
    </UnitTest>
    <UnitTest name="AgenticPayments.UnitTests.Webhooks.ProcessProviderWebhookUseCaseTests.ExecuteAsync_PendingPayment_AppliesStatusAndRecordsEventWithHash(status: Failed, expectedStatus: Failed)" storage="c:\users\stiliyan\source\repos\apmplayground\tests\agenticpayments.unittests\bin\debug\net10.0\agenticpayments.unittests.dll" id="8a3b1a6c-b2e9-b046-0a15-d954462184b8">
      <Execution id="1ccd9fe9-9ab7-4d2b-b381-8d57c8cc02a6" />
      <TestMethod codeBase="C:\Users\Stiliyan\source\repos\ApmPlayground\tests\AgenticPayments.UnitTests\bin\Debug\net10.0\AgenticPayments.UnitTests.dll" adapterTypeName="executor://xunit/VsTestRunner3/netcore/" className="AgenticPayments.UnitTests.Webhooks.ProcessProviderWebhookUseCaseTests" name="ExecuteAsync_PendingPayment_AppliesStatusAndRecordsEventWithHash" />
    </UnitTest>
    <UnitTest name="AgenticPayments.UnitTests.Webhooks.ProcessProviderWebhookUseCaseTests.ExecuteAsync_KnownEventIdDifferentPayload_ReturnsDuplicatePayloadMismatchAndChangesNothing(difference: &quot;other status&quot;)" storage="c:\users\stiliyan\source\repos\apmplayground\tests\agenticpayments.unittests\bin\debug\net10.0\agenticpayments.unittests.dll" id="675f4b8d-8142-4b07-ce28-ea1314093298">
      <Execution id="36cd3d72-f636-489a-ad54-e5951e29c891" />
      <TestMethod codeBase="C:\Users\Stiliyan\source\repos\ApmPlayground\tests\AgenticPayments.UnitTests\bin\Debug\net10.0\AgenticPayments.UnitTests.dll" adapterTypeName="executor://xunit/VsTestRunner3/netcore/" className="AgenticPayments.UnitTests.Webhooks.ProcessProviderWebhookUseCaseTests" name="ExecuteAsync_KnownEventIdDifferentPayload_ReturnsDuplicatePayloadMismatchAndChangesNothing" />
    </UnitTest>
    <UnitTest name="AgenticPayments.UnitTests.Webhooks.ProviderWebhookValidatorTests.Validate_EventIdEmpty_ReturnsEventIdError(eventId: &quot;&quot;)" storage="c:\users\stiliyan\source\repos\apmplayground\tests\agenticpayments.unittests\bin\debug\net10.0\agenticpayments.unittests.dll" id="947d336e-7476-f4ef-5925-18eb49e06176">
      <Execution id="3e0fd5ef-380a-4306-8d68-2d8fd45d3496" />
      <TestMethod codeBase="C:\Users\Stiliyan\source\repos\ApmPlayground\tests\AgenticPayments.UnitTests\bin\Debug\net10.0\AgenticPayments.UnitTests.dll" adapterTypeName="executor://xunit/VsTestRunner3/netcore/" className="AgenticPayments.UnitTests.Webhooks.ProviderWebhookValidatorTests" name="Validate_EventIdEmpty_ReturnsEventIdError" />
    </UnitTest>
    <UnitTest name="AgenticPayments.UnitTests.Payments.PaymentTests.TryChangeStatus_FromTerminal_ReturnsFalseAndKeepsStatus(terminalStatus: Failed, newStatus: Succeeded)" storage="c:\users\stiliyan\source\repos\apmplayground\tests\agenticpayments.unittests\bin\debug\net10.0\agenticpayments.unittests.dll" id="b1e78fb5-a9e0-fc77-51ef-3ca68361ef4f">
      <Execution id="4023d725-43df-48db-a4d5-c5daef78accb" />
      <TestMethod codeBase="C:\Users\Stiliyan\source\repos\ApmPlayground\tests\AgenticPayments.UnitTests\bin\Debug\net10.0\AgenticPayments.UnitTests.dll" adapterTypeName="executor://xunit/VsTestRunner3/netcore/" className="AgenticPayments.UnitTests.Payments.PaymentTests" name="TryChangeStatus_FromTerminal_ReturnsFalseAndKeepsStatus" />
    </UnitTest>
    <UnitTest name="AgenticPayments.UnitTests.Webhooks.ProcessProviderWebhookUseCaseTests.ExecuteAsync_TerminalPayment_ReturnsIgnoredKeepsStatusAndRecordsEvent(terminalStatus: Failed, newStatus: Failed)" storage="c:\users\stiliyan\source\repos\apmplayground\tests\agenticpayments.unittests\bin\debug\net10.0\agenticpayments.unittests.dll" id="6d183159-50f5-2b6a-779f-eafceca53b10">
      <Execution id="ced982ae-542d-4813-8892-3dd135fa35c8" />
      <TestMethod codeBase="C:\Users\Stiliyan\source\repos\ApmPlayground\tests\AgenticPayments.UnitTests\bin\Debug\net10.0\AgenticPayments.UnitTests.dll" adapterTypeName="executor://xunit/VsTestRunner3/netcore/" className="AgenticPayments.UnitTests.Webhooks.ProcessProviderWebhookUseCaseTests" name="ExecuteAsync_TerminalPayment_ReturnsIgnoredKeepsStatusAndRecordsEvent" />
    </UnitTest>
    <UnitTest name="AgenticPayments.UnitTests.Payments.PaymentTests.TryChangeStatus_FromPending_SetsStatusAndReturnsTrue(status: Succeeded)" storage="c:\users\stiliyan\source\repos\apmplayground\tests\agenticpayments.unittests\bin\debug\net10.0\agenticpayments.unittests.dll" id="646e6c5e-aa7c-d8c0-0da3-b91c162c22e3">
      <Execution id="f8e4306c-611f-4b1a-b2ce-027c905473ad" />
      <TestMethod codeBase="C:\Users\Stiliyan\source\repos\ApmPlayground\tests\AgenticPayments.UnitTests\bin\Debug\net10.0\AgenticPayments.UnitTests.dll" adapterTypeName="executor://xunit/VsTestRunner3/netcore/" className="AgenticPayments.UnitTests.Payments.PaymentTests" name="TryChangeStatus_FromPending_SetsStatusAndReturnsTrue" />
    </UnitTest>
    <UnitTest name="AgenticPayments.UnitTests.Webhooks.ProviderWebhookValidatorTests.Validate_EventIdEmpty_ReturnsEventIdError(eventId: &quot;  &quot;)" storage="c:\users\stiliyan\source\repos\apmplayground\tests\agenticpayments.unittests\bin\debug\net10.0\agenticpayments.unittests.dll" id="33b465ed-0c2f-f8c5-0778-8399420847b3">
      <Execution id="3ff0995b-de54-46f7-b661-f02bf54f17c0" />
      <TestMethod codeBase="C:\Users\Stiliyan\source\repos\ApmPlayground\tests\AgenticPayments.UnitTests\bin\Debug\net10.0\AgenticPayments.UnitTests.dll" adapterTypeName="executor://xunit/VsTestRunner3/netcore/" className="AgenticPayments.UnitTests.Webhooks.ProviderWebhookValidatorTests" name="Validate_EventIdEmpty_ReturnsEventIdError" />
    </UnitTest>
    <UnitTest name="AgenticPayments.UnitTests.Webhooks.ProcessProviderWebhookUseCaseTests.ExecuteAsync_PendingPayment_AppliesStatusAndRecordsEventWithHash(status: Succeeded, expectedStatus: Succeeded)" storage="c:\users\stiliyan\source\repos\apmplayground\tests\agenticpayments.unittests\bin\debug\net10.0\agenticpayments.unittests.dll" id="263c34fb-6ea9-cfb0-d783-2f7a9de537b1">
      <Execution id="08b7e0bb-45d9-4ff8-ab96-6d5e60928576" />
      <TestMethod codeBase="C:\Users\Stiliyan\source\repos\ApmPlayground\tests\AgenticPayments.UnitTests\bin\Debug\net10.0\AgenticPayments.UnitTests.dll" adapterTypeName="executor://xunit/VsTestRunner3/netcore/" className="AgenticPayments.UnitTests.Webhooks.ProcessProviderWebhookUseCaseTests" name="ExecuteAsync_PendingPayment_AppliesStatusAndRecordsEventWithHash" />
    </UnitTest>
    <UnitTest name="AgenticPayments.UnitTests.Webhooks.ProcessProviderWebhookUseCaseTests.ExecuteAsync_KnownEventIdSamePayload_ReturnsDuplicateAndChangesNothing" storage="c:\users\stiliyan\source\repos\apmplayground\tests\agenticpayments.unittests\bin\debug\net10.0\agenticpayments.unittests.dll" id="14d94bc3-a5a7-43d0-2a34-7a2c3a07a123">
      <Execution id="7c4fc1bb-9871-4194-8b4d-6417b916f9dc" />
      <TestMethod codeBase="C:\Users\Stiliyan\source\repos\ApmPlayground\tests\AgenticPayments.UnitTests\bin\Debug\net10.0\AgenticPayments.UnitTests.dll" adapterTypeName="executor://xunit/VsTestRunner3/netcore/" className="AgenticPayments.UnitTests.Webhooks.ProcessProviderWebhookUseCaseTests" name="ExecuteAsync_KnownEventIdSamePayload_ReturnsDuplicateAndChangesNothing" />
    </UnitTest>
    <UnitTest name="AgenticPayments.UnitTests.Webhooks.ProcessProviderWebhookUseCaseTests.ExecuteAsync_KnownEventIdDifferentPayload_ReturnsDuplicatePayloadMismatchAndChangesNothing(difference: &quot;other paymentId&quot;)" storage="c:\users\stiliyan\source\repos\apmplayground\tests\agenticpayments.unittests\bin\debug\net10.0\agenticpayments.unittests.dll" id="97eb0b03-54a5-4fa3-d2d2-dae3e27bcf7a">
      <Execution id="85502ecf-97e2-471b-af3d-748a4632520f" />
      <TestMethod codeBase="C:\Users\Stiliyan\source\repos\ApmPlayground\tests\AgenticPayments.UnitTests\bin\Debug\net10.0\AgenticPayments.UnitTests.dll" adapterTypeName="executor://xunit/VsTestRunner3/netcore/" className="AgenticPayments.UnitTests.Webhooks.ProcessProviderWebhookUseCaseTests" name="ExecuteAsync_KnownEventIdDifferentPayload_ReturnsDuplicatePayloadMismatchAndChangesNothing" />
    </UnitTest>
    <UnitTest name="AgenticPayments.UnitTests.Webhooks.ProviderWebhookValidatorTests.Validate_StatusUndefined_ReturnsStatusError" storage="c:\users\stiliyan\source\repos\apmplayground\tests\agenticpayments.unittests\bin\debug\net10.0\agenticpayments.unittests.dll" id="127e31d0-de38-8234-652b-78c32bab6fe5">
      <Execution id="31d564b6-d988-45a1-8762-08da06aa0059" />
      <TestMethod codeBase="C:\Users\Stiliyan\source\repos\ApmPlayground\tests\AgenticPayments.UnitTests\bin\Debug\net10.0\AgenticPayments.UnitTests.dll" adapterTypeName="executor://xunit/VsTestRunner3/netcore/" className="AgenticPayments.UnitTests.Webhooks.ProviderWebhookValidatorTests" name="Validate_StatusUndefined_ReturnsStatusError" />
    </UnitTest>
    <UnitTest name="AgenticPayments.UnitTests.Payments.CreatePaymentValidatorTests.Validate_ValidRequest_ReturnsNoErrors(method: Ideal, currency: Eur, amount: &quot;10.50&quot;)" storage="c:\users\stiliyan\source\repos\apmplayground\tests\agenticpayments.unittests\bin\debug\net10.0\agenticpayments.unittests.dll" id="30c4696a-6323-8ce4-b4b8-663918bb0cdf">
      <Execution id="42825ae1-a13a-41b1-9bfb-f1f80f150c66" />
      <TestMethod codeBase="C:\Users\Stiliyan\source\repos\ApmPlayground\tests\AgenticPayments.UnitTests\bin\Debug\net10.0\AgenticPayments.UnitTests.dll" adapterTypeName="executor://xunit/VsTestRunner3/netcore/" className="AgenticPayments.UnitTests.Payments.CreatePaymentValidatorTests" name="Validate_ValidRequest_ReturnsNoErrors" />
    </UnitTest>
    <UnitTest name="AgenticPayments.UnitTests.Payments.CreatePaymentUseCaseTests.ExecuteAsync_InvalidRequest_ReturnsErrorsAndDoesNotAddPayment" storage="c:\users\stiliyan\source\repos\apmplayground\tests\agenticpayments.unittests\bin\debug\net10.0\agenticpayments.unittests.dll" id="61960c5a-4309-9dc9-37d5-4d388ab043b1">
      <Execution id="c2ece57a-a84c-497f-ac40-7e90f1efbefe" />
      <TestMethod codeBase="C:\Users\Stiliyan\source\repos\ApmPlayground\tests\AgenticPayments.UnitTests\bin\Debug\net10.0\AgenticPayments.UnitTests.dll" adapterTypeName="executor://xunit/VsTestRunner3/netcore/" className="AgenticPayments.UnitTests.Payments.CreatePaymentUseCaseTests" name="ExecuteAsync_InvalidRequest_ReturnsErrorsAndDoesNotAddPayment" />
    </UnitTest>
    <UnitTest name="AgenticPayments.UnitTests.Webhooks.ProviderWebhookValidatorTests.Validate_EventIdEmpty_ReturnsEventIdError(eventId: null)" storage="c:\users\stiliyan\source\repos\apmplayground\tests\agenticpayments.unittests\bin\debug\net10.0\agenticpayments.unittests.dll" id="a30cf54e-b4ea-a292-5e49-5d84d6e022ec">
      <Execution id="8bfe88d4-10e1-47dc-bb0a-8d0e6341321f" />
      <TestMethod codeBase="C:\Users\Stiliyan\source\repos\ApmPlayground\tests\AgenticPayments.UnitTests\bin\Debug\net10.0\AgenticPayments.UnitTests.dll" adapterTypeName="executor://xunit/VsTestRunner3/netcore/" className="AgenticPayments.UnitTests.Webhooks.ProviderWebhookValidatorTests" name="Validate_EventIdEmpty_ReturnsEventIdError" />
    </UnitTest>
    <UnitTest name="AgenticPayments.UnitTests.Payments.PaymentTests.TryChangeStatus_FromPending_SetsStatusAndReturnsTrue(status: Failed)" storage="c:\users\stiliyan\source\repos\apmplayground\tests\agenticpayments.unittests\bin\debug\net10.0\agenticpayments.unittests.dll" id="9e55efdf-a8ad-33d1-3168-f406bd207cfb">
      <Execution id="d7c07254-50c3-4815-b35d-ceccaee88927" />
      <TestMethod codeBase="C:\Users\Stiliyan\source\repos\ApmPlayground\tests\AgenticPayments.UnitTests\bin\Debug\net10.0\AgenticPayments.UnitTests.dll" adapterTypeName="executor://xunit/VsTestRunner3/netcore/" className="AgenticPayments.UnitTests.Payments.PaymentTests" name="TryChangeStatus_FromPending_SetsStatusAndReturnsTrue" />
    </UnitTest>
    <UnitTest name="AgenticPayments.UnitTests.Payments.CreatePaymentUseCaseTests.ExecuteAsync_ValidRequest_ReturnsPendingResponseWithRedirectUrl(method: Ideal, segment: &quot;ideal&quot;)" storage="c:\users\stiliyan\source\repos\apmplayground\tests\agenticpayments.unittests\bin\debug\net10.0\agenticpayments.unittests.dll" id="0f8b397b-811c-0b9d-2538-f5075b3bc597">
      <Execution id="0ddb4ee6-ecc4-4cf8-b7dd-db5b3de506f1" />
      <TestMethod codeBase="C:\Users\Stiliyan\source\repos\ApmPlayground\tests\AgenticPayments.UnitTests\bin\Debug\net10.0\AgenticPayments.UnitTests.dll" adapterTypeName="executor://xunit/VsTestRunner3/netcore/" className="AgenticPayments.UnitTests.Payments.CreatePaymentUseCaseTests" name="ExecuteAsync_ValidRequest_ReturnsPendingResponseWithRedirectUrl" />
    </UnitTest>
    <UnitTest name="AgenticPayments.UnitTests.Webhooks.ProcessProviderWebhookUseCaseTests.ExecuteAsync_RecordReturnsPaymentChangedEveryTime_ThrowsInvalidOperationException" storage="c:\users\stiliyan\source\repos\apmplayground\tests\agenticpayments.unittests\bin\debug\net10.0\agenticpayments.unittests.dll" id="ba5c2a2c-17a7-27ff-63b8-1a833d8d0f3e">
      <Execution id="a15ed0e8-8824-43dd-8516-200599411e8b" />
      <TestMethod codeBase="C:\Users\Stiliyan\source\repos\ApmPlayground\tests\AgenticPayments.UnitTests\bin\Debug\net10.0\AgenticPayments.UnitTests.dll" adapterTypeName="executor://xunit/VsTestRunner3/netcore/" className="AgenticPayments.UnitTests.Webhooks.ProcessProviderWebhookUseCaseTests" name="ExecuteAsync_RecordReturnsPaymentChangedEveryTime_ThrowsInvalidOperationException" />
    </UnitTest>
    <UnitTest name="AgenticPayments.UnitTests.Payments.CreatePaymentUseCaseTests.ExecuteAsync_ValidRequest_ReturnsPendingResponseWithRedirectUrl(method: Klarna, segment: &quot;klarna&quot;)" storage="c:\users\stiliyan\source\repos\apmplayground\tests\agenticpayments.unittests\bin\debug\net10.0\agenticpayments.unittests.dll" id="04ff986d-135e-63a5-8eb4-780972a5f1ad">
      <Execution id="b89c4024-60c9-47a4-a531-1f91be281a54" />
      <TestMethod codeBase="C:\Users\Stiliyan\source\repos\ApmPlayground\tests\AgenticPayments.UnitTests\bin\Debug\net10.0\AgenticPayments.UnitTests.dll" adapterTypeName="executor://xunit/VsTestRunner3/netcore/" className="AgenticPayments.UnitTests.Payments.CreatePaymentUseCaseTests" name="ExecuteAsync_ValidRequest_ReturnsPendingResponseWithRedirectUrl" />
    </UnitTest>
    <UnitTest name="AgenticPayments.UnitTests.Payments.CreatePaymentValidatorTests.Validate_AmountWithMoreThanTwoDecimals_ReturnsAmountError(amount: &quot;10.123&quot;)" storage="c:\users\stiliyan\source\repos\apmplayground\tests\agenticpayments.unittests\bin\debug\net10.0\agenticpayments.unittests.dll" id="2b1e3a9b-6b67-9a0a-a813-4ccc7e644885">
      <Execution id="428f179c-1819-48a5-8a37-8deab55fc9c5" />
      <TestMethod codeBase="C:\Users\Stiliyan\source\repos\ApmPlayground\tests\AgenticPayments.UnitTests\bin\Debug\net10.0\AgenticPayments.UnitTests.dll" adapterTypeName="executor://xunit/VsTestRunner3/netcore/" className="AgenticPayments.UnitTests.Payments.CreatePaymentValidatorTests" name="Validate_AmountWithMoreThanTwoDecimals_ReturnsAmountError" />
    </UnitTest>
    <UnitTest name="AgenticPayments.UnitTests.Webhooks.ProcessProviderWebhookUseCaseTests.ExecuteAsync_TerminalPayment_ReturnsIgnoredKeepsStatusAndRecordsEvent(terminalStatus: Succeeded, newStatus: Succeeded)" storage="c:\users\stiliyan\source\repos\apmplayground\tests\agenticpayments.unittests\bin\debug\net10.0\agenticpayments.unittests.dll" id="9f52dfe8-bd6e-29dd-33ba-f91f79dc2318">
      <Execution id="8747e6e3-9acd-42d5-8e34-be24c6d8e264" />
      <TestMethod codeBase="C:\Users\Stiliyan\source\repos\ApmPlayground\tests\AgenticPayments.UnitTests\bin\Debug\net10.0\AgenticPayments.UnitTests.dll" adapterTypeName="executor://xunit/VsTestRunner3/netcore/" className="AgenticPayments.UnitTests.Webhooks.ProcessProviderWebhookUseCaseTests" name="ExecuteAsync_TerminalPayment_ReturnsIgnoredKeepsStatusAndRecordsEvent" />
    </UnitTest>
    <UnitTest name="AgenticPayments.UnitTests.Payments.CreatePaymentValidatorTests.Validate_AmountNotPositive_ReturnsAmountError(amount: &quot;-100&quot;)" storage="c:\users\stiliyan\source\repos\apmplayground\tests\agenticpayments.unittests\bin\debug\net10.0\agenticpayments.unittests.dll" id="cf114dba-b604-c8ae-31de-2a315c634307">
      <Execution id="8eac93c6-4f49-4a7f-9c4c-d1b43b57bcce" />
      <TestMethod codeBase="C:\Users\Stiliyan\source\repos\ApmPlayground\tests\AgenticPayments.UnitTests\bin\Debug\net10.0\AgenticPayments.UnitTests.dll" adapterTypeName="executor://xunit/VsTestRunner3/netcore/" className="AgenticPayments.UnitTests.Payments.CreatePaymentValidatorTests" name="Validate_AmountNotPositive_ReturnsAmountError" />
    </UnitTest>
    <UnitTest name="AgenticPayments.UnitTests.Payments.PaymentTests.TryChangeStatus_FromTerminal_ReturnsFalseAndKeepsStatus(terminalStatus: Failed, newStatus: Pending)" storage="c:\users\stiliyan\source\repos\apmplayground\tests\agenticpayments.unittests\bin\debug\net10.0\agenticpayments.unittests.dll" id="88e97da7-ceca-969b-e602-394675b06538">
      <Execution id="715cf79e-ce52-4289-b60e-a22e7cc32de6" />
      <TestMethod codeBase="C:\Users\Stiliyan\source\repos\ApmPlayground\tests\AgenticPayments.UnitTests\bin\Debug\net10.0\AgenticPayments.UnitTests.dll" adapterTypeName="executor://xunit/VsTestRunner3/netcore/" className="AgenticPayments.UnitTests.Payments.PaymentTests" name="TryChangeStatus_FromTerminal_ReturnsFalseAndKeepsStatus" />
    </UnitTest>
    <UnitTest name="AgenticPayments.UnitTests.Webhooks.ProcessProviderWebhookUseCaseTests.ExecuteAsync_InvalidRequest_ReturnsInvalidWithErrorsAndRecordsNothing" storage="c:\users\stiliyan\source\repos\apmplayground\tests\agenticpayments.unittests\bin\debug\net10.0\agenticpayments.unittests.dll" id="6e7a6a6e-9081-ab11-7802-30b742891b6a">
      <Execution id="a0f4a61e-d363-4f49-9454-187c67737644" />
      <TestMethod codeBase="C:\Users\Stiliyan\source\repos\ApmPlayground\tests\AgenticPayments.UnitTests\bin\Debug\net10.0\AgenticPayments.UnitTests.dll" adapterTypeName="executor://xunit/VsTestRunner3/netcore/" className="AgenticPayments.UnitTests.Webhooks.ProcessProviderWebhookUseCaseTests" name="ExecuteAsync_InvalidRequest_ReturnsInvalidWithErrorsAndRecordsNothing" />
    </UnitTest>
    <UnitTest name="AgenticPayments.UnitTests.Payments.CreatePaymentValidatorTests.Validate_AmountAboveMaximum_ReturnsAmountError" storage="c:\users\stiliyan\source\repos\apmplayground\tests\agenticpayments.unittests\bin\debug\net10.0\agenticpayments.unittests.dll" id="0b51ba8a-c577-480b-f67c-2022db63de28">
      <Execution id="cd97604f-c884-4238-996f-8d714ca72e2e" />
      <TestMethod codeBase="C:\Users\Stiliyan\source\repos\ApmPlayground\tests\AgenticPayments.UnitTests\bin\Debug\net10.0\AgenticPayments.UnitTests.dll" adapterTypeName="executor://xunit/VsTestRunner3/netcore/" className="AgenticPayments.UnitTests.Payments.CreatePaymentValidatorTests" name="Validate_AmountAboveMaximum_ReturnsAmountError" />
    </UnitTest>
    <UnitTest name="AgenticPayments.UnitTests.Webhooks.ProviderWebhookValidatorTests.Validate_ValidRequest_ReturnsNoErrors(eventIdLength: 200, status: Failed)" storage="c:\users\stiliyan\source\repos\apmplayground\tests\agenticpayments.unittests\bin\debug\net10.0\agenticpayments.unittests.dll" id="effd692c-cb6b-a9c1-58e0-9c5ca387c4a1">
      <Execution id="ccc15d6e-e056-4ff6-9d57-d050b8d9850d" />
      <TestMethod codeBase="C:\Users\Stiliyan\source\repos\ApmPlayground\tests\AgenticPayments.UnitTests\bin\Debug\net10.0\AgenticPayments.UnitTests.dll" adapterTypeName="executor://xunit/VsTestRunner3/netcore/" className="AgenticPayments.UnitTests.Webhooks.ProviderWebhookValidatorTests" name="Validate_ValidRequest_ReturnsNoErrors" />
    </UnitTest>
    <UnitTest name="AgenticPayments.UnitTests.Webhooks.ProcessProviderWebhookUseCaseTests.ExecuteAsync_RecordReturnsDuplicateEvent_ReturnsDuplicate" storage="c:\users\stiliyan\source\repos\apmplayground\tests\agenticpayments.unittests\bin\debug\net10.0\agenticpayments.unittests.dll" id="bfdd4e3f-79e4-0fc7-22e6-2513de4fb49d">
      <Execution id="3f3808c0-025a-442a-a403-8dac14201587" />
      <TestMethod codeBase="C:\Users\Stiliyan\source\repos\ApmPlayground\tests\AgenticPayments.UnitTests\bin\Debug\net10.0\AgenticPayments.UnitTests.dll" adapterTypeName="executor://xunit/VsTestRunner3/netcore/" className="AgenticPayments.UnitTests.Webhooks.ProcessProviderWebhookUseCaseTests" name="ExecuteAsync_RecordReturnsDuplicateEvent_ReturnsDuplicate" />
    </UnitTest>
    <UnitTest name="AgenticPayments.UnitTests.Webhooks.WebhookPayloadHashTests.Compute_DifferentPaymentIdOrStatus_ReturnsDifferentHash(difference: &quot;other status&quot;)" storage="c:\users\stiliyan\source\repos\apmplayground\tests\agenticpayments.unittests\bin\debug\net10.0\agenticpayments.unittests.dll" id="6eb52f8d-1b4c-d5ad-a506-fe445d40a849">
      <Execution id="aa511aa8-502e-4809-a26c-6d38dece2d8b" />
      <TestMethod codeBase="C:\Users\Stiliyan\source\repos\ApmPlayground\tests\AgenticPayments.UnitTests\bin\Debug\net10.0\AgenticPayments.UnitTests.dll" adapterTypeName="executor://xunit/VsTestRunner3/netcore/" className="AgenticPayments.UnitTests.Webhooks.WebhookPayloadHashTests" name="Compute_DifferentPaymentIdOrStatus_ReturnsDifferentHash" />
    </UnitTest>
    <UnitTest name="AgenticPayments.UnitTests.Payments.CreatePaymentValidatorTests.Validate_ValidRequest_ReturnsNoErrors(method: Ideal, currency: Eur, amount: &quot;9999999999999999.99&quot;)" storage="c:\users\stiliyan\source\repos\apmplayground\tests\agenticpayments.unittests\bin\debug\net10.0\agenticpayments.unittests.dll" id="4cf6fa86-5761-be6a-b15e-0837d10b1a12">
      <Execution id="b924cceb-14e2-47b4-a399-ca9801bda130" />
      <TestMethod codeBase="C:\Users\Stiliyan\source\repos\ApmPlayground\tests\AgenticPayments.UnitTests\bin\Debug\net10.0\AgenticPayments.UnitTests.dll" adapterTypeName="executor://xunit/VsTestRunner3/netcore/" className="AgenticPayments.UnitTests.Payments.CreatePaymentValidatorTests" name="Validate_ValidRequest_ReturnsNoErrors" />
    </UnitTest>
    <UnitTest name="AgenticPayments.UnitTests.Payments.PaymentTests.Constructor_TwoPayments_HaveDifferentIds" storage="c:\users\stiliyan\source\repos\apmplayground\tests\agenticpayments.unittests\bin\debug\net10.0\agenticpayments.unittests.dll" id="b90b617b-2f7a-13a9-38b2-dda033575d1e">
      <Execution id="bb7f7776-eb98-4c42-a67b-b98377dbcfdd" />
      <TestMethod codeBase="C:\Users\Stiliyan\source\repos\ApmPlayground\tests\AgenticPayments.UnitTests\bin\Debug\net10.0\AgenticPayments.UnitTests.dll" adapterTypeName="executor://xunit/VsTestRunner3/netcore/" className="AgenticPayments.UnitTests.Payments.PaymentTests" name="Constructor_TwoPayments_HaveDifferentIds" />
    </UnitTest>
    <UnitTest name="AgenticPayments.UnitTests.Payments.CreatePaymentValidatorTests.Validate_UndefinedCurrency_ReturnsCurrencyError" storage="c:\users\stiliyan\source\repos\apmplayground\tests\agenticpayments.unittests\bin\debug\net10.0\agenticpayments.unittests.dll" id="524ccdee-2c95-ac5b-0939-5e3daab8d0b6">
      <Execution id="282b49c0-22cf-49ee-a666-01dcb17f920a" />
      <TestMethod codeBase="C:\Users\Stiliyan\source\repos\ApmPlayground\tests\AgenticPayments.UnitTests\bin\Debug\net10.0\AgenticPayments.UnitTests.dll" adapterTypeName="executor://xunit/VsTestRunner3/netcore/" className="AgenticPayments.UnitTests.Payments.CreatePaymentValidatorTests" name="Validate_UndefinedCurrency_ReturnsCurrencyError" />
    </UnitTest>
    <UnitTest name="AgenticPayments.UnitTests.Payments.CreatePaymentValidatorTests.Validate_ValidRequest_ReturnsNoErrors(method: Klarna, currency: Gbp, amount: &quot;0.01&quot;)" storage="c:\users\stiliyan\source\repos\apmplayground\tests\agenticpayments.unittests\bin\debug\net10.0\agenticpayments.unittests.dll" id="cf47295f-5a0e-8996-d32e-7272a6ef86d6">
      <Execution id="47b873eb-e8c1-43fc-a17d-1a9046bb8b15" />
      <TestMethod codeBase="C:\Users\Stiliyan\source\repos\ApmPlayground\tests\AgenticPayments.UnitTests\bin\Debug\net10.0\AgenticPayments.UnitTests.dll" adapterTypeName="executor://xunit/VsTestRunner3/netcore/" className="AgenticPayments.UnitTests.Payments.CreatePaymentValidatorTests" name="Validate_ValidRequest_ReturnsNoErrors" />
    </UnitTest>
    <UnitTest name="AgenticPayments.UnitTests.Webhooks.WebhookPayloadHashTests.Compute_DifferentPaymentIdOrStatus_ReturnsDifferentHash(difference: &quot;other paymentId&quot;)" storage="c:\users\stiliyan\source\repos\apmplayground\tests\agenticpayments.unittests\bin\debug\net10.0\agenticpayments.unittests.dll" id="794571fc-bb90-df85-c53b-1a375a8464c0">
      <Execution id="8241c2ef-7baf-4d83-bea5-e1b3380bd8b9" />
      <TestMethod codeBase="C:\Users\Stiliyan\source\repos\ApmPlayground\tests\AgenticPayments.UnitTests\bin\Debug\net10.0\AgenticPayments.UnitTests.dll" adapterTypeName="executor://xunit/VsTestRunner3/netcore/" className="AgenticPayments.UnitTests.Webhooks.WebhookPayloadHashTests" name="Compute_DifferentPaymentIdOrStatus_ReturnsDifferentHash" />
    </UnitTest>
    <UnitTest name="AgenticPayments.UnitTests.Payments.PaymentTests.TryChangeStatus_FromTerminal_ReturnsFalseAndKeepsStatus(terminalStatus: Failed, newStatus: Failed)" storage="c:\users\stiliyan\source\repos\apmplayground\tests\agenticpayments.unittests\bin\debug\net10.0\agenticpayments.unittests.dll" id="e06e5967-db22-2d99-9cc9-4d4a9dd39883">
      <Execution id="f210b531-b1db-4bc8-9cea-0ba9019173b5" />
      <TestMethod codeBase="C:\Users\Stiliyan\source\repos\ApmPlayground\tests\AgenticPayments.UnitTests\bin\Debug\net10.0\AgenticPayments.UnitTests.dll" adapterTypeName="executor://xunit/VsTestRunner3/netcore/" className="AgenticPayments.UnitTests.Payments.PaymentTests" name="TryChangeStatus_FromTerminal_ReturnsFalseAndKeepsStatus" />
    </UnitTest>
    <UnitTest name="AgenticPayments.UnitTests.Payments.CreatePaymentValidatorTests.Validate_AmountNotPositive_ReturnsAmountError(amount: &quot;-0.01&quot;)" storage="c:\users\stiliyan\source\repos\apmplayground\tests\agenticpayments.unittests\bin\debug\net10.0\agenticpayments.unittests.dll" id="45de6210-98e7-d0c2-a5ce-3e88d487e339">
      <Execution id="763129be-d861-45e1-ba2c-922f54b2929c" />
      <TestMethod codeBase="C:\Users\Stiliyan\source\repos\ApmPlayground\tests\AgenticPayments.UnitTests\bin\Debug\net10.0\AgenticPayments.UnitTests.dll" adapterTypeName="executor://xunit/VsTestRunner3/netcore/" className="AgenticPayments.UnitTests.Payments.CreatePaymentValidatorTests" name="Validate_AmountNotPositive_ReturnsAmountError" />
    </UnitTest>
    <UnitTest name="AgenticPayments.UnitTests.Payments.CreatePaymentValidatorTests.Validate_AmountWithMoreThanTwoDecimals_ReturnsAmountError(amount: &quot;0.001&quot;)" storage="c:\users\stiliyan\source\repos\apmplayground\tests\agenticpayments.unittests\bin\debug\net10.0\agenticpayments.unittests.dll" id="48944996-e3e9-19b9-4358-6e41cd41a8e3">
      <Execution id="46fd421b-7e95-4d1f-a7e2-aff18f410424" />
      <TestMethod codeBase="C:\Users\Stiliyan\source\repos\ApmPlayground\tests\AgenticPayments.UnitTests\bin\Debug\net10.0\AgenticPayments.UnitTests.dll" adapterTypeName="executor://xunit/VsTestRunner3/netcore/" className="AgenticPayments.UnitTests.Payments.CreatePaymentValidatorTests" name="Validate_AmountWithMoreThanTwoDecimals_ReturnsAmountError" />
    </UnitTest>
    <UnitTest name="AgenticPayments.UnitTests.Webhooks.ProviderWebhookValidatorTests.Validate_ValidRequest_ReturnsNoErrors(eventIdLength: 200, status: Succeeded)" storage="c:\users\stiliyan\source\repos\apmplayground\tests\agenticpayments.unittests\bin\debug\net10.0\agenticpayments.unittests.dll" id="a5477951-e9d7-1c2b-57c1-446d35b9150a">
      <Execution id="5461be1f-742c-4cc7-8d86-46a417213cf1" />
      <TestMethod codeBase="C:\Users\Stiliyan\source\repos\ApmPlayground\tests\AgenticPayments.UnitTests\bin\Debug\net10.0\AgenticPayments.UnitTests.dll" adapterTypeName="executor://xunit/VsTestRunner3/netcore/" className="AgenticPayments.UnitTests.Webhooks.ProviderWebhookValidatorTests" name="Validate_ValidRequest_ReturnsNoErrors" />
    </UnitTest>
    <UnitTest name="AgenticPayments.UnitTests.Payments.PaymentTests.TryChangeStatus_FromTerminal_ReturnsFalseAndKeepsStatus(terminalStatus: Succeeded, newStatus: Pending)" storage="c:\users\stiliyan\source\repos\apmplayground\tests\agenticpayments.unittests\bin\debug\net10.0\agenticpayments.unittests.dll" id="cc3a4a80-b957-880f-0684-03361331b5aa">
      <Execution id="09240ff2-ec93-45b9-8253-251bbff5110b" />
      <TestMethod codeBase="C:\Users\Stiliyan\source\repos\ApmPlayground\tests\AgenticPayments.UnitTests\bin\Debug\net10.0\AgenticPayments.UnitTests.dll" adapterTypeName="executor://xunit/VsTestRunner3/netcore/" className="AgenticPayments.UnitTests.Payments.PaymentTests" name="TryChangeStatus_FromTerminal_ReturnsFalseAndKeepsStatus" />
    </UnitTest>
    <UnitTest name="AgenticPayments.UnitTests.Webhooks.ProviderWebhookValidatorTests.Validate_PaymentIdEmpty_ReturnsPaymentIdError" storage="c:\users\stiliyan\source\repos\apmplayground\tests\agenticpayments.unittests\bin\debug\net10.0\agenticpayments.unittests.dll" id="cf1de8cc-799b-e436-b485-bec0eb984c92">
      <Execution id="2c6b2b5a-24e1-4dd9-8fe5-e9d00b93f7ce" />
      <TestMethod codeBase="C:\Users\Stiliyan\source\repos\ApmPlayground\tests\AgenticPayments.UnitTests\bin\Debug\net10.0\AgenticPayments.UnitTests.dll" adapterTypeName="executor://xunit/VsTestRunner3/netcore/" className="AgenticPayments.UnitTests.Webhooks.ProviderWebhookValidatorTests" name="Validate_PaymentIdEmpty_ReturnsPaymentIdError" />
    </UnitTest>
    <UnitTest name="AgenticPayments.UnitTests.Webhooks.ProcessProviderWebhookUseCaseTests.ExecuteAsync_KnownEventIdWithoutHash_ReturnsDuplicate(requestStatus: Failed)" storage="c:\users\stiliyan\source\repos\apmplayground\tests\agenticpayments.unittests\bin\debug\net10.0\agenticpayments.unittests.dll" id="07048b00-cef5-c53e-7216-33c67a4a02aa">
      <Execution id="8263ca76-279a-4265-ac0f-3840225911d9" />
      <TestMethod codeBase="C:\Users\Stiliyan\source\repos\ApmPlayground\tests\AgenticPayments.UnitTests\bin\Debug\net10.0\AgenticPayments.UnitTests.dll" adapterTypeName="executor://xunit/VsTestRunner3/netcore/" className="AgenticPayments.UnitTests.Webhooks.ProcessProviderWebhookUseCaseTests" name="ExecuteAsync_KnownEventIdWithoutHash_ReturnsDuplicate" />
    </UnitTest>
    <UnitTest name="AgenticPayments.UnitTests.Webhooks.WebhookPayloadHashTests.Compute_KnownPayload_ReturnsLowercaseSha256OfCanonicalString" storage="c:\users\stiliyan\source\repos\apmplayground\tests\agenticpayments.unittests\bin\debug\net10.0\agenticpayments.unittests.dll" id="c4ff281b-7ee6-cb9e-0e2d-9b8508dabeb2">
      <Execution id="6c83ba4e-d3c7-4bb4-a1f7-bbe2beb1afdd" />
      <TestMethod codeBase="C:\Users\Stiliyan\source\repos\ApmPlayground\tests\AgenticPayments.UnitTests\bin\Debug\net10.0\AgenticPayments.UnitTests.dll" adapterTypeName="executor://xunit/VsTestRunner3/netcore/" className="AgenticPayments.UnitTests.Webhooks.WebhookPayloadHashTests" name="Compute_KnownPayload_ReturnsLowercaseSha256OfCanonicalString" />
    </UnitTest>
    <UnitTest name="AgenticPayments.UnitTests.Webhooks.ProcessProviderWebhookUseCaseTests.ExecuteAsync_TerminalPayment_ReturnsIgnoredKeepsStatusAndRecordsEvent(terminalStatus: Failed, newStatus: Succeeded)" storage="c:\users\stiliyan\source\repos\apmplayground\tests\agenticpayments.unittests\bin\debug\net10.0\agenticpayments.unittests.dll" id="3b44baa1-b769-7b47-40f4-69a9d8377c2e">
      <Execution id="0640b4fa-553c-4c0e-a95f-2f1b562e1c3e" />
      <TestMethod codeBase="C:\Users\Stiliyan\source\repos\ApmPlayground\tests\AgenticPayments.UnitTests\bin\Debug\net10.0\AgenticPayments.UnitTests.dll" adapterTypeName="executor://xunit/VsTestRunner3/netcore/" className="AgenticPayments.UnitTests.Webhooks.ProcessProviderWebhookUseCaseTests" name="ExecuteAsync_TerminalPayment_ReturnsIgnoredKeepsStatusAndRecordsEvent" />
    </UnitTest>
    <UnitTest name="AgenticPayments.UnitTests.Webhooks.ProcessProviderWebhookUseCaseTests.ExecuteAsync_TerminalPayment_ReturnsIgnoredKeepsStatusAndRecordsEvent(terminalStatus: Succeeded, newStatus: Failed)" storage="c:\users\stiliyan\source\repos\apmplayground\tests\agenticpayments.unittests\bin\debug\net10.0\agenticpayments.unittests.dll" id="976a07ec-2f65-ff20-d471-bebce8b4286d">
      <Execution id="1130f330-1a82-4935-a51a-34f3c4324a94" />
      <TestMethod codeBase="C:\Users\Stiliyan\source\repos\ApmPlayground\tests\AgenticPayments.UnitTests\bin\Debug\net10.0\AgenticPayments.UnitTests.dll" adapterTypeName="executor://xunit/VsTestRunner3/netcore/" className="AgenticPayments.UnitTests.Webhooks.ProcessProviderWebhookUseCaseTests" name="ExecuteAsync_TerminalPayment_ReturnsIgnoredKeepsStatusAndRecordsEvent" />
    </UnitTest>
    <UnitTest name="AgenticPayments.UnitTests.Webhooks.ProcessProviderWebhookUseCaseTests.ExecuteAsync_KnownEventIdWithoutHash_ReturnsDuplicate(requestStatus: Succeeded)" storage="c:\users\stiliyan\source\repos\apmplayground\tests\agenticpayments.unittests\bin\debug\net10.0\agenticpayments.unittests.dll" id="a3654204-b31f-ba71-2e68-105ba7cb4abc">
      <Execution id="adf0e793-0a3b-4790-b582-f792c9935264" />
      <TestMethod codeBase="C:\Users\Stiliyan\source\repos\ApmPlayground\tests\AgenticPayments.UnitTests\bin\Debug\net10.0\AgenticPayments.UnitTests.dll" adapterTypeName="executor://xunit/VsTestRunner3/netcore/" className="AgenticPayments.UnitTests.Webhooks.ProcessProviderWebhookUseCaseTests" name="ExecuteAsync_KnownEventIdWithoutHash_ReturnsDuplicate" />
    </UnitTest>
    <UnitTest name="AgenticPayments.UnitTests.Webhooks.ProviderWebhookValidatorTests.Validate_ValidRequest_ReturnsNoErrors(eventIdLength: 1, status: Failed)" storage="c:\users\stiliyan\source\repos\apmplayground\tests\agenticpayments.unittests\bin\debug\net10.0\agenticpayments.unittests.dll" id="80e12b02-d7cd-e9ce-3281-82217c12905d">
      <Execution id="3cebe15c-baa0-49bb-a175-eb71696e72a5" />
      <TestMethod codeBase="C:\Users\Stiliyan\source\repos\ApmPlayground\tests\AgenticPayments.UnitTests\bin\Debug\net10.0\AgenticPayments.UnitTests.dll" adapterTypeName="executor://xunit/VsTestRunner3/netcore/" className="AgenticPayments.UnitTests.Webhooks.ProviderWebhookValidatorTests" name="Validate_ValidRequest_ReturnsNoErrors" />
    </UnitTest>
    <UnitTest name="AgenticPayments.UnitTests.Payments.CreatePaymentValidatorTests.Validate_AmountNotPositive_ReturnsAmountError(amount: &quot;0&quot;)" storage="c:\users\stiliyan\source\repos\apmplayground\tests\agenticpayments.unittests\bin\debug\net10.0\agenticpayments.unittests.dll" id="3c76e9c7-5b13-7482-e27f-cc9b5c5c2023">
      <Execution id="55d5fa43-6599-4d3c-a75e-c08c14a83309" />
      <TestMethod codeBase="C:\Users\Stiliyan\source\repos\ApmPlayground\tests\AgenticPayments.UnitTests\bin\Debug\net10.0\AgenticPayments.UnitTests.dll" adapterTypeName="executor://xunit/VsTestRunner3/netcore/" className="AgenticPayments.UnitTests.Payments.CreatePaymentValidatorTests" name="Validate_AmountNotPositive_ReturnsAmountError" />
    </UnitTest>
    <UnitTest name="AgenticPayments.UnitTests.Payments.CreatePaymentValidatorTests.Validate_ValidRequest_ReturnsNoErrors(method: Klarna, currency: Usd, amount: &quot;1000&quot;)" storage="c:\users\stiliyan\source\repos\apmplayground\tests\agenticpayments.unittests\bin\debug\net10.0\agenticpayments.unittests.dll" id="01c49840-ec82-ca8e-3d0e-77f5a468e7ca">
      <Execution id="ccbf8028-0ebc-4ca3-be99-20d98da68672" />
      <TestMethod codeBase="C:\Users\Stiliyan\source\repos\ApmPlayground\tests\AgenticPayments.UnitTests\bin\Debug\net10.0\AgenticPayments.UnitTests.dll" adapterTypeName="executor://xunit/VsTestRunner3/netcore/" className="AgenticPayments.UnitTests.Payments.CreatePaymentValidatorTests" name="Validate_ValidRequest_ReturnsNoErrors" />
    </UnitTest>
    <UnitTest name="AgenticPayments.UnitTests.Payments.PaymentTests.Constructor_SetsPendingStatusAndNewId" storage="c:\users\stiliyan\source\repos\apmplayground\tests\agenticpayments.unittests\bin\debug\net10.0\agenticpayments.unittests.dll" id="07f163be-b896-3f83-398f-835b0658f5b4">
      <Execution id="3cfeb6f2-8d0b-4267-9b09-cef2d79192f3" />
      <TestMethod codeBase="C:\Users\Stiliyan\source\repos\ApmPlayground\tests\AgenticPayments.UnitTests\bin\Debug\net10.0\AgenticPayments.UnitTests.dll" adapterTypeName="executor://xunit/VsTestRunner3/netcore/" className="AgenticPayments.UnitTests.Payments.PaymentTests" name="Constructor_SetsPendingStatusAndNewId" />
    </UnitTest>
  </TestDefinitions>
  <TestEntries>
    <TestEntry testId="6eb52f8d-1b4c-d5ad-a506-fe445d40a849" executionId="aa511aa8-502e-4809-a26c-6d38dece2d8b" testListId="8c84fa94-04c1-424b-9868-57a2d4851a1d" />
    <TestEntry testId="794571fc-bb90-df85-c53b-1a375a8464c0" executionId="8241c2ef-7baf-4d83-bea5-e1b3380bd8b9" testListId="8c84fa94-04c1-424b-9868-57a2d4851a1d" />
    <TestEntry testId="3c76e9c7-5b13-7482-e27f-cc9b5c5c2023" executionId="55d5fa43-6599-4d3c-a75e-c08c14a83309" testListId="8c84fa94-04c1-424b-9868-57a2d4851a1d" />
    <TestEntry testId="c4ff281b-7ee6-cb9e-0e2d-9b8508dabeb2" executionId="6c83ba4e-d3c7-4bb4-a1f7-bbe2beb1afdd" testListId="8c84fa94-04c1-424b-9868-57a2d4851a1d" />
    <TestEntry testId="45de6210-98e7-d0c2-a5ce-3e88d487e339" executionId="763129be-d861-45e1-ba2c-922f54b2929c" testListId="8c84fa94-04c1-424b-9868-57a2d4851a1d" />
    <TestEntry testId="04ff986d-135e-63a5-8eb4-780972a5f1ad" executionId="b89c4024-60c9-47a4-a531-1f91be281a54" testListId="8c84fa94-04c1-424b-9868-57a2d4851a1d" />
    <TestEntry testId="263c34fb-6ea9-cfb0-d783-2f7a9de537b1" executionId="08b7e0bb-45d9-4ff8-ab96-6d5e60928576" testListId="8c84fa94-04c1-424b-9868-57a2d4851a1d" />
    <TestEntry testId="97124a1f-9257-1388-2be3-1b7fc611d8c5" executionId="7cf92a14-6f65-4986-bbf1-fd7c971fbee6" testListId="8c84fa94-04c1-424b-9868-57a2d4851a1d" />
    <TestEntry testId="88e97da7-ceca-969b-e602-394675b06538" executionId="715cf79e-ce52-4289-b60e-a22e7cc32de6" testListId="8c84fa94-04c1-424b-9868-57a2d4851a1d" />
    <TestEntry testId="2b1e3a9b-6b67-9a0a-a813-4ccc7e644885" executionId="428f179c-1819-48a5-8a37-8deab55fc9c5" testListId="8c84fa94-04c1-424b-9868-57a2d4851a1d" />
    <TestEntry testId="6e7a6a6e-9081-ab11-7802-30b742891b6a" executionId="a0f4a61e-d363-4f49-9454-187c67737644" testListId="8c84fa94-04c1-424b-9868-57a2d4851a1d" />
    <TestEntry testId="646e6c5e-aa7c-d8c0-0da3-b91c162c22e3" executionId="f8e4306c-611f-4b1a-b2ce-027c905473ad" testListId="8c84fa94-04c1-424b-9868-57a2d4851a1d" />
    <TestEntry testId="3b44baa1-b769-7b47-40f4-69a9d8377c2e" executionId="0640b4fa-553c-4c0e-a95f-2f1b562e1c3e" testListId="8c84fa94-04c1-424b-9868-57a2d4851a1d" />
    <TestEntry testId="4cf6fa86-5761-be6a-b15e-0837d10b1a12" executionId="b924cceb-14e2-47b4-a399-ca9801bda130" testListId="8c84fa94-04c1-424b-9868-57a2d4851a1d" />
    <TestEntry testId="4d9516d8-5c5e-fdf0-eae6-09bb40aa7312" executionId="35acf2c8-de62-46fc-b8b3-a41496523209" testListId="8c84fa94-04c1-424b-9868-57a2d4851a1d" />
    <TestEntry testId="cf47295f-5a0e-8996-d32e-7272a6ef86d6" executionId="47b873eb-e8c1-43fc-a17d-1a9046bb8b15" testListId="8c84fa94-04c1-424b-9868-57a2d4851a1d" />
    <TestEntry testId="cf114dba-b604-c8ae-31de-2a315c634307" executionId="8eac93c6-4f49-4a7f-9c4c-d1b43b57bcce" testListId="8c84fa94-04c1-424b-9868-57a2d4851a1d" />
    <TestEntry testId="97eb0b03-54a5-4fa3-d2d2-dae3e27bcf7a" executionId="85502ecf-97e2-471b-af3d-748a4632520f" testListId="8c84fa94-04c1-424b-9868-57a2d4851a1d" />
    <TestEntry testId="a30cf54e-b4ea-a292-5e49-5d84d6e022ec" executionId="8bfe88d4-10e1-47dc-bb0a-8d0e6341321f" testListId="8c84fa94-04c1-424b-9868-57a2d4851a1d" />
    <TestEntry testId="8a3b1a6c-b2e9-b046-0a15-d954462184b8" executionId="1ccd9fe9-9ab7-4d2b-b381-8d57c8cc02a6" testListId="8c84fa94-04c1-424b-9868-57a2d4851a1d" />
    <TestEntry testId="30c4696a-6323-8ce4-b4b8-663918bb0cdf" executionId="42825ae1-a13a-41b1-9bfb-f1f80f150c66" testListId="8c84fa94-04c1-424b-9868-57a2d4851a1d" />
    <TestEntry testId="01c49840-ec82-ca8e-3d0e-77f5a468e7ca" executionId="ccbf8028-0ebc-4ca3-be99-20d98da68672" testListId="8c84fa94-04c1-424b-9868-57a2d4851a1d" />
    <TestEntry testId="cc3a4a80-b957-880f-0684-03361331b5aa" executionId="09240ff2-ec93-45b9-8253-251bbff5110b" testListId="8c84fa94-04c1-424b-9868-57a2d4851a1d" />
    <TestEntry testId="effd692c-cb6b-a9c1-58e0-9c5ca387c4a1" executionId="ccc15d6e-e056-4ff6-9d57-d050b8d9850d" testListId="8c84fa94-04c1-424b-9868-57a2d4851a1d" />
    <TestEntry testId="0f8b397b-811c-0b9d-2538-f5075b3bc597" executionId="0ddb4ee6-ecc4-4cf8-b7dd-db5b3de506f1" testListId="8c84fa94-04c1-424b-9868-57a2d4851a1d" />
    <TestEntry testId="07f163be-b896-3f83-398f-835b0658f5b4" executionId="3cfeb6f2-8d0b-4267-9b09-cef2d79192f3" testListId="8c84fa94-04c1-424b-9868-57a2d4851a1d" />
    <TestEntry testId="524ccdee-2c95-ac5b-0939-5e3daab8d0b6" executionId="282b49c0-22cf-49ee-a666-01dcb17f920a" testListId="8c84fa94-04c1-424b-9868-57a2d4851a1d" />
    <TestEntry testId="07048b00-cef5-c53e-7216-33c67a4a02aa" executionId="8263ca76-279a-4265-ac0f-3840225911d9" testListId="8c84fa94-04c1-424b-9868-57a2d4851a1d" />
    <TestEntry testId="b1e78fb5-a9e0-fc77-51ef-3ca68361ef4f" executionId="4023d725-43df-48db-a4d5-c5daef78accb" testListId="8c84fa94-04c1-424b-9868-57a2d4851a1d" />
    <TestEntry testId="6343d975-bde6-8242-285e-9bf03e0c4dcb" executionId="18c119b1-639f-454a-978b-d3ab268feeca" testListId="8c84fa94-04c1-424b-9868-57a2d4851a1d" />
    <TestEntry testId="a3654204-b31f-ba71-2e68-105ba7cb4abc" executionId="adf0e793-0a3b-4790-b582-f792c9935264" testListId="8c84fa94-04c1-424b-9868-57a2d4851a1d" />
    <TestEntry testId="4060340c-852a-9061-b584-39697158d5c0" executionId="90810bef-976e-4f83-a8a3-c5b60ba9323a" testListId="8c84fa94-04c1-424b-9868-57a2d4851a1d" />
    <TestEntry testId="cf1de8cc-799b-e436-b485-bec0eb984c92" executionId="2c6b2b5a-24e1-4dd9-8fe5-e9d00b93f7ce" testListId="8c84fa94-04c1-424b-9868-57a2d4851a1d" />
    <TestEntry testId="675f4b8d-8142-4b07-ce28-ea1314093298" executionId="36cd3d72-f636-489a-ad54-e5951e29c891" testListId="8c84fa94-04c1-424b-9868-57a2d4851a1d" />
    <TestEntry testId="6427a836-68b9-eff0-c09c-f60bcab94643" executionId="a312309b-057e-4e48-97b9-2cd47ec5f77b" testListId="8c84fa94-04c1-424b-9868-57a2d4851a1d" />
    <TestEntry testId="9f52dfe8-bd6e-29dd-33ba-f91f79dc2318" executionId="8747e6e3-9acd-42d5-8e34-be24c6d8e264" testListId="8c84fa94-04c1-424b-9868-57a2d4851a1d" />
    <TestEntry testId="9e55efdf-a8ad-33d1-3168-f406bd207cfb" executionId="d7c07254-50c3-4815-b35d-ceccaee88927" testListId="8c84fa94-04c1-424b-9868-57a2d4851a1d" />
    <TestEntry testId="bfdd4e3f-79e4-0fc7-22e6-2513de4fb49d" executionId="3f3808c0-025a-442a-a403-8dac14201587" testListId="8c84fa94-04c1-424b-9868-57a2d4851a1d" />
    <TestEntry testId="b90b617b-2f7a-13a9-38b2-dda033575d1e" executionId="bb7f7776-eb98-4c42-a67b-b98377dbcfdd" testListId="8c84fa94-04c1-424b-9868-57a2d4851a1d" />
    <TestEntry testId="afaf3fe2-35d6-d1c0-05f4-ecc1751cbc87" executionId="9ce8c981-8a7c-4017-8fa2-03fb45ca738b" testListId="8c84fa94-04c1-424b-9868-57a2d4851a1d" />
    <TestEntry testId="947d336e-7476-f4ef-5925-18eb49e06176" executionId="3e0fd5ef-380a-4306-8d68-2d8fd45d3496" testListId="8c84fa94-04c1-424b-9868-57a2d4851a1d" />
    <TestEntry testId="48944996-e3e9-19b9-4358-6e41cd41a8e3" executionId="46fd421b-7e95-4d1f-a7e2-aff18f410424" testListId="8c84fa94-04c1-424b-9868-57a2d4851a1d" />
    <TestEntry testId="33b465ed-0c2f-f8c5-0778-8399420847b3" executionId="3ff0995b-de54-46f7-b661-f02bf54f17c0" testListId="8c84fa94-04c1-424b-9868-57a2d4851a1d" />
    <TestEntry testId="127e31d0-de38-8234-652b-78c32bab6fe5" executionId="31d564b6-d988-45a1-8762-08da06aa0059" testListId="8c84fa94-04c1-424b-9868-57a2d4851a1d" />
    <TestEntry testId="ba5c2a2c-17a7-27ff-63b8-1a833d8d0f3e" executionId="a15ed0e8-8824-43dd-8516-200599411e8b" testListId="8c84fa94-04c1-424b-9868-57a2d4851a1d" />
    <TestEntry testId="e8cd8b7f-251d-9585-f3f6-e4cf56a8862a" executionId="48047cb0-f7c5-4f9d-b564-9d8a92df6b6b" testListId="8c84fa94-04c1-424b-9868-57a2d4851a1d" />
    <TestEntry testId="e06e5967-db22-2d99-9cc9-4d4a9dd39883" executionId="f210b531-b1db-4bc8-9cea-0ba9019173b5" testListId="8c84fa94-04c1-424b-9868-57a2d4851a1d" />
    <TestEntry testId="0b51ba8a-c577-480b-f67c-2022db63de28" executionId="cd97604f-c884-4238-996f-8d714ca72e2e" testListId="8c84fa94-04c1-424b-9868-57a2d4851a1d" />
    <TestEntry testId="976a07ec-2f65-ff20-d471-bebce8b4286d" executionId="1130f330-1a82-4935-a51a-34f3c4324a94" testListId="8c84fa94-04c1-424b-9868-57a2d4851a1d" />
    <TestEntry testId="14d94bc3-a5a7-43d0-2a34-7a2c3a07a123" executionId="7c4fc1bb-9871-4194-8b4d-6417b916f9dc" testListId="8c84fa94-04c1-424b-9868-57a2d4851a1d" />
    <TestEntry testId="61960c5a-4309-9dc9-37d5-4d388ab043b1" executionId="c2ece57a-a84c-497f-ac40-7e90f1efbefe" testListId="8c84fa94-04c1-424b-9868-57a2d4851a1d" />
    <TestEntry testId="80e12b02-d7cd-e9ce-3281-82217c12905d" executionId="3cebe15c-baa0-49bb-a175-eb71696e72a5" testListId="8c84fa94-04c1-424b-9868-57a2d4851a1d" />
    <TestEntry testId="a5477951-e9d7-1c2b-57c1-446d35b9150a" executionId="5461be1f-742c-4cc7-8d86-46a417213cf1" testListId="8c84fa94-04c1-424b-9868-57a2d4851a1d" />
    <TestEntry testId="6d183159-50f5-2b6a-779f-eafceca53b10" executionId="ced982ae-542d-4813-8892-3dd135fa35c8" testListId="8c84fa94-04c1-424b-9868-57a2d4851a1d" />
    <TestEntry testId="c75df9f3-b08a-9475-5d57-905aafb83e62" executionId="f85c772c-5560-483e-91f2-2d7e82c4307d" testListId="8c84fa94-04c1-424b-9868-57a2d4851a1d" />
  </TestEntries>
  <TestLists>
    <TestList name="Results Not in a List" id="8c84fa94-04c1-424b-9868-57a2d4851a1d" />
    <TestList name="All Loaded Results" id="19431567-8539-422a-85d7-44ee4e166bda" />
  </TestLists>
  <ResultSummary outcome="Completed">
    <Counters total="55" executed="55" passed="55" failed="0" error="0" timeout="0" aborted="0" inconclusive="0" passedButRunAborted="0" notRunnable="0" notExecuted="0" disconnected="0" warning="0" completed="0" inProgress="0" pending="0" />
    <Output>
      <StdOut>[xUnit.net 00:00:00.00] xUnit.net VSTest Adapter v3.1.4+50e68bbb8b (64-bit .NET 10.0.11)&#xD;
[xUnit.net 00:00:00.12]   Discovering: AgenticPayments.UnitTests&#xD;
[xUnit.net 00:00:00.22]   Discovered:  AgenticPayments.UnitTests&#xD;
[xUnit.net 00:00:00.27]   Starting:    AgenticPayments.UnitTests&#xD;
[xUnit.net 00:00:00.49]   Finished:    AgenticPayments.UnitTests&#xD;
</StdOut>
    </Output>
  </ResultSummary>
</TestRun>