<?xml version="1.0" encoding="utf-8"?>
<TestRun id="4a57d12b-324a-4dd5-b769-67e22dd810d4" name="Stiliyan@DESKTOP-NPVESJH 2026-10-01 23:39:34" runUser="DESKTOP-NPVESJH\Stiliyan" xmlns="http://microsoft.com/schemas/VisualStudio/TeamTest/2010">
  <Times creation="2026-10-01T23:39:34.5244544+03:00" queuing="2026-10-01T23:39:34.5244549+03:00" start="2026-10-01T23:39:33.1730993+03:00" finish="2026-10-01T23:39:34.5912900+03:00" />
  <TestSettings name="default" id="02e86212-dd23-4cee-84c2-e43521589411">
    <Deployment runDeploymentRoot="Stiliyan_DESKTOP-NPVESJH_2026-10-01_23_39_34" />
  </TestSettings>
  <Results>
    <UnitTestResult executionId="727590ac-8a57-41fb-8fd9-a7f0e9c3506f" testId="c75df9f3-b08a-9475-5d57-905aafb83e62" testName="AgenticPayments.UnitTests.Webhooks.ProviderWebhookValidatorTests.Validate_ValidRequest_ReturnsNoErrors(eventIdLength: 1, status: Succeeded)" computerName="DESKTOP-NPVESJH" duration="00:00:00.0013588" startTime="2026-10-01T23:39:34.4664403+03:00" endTime="2026-10-01T23:39:34.4666936+03:00" testType="13cdc9d9-ddb5-4fa4-a97d-d965ccfc6d4b" outcome="Passed" testListId="8c84fa94-04c1-424b-9868-57a2d4851a1d" relativeResultsDirectory="727590ac-8a57-41fb-8fd9-a7f0e9c3506f" />
    <UnitTestResult executionId="eba0e9ad-f722-4869-b931-3b20018954cb" testId="2b1e3a9b-6b67-9a0a-a813-4ccc7e644885" testName="AgenticPayments.UnitTests.Payments.CreatePaymentValidatorTests.Validate_AmountWithMoreThanTwoDecimals_ReturnsAmountError(amount: &quot;10.123&quot;)" computerName="DESKTOP-NPVESJH" duration="00:00:00.0007192" startTime="2026-10-01T23:39:34.4673069+03:00" endTime="2026-10-01T23:39:34.4674952+03:00" testType="13cdc9d9-ddb5-4fa4-a97d-d965ccfc6d4b" outcome="Passed" testListId="8c84fa94-04c1-424b-9868-57a2d4851a1d" relativeResultsDirectory="eba0e9ad-f722-4869-b931-3b20018954cb" />
    <UnitTestResult executionId="ba3b526a-6af3-4ef9-a9d1-5118be298ae8" testId="effd692c-cb6b-a9c1-58e0-9c5ca387c4a1" testName="AgenticPayments.UnitTests.Webhooks.ProviderWebhookValidatorTests.Validate_ValidRequest_ReturnsNoErrors(eventIdLength: 200, status: Failed)" computerName="DESKTOP-NPVESJH" duration="00:00:00.0003683" startTime="2026-10-01T23:39:34.4685431+03:00" endTime="2026-10-01T23:39:34.4700209+03:00" testType="13cdc9d9-ddb5-4fa4-a97d-d965ccfc6d4b" outcome="Passed" testListId="8c84fa94-04c1-424b-9868-57a2d4851a1d" relativeResultsDirectory="ba3b526a-6af3-4ef9-a9d1-5118be298ae8" />
    <UnitTestResult executionId="8deaaafd-c742-4c4e-b799-f1f5d1eb0e0a" testId="07f163be-b896-3f83-398f-835b0658f5b4" testName="AgenticPayments.UnitTests.Payments.PaymentTests.Constructor_SetsPendingStatusAndNewId" computerName="DESKTOP-NPVESJH" duration="00:00:00.0206148" startTime="2026-10-01T23:39:34.3966060+03:00" endTime="2026-10-01T23:39:34.4636998+03:00" testType="13cdc9d9-ddb5-4fa4-a97d-d965ccfc6d4b" outcome="Passed" testListId="8c84fa94-04c1-424b-9868-57a2d4851a1d" relativeResultsDirectory="8deaaafd-c742-4c4e-b799-f1f5d1eb0e0a" />
    <UnitTestResult executionId="4d6bc0f0-ca67-43ea-892a-99651c5c3eb1" testId="6427a836-68b9-eff0-c09c-f60bcab94643" testName="AgenticPayments.UnitTests.Webhooks.ProcessProviderWebhookUseCaseTests.ExecuteAsync_UnknownPayment_ReturnsPaymentNotFoundAndRecordsNothing" computerName="DESKTOP-NPVESJH" duration="00:00:00.0017225" startTime="2026-10-01T23:39:34.4739713+03:00" endTime="2026-10-01T23:39:34.4740223+03:00" testType="13cdc9d9-ddb5-4fa4-a97d-d965ccfc6d4b" outcome="Passed" testListId="8c84fa94-04c1-424b-9868-57a2d4851a1d" relativeResultsDirectory="4d6bc0f0-ca67-43ea-892a-99651c5c3eb1" />
    <UnitTestResult executionId="24eec9a8-3a82-44c5-9efc-fba92f935d90" testId="4d9516d8-5c5e-fdf0-eae6-09bb40aa7312" testName="AgenticPayments.UnitTests.Payments.CreatePaymentValidatorTests.Validate_UndefinedMethod_ReturnsMethodError" computerName="DESKTOP-NPVESJH" duration="00:00:00.0162913" startTime="2026-10-01T23:39:34.4703443+03:00" endTime="2026-10-01T23:39:34.4729040+03:00" testType="13cdc9d9-ddb5-4fa4-a97d-d965ccfc6d4b" outcome="Passed" testListId="8c84fa94-04c1-424b-9868-57a2d4851a1d" relativeResultsDirectory="24eec9a8-3a82-44c5-9efc-fba92f935d90" />
    <UnitTestResult executionId="35bfdba7-9158-412c-9916-de070325dec6" testId="33b465ed-0c2f-f8c5-0778-8399420847b3" testName="AgenticPayments.UnitTests.Webhooks.ProviderWebhookValidatorTests.Validate_EventIdEmpty_ReturnsEventIdError(eventId: &quot;  &quot;)" computerName="DESKTOP-NPVESJH" duration="00:00:00.0003949" startTime="2026-10-01T23:39:34.4630593+03:00" endTime="2026-10-01T23:39:34.4632512+03:00" testType="13cdc9d9-ddb5-4fa4-a97d-d965ccfc6d4b" outcome="Passed" testListId="8c84fa94-04c1-424b-9868-57a2d4851a1d" relativeResultsDirectory="35bfdba7-9158-412c-9916-de070325dec6" />
    <UnitTestResult executionId="1aa7ca1b-ca65-4775-9b2f-9270a37c22d3" testId="cf1de8cc-799b-e436-b485-bec0eb984c92" testName="AgenticPayments.UnitTests.Webhooks.ProviderWebhookValidatorTests.Validate_PaymentIdEmpty_ReturnsPaymentIdError" computerName="DESKTOP-NPVESJH" duration="00:00:00.0033500" startTime="2026-10-01T23:39:34.4634459+03:00" endTime="2026-10-01T23:39:34.4635282+03:00" testType="13cdc9d9-ddb5-4fa4-a97d-d965ccfc6d4b" outcome="Passed" testListId="8c84fa94-04c1-424b-9868-57a2d4851a1d" relativeResultsDirectory="1aa7ca1b-ca65-4775-9b2f-9270a37c22d3" />
    <UnitTestResult executionId="6270e11d-e404-4f53-8d35-1d1799b6ebcf" testId="cf47295f-5a0e-8996-d32e-7272a6ef86d6" testName="AgenticPayments.UnitTests.Payments.CreatePaymentValidatorTests.Validate_ValidRequest_ReturnsNoErrors(method: Klarna, currency: Gbp, amount: &quot;0.01&quot;)" computerName="DESKTOP-NPVESJH" duration="00:00:00.0042182" startTime="2026-10-01T23:39:34.4634230+03:00" endTime="2026-10-01T23:39:34.4638044+03:00" testType="13cdc9d9-ddb5-4fa4-a97d-d965ccfc6d4b" outcome="Passed" testListId="8c84fa94-04c1-424b-9868-57a2d4851a1d" relativeResultsDirectory="6270e11d-e404-4f53-8d35-1d1799b6ebcf" />
    <UnitTestResult executionId="60ddc939-f23d-43d2-9b3f-32de6d16d82d" testId="2db775ea-26ba-aaba-170e-50f3de3aa2c1" testName="AgenticPayments.UnitTests.Payments.PaymentTests.ChangeStatus_SetsStatus(status: Failed)" computerName="DESKTOP-NPVESJH" duration="00:00:00.0009328" startTime="2026-10-01T23:39:34.3911061+03:00" endTime="2026-10-01T23:39:34.3913002+03:00" testType="13cdc9d9-ddb5-4fa4-a97d-d965ccfc6d4b" outcome="Passed" testListId="8c84fa94-04c1-424b-9868-57a2d4851a1d" relativeResultsDirectory="60ddc939-f23d-43d2-9b3f-32de6d16d82d" />
    <UnitTestResult executionId="665585bb-f999-4105-8723-a6e8a4480732" testId="524ccdee-2c95-ac5b-0939-5e3daab8d0b6" testName="AgenticPayments.UnitTests.Payments.CreatePaymentValidatorTests.Validate_UndefinedCurrency_ReturnsCurrencyError" computerName="DESKTOP-NPVESJH" duration="00:00:00.0030481" startTime="2026-10-01T23:39:34.4731957+03:00" endTime="2026-10-01T23:39:34.4733888+03:00" testType="13cdc9d9-ddb5-4fa4-a97d-d965ccfc6d4b" outcome="Passed" testListId="8c84fa94-04c1-424b-9868-57a2d4851a1d" relativeResultsDirectory="665585bb-f999-4105-8723-a6e8a4480732" />
    <UnitTestResult executionId="ac8eb5b7-429a-43c1-9caa-5f3375b89cdc" testId="4cf6fa86-5761-be6a-b15e-0837d10b1a12" testName="AgenticPayments.UnitTests.Payments.CreatePaymentValidatorTests.Validate_ValidRequest_ReturnsNoErrors(method: Ideal, currency: Eur, amount: &quot;9999999999999999.99&quot;)" computerName="DESKTOP-NPVESJH" duration="00:00:00.0004848" startTime="2026-10-01T23:39:34.4666575+03:00" endTime="2026-10-01T23:39:34.4668628+03:00" testType="13cdc9d9-ddb5-4fa4-a97d-d965ccfc6d4b" outcome="Passed" testListId="8c84fa94-04c1-424b-9868-57a2d4851a1d" relativeResultsDirectory="ac8eb5b7-429a-43c1-9caa-5f3375b89cdc" />
    <UnitTestResult executionId="7e496eea-8953-4233-9702-98ee3b0b7093" testId="97124a1f-9257-1388-2be3-1b7fc611d8c5" testName="AgenticPayments.UnitTests.Webhooks.ProviderWebhookValidatorTests.Validate_EventIdTooLong_ReturnsEventIdError" computerName="DESKTOP-NPVESJH" duration="00:00:00.0011157" startTime="2026-10-01T23:39:34.4636616+03:00" endTime="2026-10-01T23:39:34.4639600+03:00" testType="13cdc9d9-ddb5-4fa4-a97d-d965ccfc6d4b" outcome="Passed" testListId="8c84fa94-04c1-424b-9868-57a2d4851a1d" relativeResultsDirectory="7e496eea-8953-4233-9702-98ee3b0b7093" />
    <UnitTestResult executionId="025c9f82-0bd7-4ccc-9fd2-6c28006ce6a3" testId="b90b617b-2f7a-13a9-38b2-dda033575d1e" testName="AgenticPayments.UnitTests.Payments.PaymentTests.Constructor_TwoPayments_HaveDifferentIds" computerName="DESKTOP-NPVESJH" duration="00:00:00.0058229" startTime="2026-10-01T23:39:34.3960328+03:00" endTime="2026-10-01T23:39:34.3961463+03:00" testType="13cdc9d9-ddb5-4fa4-a97d-d965ccfc6d4b" outcome="Passed" testListId="8c84fa94-04c1-424b-9868-57a2d4851a1d" relativeResultsDirectory="025c9f82-0bd7-4ccc-9fd2-6c28006ce6a3" />
    <UnitTestResult executionId="b2fe5348-5a05-4cfb-a53d-a601d748f537" testId="764054f0-12d8-2843-2236-1b98f8b192ea" testName="AgenticPayments.UnitTests.Webhooks.ProcessProviderWebhookUseCaseTests.ExecuteAsync_NewEvent_ChangesPaymentStatusAndRecordsEvent(status: Succeeded, expectedStatus: Succeeded)" computerName="DESKTOP-NPVESJH" duration="00:00:00.0013057" startTime="2026-10-01T23:39:34.4718216+03:00" endTime="2026-10-01T23:39:34.4729914+03:00" testType="13cdc9d9-ddb5-4fa4-a97d-d965ccfc6d4b" outcome="Passed" testListId="8c84fa94-04c1-424b-9868-57a2d4851a1d" relativeResultsDirectory="b2fe5348-5a05-4cfb-a53d-a601d748f537" />
    <UnitTestResult executionId="84a4fcfd-901e-491d-80a1-119cbdf47d24" testId="80e12b02-d7cd-e9ce-3281-82217c12905d" testName="AgenticPayments.UnitTests.Webhooks.ProviderWebhookValidatorTests.Validate_ValidRequest_ReturnsNoErrors(eventIdLength: 1, status: Failed)" computerName="DESKTOP-NPVESJH" duration="00:00:00.0003906" startTime="2026-10-01T23:39:34.4674473+03:00" endTime="2026-10-01T23:39:34.4684242+03:00" testType="13cdc9d9-ddb5-4fa4-a97d-d965ccfc6d4b" outcome="Passed" testListId="8c84fa94-04c1-424b-9868-57a2d4851a1d" relativeResultsDirectory="84a4fcfd-901e-491d-80a1-119cbdf47d24" />
    <UnitTestResult executionId="80fddcb8-9f5b-4f99-9bb2-b4099e18a972" testId="ae0f535e-942d-2773-8427-9ea6253d6c40" testName="AgenticPayments.UnitTests.Webhooks.ProcessProviderWebhookUseCaseTests.ExecuteAsync_KnownEventId_ReturnsDuplicateAndChangesNothing" computerName="DESKTOP-NPVESJH" duration="00:00:00.0020481" startTime="2026-10-01T23:39:34.4737956+03:00" endTime="2026-10-01T23:39:34.4738445+03:00" testType="13cdc9d9-ddb5-4fa4-a97d-d965ccfc6d4b" outcome="Passed" testListId="8c84fa94-04c1-424b-9868-57a2d4851a1d" relativeResultsDirectory="80fddcb8-9f5b-4f99-9bb2-b4099e18a972" />
    <UnitTestResult executionId="499559f4-5be2-4954-94af-ec3d73e84ac4" testId="04ff986d-135e-63a5-8eb4-780972a5f1ad" testName="AgenticPayments.UnitTests.Payments.CreatePaymentUseCaseTests.ExecuteAsync_ValidRequest_ReturnsPendingResponseWithRedirectUrl(method: Klarna, segment: &quot;klarna&quot;)" computerName="DESKTOP-NPVESJH" duration="00:00:00.1280778" startTime="2026-10-01T23:39:34.2612641+03:00" endTime="2026-10-01T23:39:34.4669942+03:00" testType="13cdc9d9-ddb5-4fa4-a97d-d965ccfc6d4b" outcome="Passed" testListId="8c84fa94-04c1-424b-9868-57a2d4851a1d" relativeResultsDirectory="499559f4-5be2-4954-94af-ec3d73e84ac4" />
    <UnitTestResult executionId="72073c2c-e9e9-46f1-9baf-f814ccde9907" testId="a30cf54e-b4ea-a292-5e49-5d84d6e022ec" testName="AgenticPayments.UnitTests.Webhooks.ProviderWebhookValidatorTests.Validate_EventIdEmpty_ReturnsEventIdError(eventId: null)" computerName="DESKTOP-NPVESJH" duration="00:00:00.0010577" startTime="2026-10-01T23:39:34.4623448+03:00" endTime="2026-10-01T23:39:34.4624835+03:00" testType="13cdc9d9-ddb5-4fa4-a97d-d965ccfc6d4b" outcome="Passed" testListId="8c84fa94-04c1-424b-9868-57a2d4851a1d" relativeResultsDirectory="72073c2c-e9e9-46f1-9baf-f814ccde9907" />
    <UnitTestResult executionId="be4547ff-d3aa-46c2-b543-a2d63d4c4466" testId="45de6210-98e7-d0c2-a5ce-3e88d487e339" testName="AgenticPayments.UnitTests.Payments.CreatePaymentValidatorTests.Validate_AmountNotPositive_ReturnsAmountError(amount: &quot;-0.01&quot;)" computerName="DESKTOP-NPVESJH" duration="00:00:00.0003774" startTime="2026-10-01T23:39:34.4630343+03:00" endTime="2026-10-01T23:39:34.4631419+03:00" testType="13cdc9d9-ddb5-4fa4-a97d-d965ccfc6d4b" outcome="Passed" testListId="8c84fa94-04c1-424b-9868-57a2d4851a1d" relativeResultsDirectory="be4547ff-d3aa-46c2-b543-a2d63d4c4466" />
    <UnitTestResult executionId="bc89efba-1ce2-41f5-b017-27e2b9a46488" testId="cf114dba-b604-c8ae-31de-2a315c634307" testName="AgenticPayments.UnitTests.Payments.CreatePaymentValidatorTests.Validate_AmountNotPositive_ReturnsAmountError(amount: &quot;-100&quot;)" computerName="DESKTOP-NPVESJH" duration="00:00:00.1199836" startTime="2026-10-01T23:39:34.2644315+03:00" endTime="2026-10-01T23:39:34.3969777+03:00" testType="13cdc9d9-ddb5-4fa4-a97d-d965ccfc6d4b" outcome="Passed" testListId="8c84fa94-04c1-424b-9868-57a2d4851a1d" relativeResultsDirectory="bc89efba-1ce2-41f5-b017-27e2b9a46488" />
    <UnitTestResult executionId="31d2dd14-6744-419c-8c9b-5aa9a2af7f46" testId="30c4696a-6323-8ce4-b4b8-663918bb0cdf" testName="AgenticPayments.UnitTests.Payments.CreatePaymentValidatorTests.Validate_ValidRequest_ReturnsNoErrors(method: Ideal, currency: Eur, amount: &quot;10.50&quot;)" computerName="DESKTOP-NPVESJH" duration="00:00:00.0012964" startTime="2026-10-01T23:39:34.4639062+03:00" endTime="2026-10-01T23:39:34.4665165+03:00" testType="13cdc9d9-ddb5-4fa4-a97d-d965ccfc6d4b" outcome="Passed" testListId="8c84fa94-04c1-424b-9868-57a2d4851a1d" relativeResultsDirectory="31d2dd14-6744-419c-8c9b-5aa9a2af7f46" />
    <UnitTestResult executionId="18613b97-bd02-494f-8731-4522e5c1aaae" testId="a5477951-e9d7-1c2b-57c1-446d35b9150a" testName="AgenticPayments.UnitTests.Webhooks.ProviderWebhookValidatorTests.Validate_ValidRequest_ReturnsNoErrors(eventIdLength: 200, status: Succeeded)" computerName="DESKTOP-NPVESJH" duration="00:00:00.0008215" startTime="2026-10-01T23:39:34.4668254+03:00" endTime="2026-10-01T23:39:34.4673557+03:00" testType="13cdc9d9-ddb5-4fa4-a97d-d965ccfc6d4b" outcome="Passed" testListId="8c84fa94-04c1-424b-9868-57a2d4851a1d" relativeResultsDirectory="18613b97-bd02-494f-8731-4522e5c1aaae" />
    <UnitTestResult executionId="0cb941fb-ad0c-444a-8867-9bc95a39eeaa" testId="947d336e-7476-f4ef-5925-18eb49e06176" testName="AgenticPayments.UnitTests.Webhooks.ProviderWebhookValidatorTests.Validate_EventIdEmpty_ReturnsEventIdError(eventId: &quot;&quot;)" computerName="DESKTOP-NPVESJH" duration="00:00:00.1199460" startTime="2026-10-01T23:39:34.2644619+03:00" endTime="2026-10-01T23:39:34.3970993+03:00" testType="13cdc9d9-ddb5-4fa4-a97d-d965ccfc6d4b" outcome="Passed" testListId="8c84fa94-04c1-424b-9868-57a2d4851a1d" relativeResultsDirectory="0cb941fb-ad0c-444a-8867-9bc95a39eeaa" />
    <UnitTestResult executionId="65678c7c-e353-4ce6-94dc-d507081cd75f" testId="0f8b397b-811c-0b9d-2538-f5075b3bc597" testName="AgenticPayments.UnitTests.Payments.CreatePaymentUseCaseTests.ExecuteAsync_ValidRequest_ReturnsPendingResponseWithRedirectUrl(method: Ideal, segment: &quot;ideal&quot;)" computerName="DESKTOP-NPVESJH" duration="00:00:00.0011523" startTime="2026-10-01T23:39:34.4670841+03:00" endTime="2026-10-01T23:39:34.4685830+03:00" testType="13cdc9d9-ddb5-4fa4-a97d-d965ccfc6d4b" outcome="Passed" testListId="8c84fa94-04c1-424b-9868-57a2d4851a1d" relativeResultsDirectory="65678c7c-e353-4ce6-94dc-d507081cd75f" />
    <UnitTestResult executionId="69945412-1281-4d2b-913e-24a7a7202910" testId="0b51ba8a-c577-480b-f67c-2022db63de28" testName="AgenticPayments.UnitTests.Payments.CreatePaymentValidatorTests.Validate_AmountAboveMaximum_ReturnsAmountError" computerName="DESKTOP-NPVESJH" duration="00:00:00.0007243" startTime="2026-10-01T23:39:34.4735136+03:00" endTime="2026-10-01T23:39:34.4735658+03:00" testType="13cdc9d9-ddb5-4fa4-a97d-d965ccfc6d4b" outcome="Passed" testListId="8c84fa94-04c1-424b-9868-57a2d4851a1d" relativeResultsDirectory="69945412-1281-4d2b-913e-24a7a7202910" />
    <UnitTestResult executionId="45a43009-ee7e-45c8-9cce-560ad31029f2" testId="3c76e9c7-5b13-7482-e27f-cc9b5c5c2023" testName="AgenticPayments.UnitTests.Payments.CreatePaymentValidatorTests.Validate_AmountNotPositive_ReturnsAmountError(amount: &quot;0&quot;)" computerName="DESKTOP-NPVESJH" duration="00:00:00.0010597" startTime="2026-10-01T23:39:34.4623886+03:00" endTime="2026-10-01T23:39:34.4625325+03:00" testType="13cdc9d9-ddb5-4fa4-a97d-d965ccfc6d4b" outcome="Passed" testListId="8c84fa94-04c1-424b-9868-57a2d4851a1d" relativeResultsDirectory="45a43009-ee7e-45c8-9cce-560ad31029f2" />
    <UnitTestResult executionId="ef249745-f082-4f90-bc94-284525eb893b" testId="48944996-e3e9-19b9-4358-6e41cd41a8e3" testName="AgenticPayments.UnitTests.Payments.CreatePaymentValidatorTests.Validate_AmountWithMoreThanTwoDecimals_ReturnsAmountError(amount: &quot;0.001&quot;)" computerName="DESKTOP-NPVESJH" duration="00:00:00.0005769" startTime="2026-10-01T23:39:34.4683784+03:00" endTime="2026-10-01T23:39:34.4702183+03:00" testType="13cdc9d9-ddb5-4fa4-a97d-d965ccfc6d4b" outcome="Passed" testListId="8c84fa94-04c1-424b-9868-57a2d4851a1d" relativeResultsDirectory="ef249745-f082-4f90-bc94-284525eb893b" />
    <UnitTestResult executionId="f80713c1-2d31-4729-b1e5-e1895d1c4852" testId="bc353487-cb9a-8fc4-4fb4-c39b13805fda" testName="AgenticPayments.UnitTests.Webhooks.ProcessProviderWebhookUseCaseTests.ExecuteAsync_RecordRejected_ReturnsDuplicate" computerName="DESKTOP-NPVESJH" duration="00:00:00.0015498" startTime="2026-10-01T23:39:34.4741488+03:00" endTime="2026-10-01T23:39:34.4741975+03:00" testType="13cdc9d9-ddb5-4fa4-a97d-d965ccfc6d4b" outcome="Passed" testListId="8c84fa94-04c1-424b-9868-57a2d4851a1d" relativeResultsDirectory="f80713c1-2d31-4729-b1e5-e1895d1c4852" />
    <UnitTestResult executionId="e6f815a2-1824-450f-850b-3aba42f69092" testId="02c65772-ead7-8568-580e-c081deaa67a2" testName="AgenticPayments.UnitTests.Webhooks.ProcessProviderWebhookUseCaseTests.ExecuteAsync_NewEvent_ChangesPaymentStatusAndRecordsEvent(status: Failed, expectedStatus: Failed)" computerName="DESKTOP-NPVESJH" duration="00:00:00.1447911" startTime="2026-10-01T23:39:34.2643886+03:00" endTime="2026-10-01T23:39:34.4717135+03:00" testType="13cdc9d9-ddb5-4fa4-a97d-d965ccfc6d4b" outcome="Passed" testListId="8c84fa94-04c1-424b-9868-57a2d4851a1d" relativeResultsDirectory="e6f815a2-1824-450f-850b-3aba42f69092" />
    <UnitTestResult executionId="33b23c0c-8e83-4a8e-a4fb-3109c93cb548" testId="127e31d0-de38-8234-652b-78c32bab6fe5" testName="AgenticPayments.UnitTests.Webhooks.ProviderWebhookValidatorTests.Validate_StatusUndefined_ReturnsStatusError" computerName="DESKTOP-NPVESJH" duration="00:00:00.0095169" startTime="2026-10-01T23:39:34.4701826+03:00" endTime="2026-10-01T23:39:34.4715207+03:00" testType="13cdc9d9-ddb5-4fa4-a97d-d965ccfc6d4b" outcome="Passed" testListId="8c84fa94-04c1-424b-9868-57a2d4851a1d" relativeResultsDirectory="33b23c0c-8e83-4a8e-a4fb-3109c93cb548" />
    <UnitTestResult executionId="d4f3d884-7959-4863-aad7-052e9ca784de" testId="7cbba0cb-f6c6-662c-3edb-1cde0c627e11" testName="AgenticPayments.UnitTests.Payments.PaymentTests.ChangeStatus_SetsStatus(status: Succeeded)" computerName="DESKTOP-NPVESJH" duration="00:00:00.0809893" startTime="2026-10-01T23:39:34.2642781+03:00" endTime="2026-10-01T23:39:34.3641001+03:00" testType="13cdc9d9-ddb5-4fa4-a97d-d965ccfc6d4b" outcome="Passed" testListId="8c84fa94-04c1-424b-9868-57a2d4851a1d" relativeResultsDirectory="d4f3d884-7959-4863-aad7-052e9ca784de" />
    <UnitTestResult executionId="98692812-fd74-4ada-9072-8493343a41d2" testId="6e7a6a6e-9081-ab11-7802-30b742891b6a" testName="AgenticPayments.UnitTests.Webhooks.ProcessProviderWebhookUseCaseTests.ExecuteAsync_InvalidRequest_ReturnsInvalidWithErrorsAndRecordsNothing" computerName="DESKTOP-NPVESJH" duration="00:00:00.0041632" startTime="2026-10-01T23:39:34.4731735+03:00" endTime="2026-10-01T23:39:34.4736741+03:00" testType="13cdc9d9-ddb5-4fa4-a97d-d965ccfc6d4b" outcome="Passed" testListId="8c84fa94-04c1-424b-9868-57a2d4851a1d" relativeResultsDirectory="98692812-fd74-4ada-9072-8493343a41d2" />
    <UnitTestResult executionId="26438cce-01f2-4b1b-90c0-b3b5d55b9504" testId="6343d975-bde6-8242-285e-9bf03e0c4dcb" testName="AgenticPayments.UnitTests.Payments.CreatePaymentUseCaseTests.ExecuteAsync_ValidRequest_AddsPaymentToRepository" computerName="DESKTOP-NPVESJH" duration="00:00:00.0029643" startTime="2026-10-01T23:39:34.4728271+03:00" endTime="2026-10-01T23:39:34.4732739+03:00" testType="13cdc9d9-ddb5-4fa4-a97d-d965ccfc6d4b" outcome="Passed" testListId="8c84fa94-04c1-424b-9868-57a2d4851a1d" relativeResultsDirectory="26438cce-01f2-4b1b-90c0-b3b5d55b9504" />
    <UnitTestResult executionId="ee43629b-33c9-419e-999b-dfbd2c7d8bff" testId="61960c5a-4309-9dc9-37d5-4d388ab043b1" testName="AgenticPayments.UnitTests.Payments.CreatePaymentUseCaseTests.ExecuteAsync_InvalidRequest_ReturnsErrorsAndDoesNotAddPayment" computerName="DESKTOP-NPVESJH" duration="00:00:00.0161042" startTime="2026-10-01T23:39:34.4699510+03:00" endTime="2026-10-01T23:39:34.4718739+03:00" testType="13cdc9d9-ddb5-4fa4-a97d-d965ccfc6d4b" outcome="Passed" testListId="8c84fa94-04c1-424b-9868-57a2d4851a1d" relativeResultsDirectory="ee43629b-33c9-419e-999b-dfbd2c7d8bff" />
    <UnitTestResult executionId="4408d722-1442-4551-a748-7d775f6f7d17" testId="01c49840-ec82-ca8e-3d0e-77f5a468e7ca" testName="AgenticPayments.UnitTests.Payments.CreatePaymentValidatorTests.Validate_ValidRequest_ReturnsNoErrors(method: Klarna, currency: Usd, amount: &quot;1000&quot;)" computerName="DESKTOP-NPVESJH" duration="00:00:00.0002563" startTime="2026-10-01T23:39:34.4669596+03:00" endTime="2026-10-01T23:39:34.4671584+03:00" testType="13cdc9d9-ddb5-4fa4-a97d-d965ccfc6d4b" outcome="Passed" testListId="8c84fa94-04c1-424b-9868-57a2d4851a1d" relativeResultsDirectory="4408d722-1442-4551-a748-7d775f6f7d17" />
  </Results>
  <TestDefinitions>
    <UnitTest name="AgenticPayments.UnitTests.Payments.CreatePaymentValidatorTests.Validate_AmountWithMoreThanTwoDecimals_ReturnsAmountError(amount: &quot;0.001&quot;)" storage="c:\users\stiliyan\source\repos\apmplayground\tests\agenticpayments.unittests\bin\debug\net10.0\agenticpayments.unittests.dll" id="48944996-e3e9-19b9-4358-6e41cd41a8e3">
      <Execution id="ef249745-f082-4f90-bc94-284525eb893b" />
      <TestMethod codeBase="C:\Users\Stiliyan\source\repos\ApmPlayground\tests\AgenticPayments.UnitTests\bin\Debug\net10.0\AgenticPayments.UnitTests.dll" adapterTypeName="executor://xunit/VsTestRunner3/netcore/" className="AgenticPayments.UnitTests.Payments.CreatePaymentValidatorTests" name="Validate_AmountWithMoreThanTwoDecimals_ReturnsAmountError" />
    </UnitTest>
    <UnitTest name="AgenticPayments.UnitTests.Payments.CreatePaymentValidatorTests.Validate_UndefinedMethod_ReturnsMethodError" storage="c:\users\stiliyan\source\repos\apmplayground\tests\agenticpayments.unittests\bin\debug\net10.0\agenticpayments.unittests.dll" id="4d9516d8-5c5e-fdf0-eae6-09bb40aa7312">
      <Execution id="24eec9a8-3a82-44c5-9efc-fba92f935d90" />
      <TestMethod codeBase="C:\Users\Stiliyan\source\repos\ApmPlayground\tests\AgenticPayments.UnitTests\bin\Debug\net10.0\AgenticPayments.UnitTests.dll" adapterTypeName="executor://xunit/VsTestRunner3/netcore/" className="AgenticPayments.UnitTests.Payments.CreatePaymentValidatorTests" name="Validate_UndefinedMethod_ReturnsMethodError" />
    </UnitTest>
    <UnitTest name="AgenticPayments.UnitTests.Webhooks.ProviderWebhookValidatorTests.Validate_ValidRequest_ReturnsNoErrors(eventIdLength: 1, status: Succeeded)" storage="c:\users\stiliyan\source\repos\apmplayground\tests\agenticpayments.unittests\bin\debug\net10.0\agenticpayments.unittests.dll" id="c75df9f3-b08a-9475-5d57-905aafb83e62">
      <Execution id="727590ac-8a57-41fb-8fd9-a7f0e9c3506f" />
      <TestMethod codeBase="C:\Users\Stiliyan\source\repos\ApmPlayground\tests\AgenticPayments.UnitTests\bin\Debug\net10.0\AgenticPayments.UnitTests.dll" adapterTypeName="executor://xunit/VsTestRunner3/netcore/" className="AgenticPayments.UnitTests.Webhooks.ProviderWebhookValidatorTests" name="Validate_ValidRequest_ReturnsNoErrors" />
    </UnitTest>
    <UnitTest name="AgenticPayments.UnitTests.Webhooks.ProcessProviderWebhookUseCaseTests.ExecuteAsync_KnownEventId_ReturnsDuplicateAndChangesNothing" storage="c:\users\stiliyan\source\repos\apmplayground\tests\agenticpayments.unittests\bin\debug\net10.0\agenticpayments.unittests.dll" id="ae0f535e-942d-2773-8427-9ea6253d6c40">
      <Execution id="80fddcb8-9f5b-4f99-9bb2-b4099e18a972" />
      <TestMethod codeBase="C:\Users\Stiliyan\source\repos\ApmPlayground\tests\AgenticPayments.UnitTests\bin\Debug\net10.0\AgenticPayments.UnitTests.dll" adapterTypeName="executor://xunit/VsTestRunner3/netcore/" className="AgenticPayments.UnitTests.Webhooks.ProcessProviderWebhookUseCaseTests" name="ExecuteAsync_KnownEventId_ReturnsDuplicateAndChangesNothing" />
    </UnitTest>
    <UnitTest name="AgenticPayments.UnitTests.Payments.PaymentTests.Constructor_TwoPayments_HaveDifferentIds" storage="c:\users\stiliyan\source\repos\apmplayground\tests\agenticpayments.unittests\bin\debug\net10.0\agenticpayments.unittests.dll" id="b90b617b-2f7a-13a9-38b2-dda033575d1e">
      <Execution id="025c9f82-0bd7-4ccc-9fd2-6c28006ce6a3" />
      <TestMethod codeBase="C:\Users\Stiliyan\source\repos\ApmPlayground\tests\AgenticPayments.UnitTests\bin\Debug\net10.0\AgenticPayments.UnitTests.dll" adapterTypeName="executor://xunit/VsTestRunner3/netcore/" className="AgenticPayments.UnitTests.Payments.PaymentTests" name="Constructor_TwoPayments_HaveDifferentIds" />
    </UnitTest>
    <UnitTest name="AgenticPayments.UnitTests.Payments.CreatePaymentValidatorTests.Validate_ValidRequest_ReturnsNoErrors(method: Ideal, currency: Eur, amount: &quot;10.50&quot;)" storage="c:\users\stiliyan\source\repos\apmplayground\tests\agenticpayments.unittests\bin\debug\net10.0\agenticpayments.unittests.dll" id="30c4696a-6323-8ce4-b4b8-663918bb0cdf">
      <Execution id="31d2dd14-6744-419c-8c9b-5aa9a2af7f46" />
      <TestMethod codeBase="C:\Users\Stiliyan\source\repos\ApmPlayground\tests\AgenticPayments.UnitTests\bin\Debug\net10.0\AgenticPayments.UnitTests.dll" adapterTypeName="executor://xunit/VsTestRunner3/netcore/" className="AgenticPayments.UnitTests.Payments.CreatePaymentValidatorTests" name="Validate_ValidRequest_ReturnsNoErrors" />
    </UnitTest>
    <UnitTest name="AgenticPayments.UnitTests.Webhooks.ProviderWebhookValidatorTests.Validate_ValidRequest_ReturnsNoErrors(eventIdLength: 200, status: Failed)" storage="c:\users\stiliyan\source\repos\apmplayground\tests\agenticpayments.unittests\bin\debug\net10.0\agenticpayments.unittests.dll" id="effd692c-cb6b-a9c1-58e0-9c5ca387c4a1">
      <Execution id="ba3b526a-6af3-4ef9-a9d1-5118be298ae8" />
      <TestMethod codeBase="C:\Users\Stiliyan\source\repos\ApmPlayground\tests\AgenticPayments.UnitTests\bin\Debug\net10.0\AgenticPayments.UnitTests.dll" adapterTypeName="executor://xunit/VsTestRunner3/netcore/" className="AgenticPayments.UnitTests.Webhooks.ProviderWebhookValidatorTests" name="Validate_ValidRequest_ReturnsNoErrors" />
    </UnitTest>
    <UnitTest name="AgenticPayments.UnitTests.Payments.CreatePaymentValidatorTests.Validate_ValidRequest_ReturnsNoErrors(method: Klarna, currency: Usd, amount: &quot;1000&quot;)" storage="c:\users\stiliyan\source\repos\apmplayground\tests\agenticpayments.unittests\bin\debug\net10.0\agenticpayments.unittests.dll" id="01c49840-ec82-ca8e-3d0e-77f5a468e7ca">
      <Execution id="4408d722-1442-4551-a748-7d775f6f7d17" />
      <TestMethod codeBase="C:\Users\Stiliyan\source\repos\ApmPlayground\tests\AgenticPayments.UnitTests\bin\Debug\net10.0\AgenticPayments.UnitTests.dll" adapterTypeName="executor://xunit/VsTestRunner3/netcore/" className="AgenticPayments.UnitTests.Payments.CreatePaymentValidatorTests" name="Validate_ValidRequest_ReturnsNoErrors" />
    </UnitTest>
    <UnitTest name="AgenticPayments.UnitTests.Webhooks.ProviderWebhookValidatorTests.Validate_PaymentIdEmpty_ReturnsPaymentIdError" storage="c:\users\stiliyan\source\repos\apmplayground\tests\agenticpayments.unittests\bin\debug\net10.0\agenticpayments.unittests.dll" id="cf1de8cc-799b-e436-b485-bec0eb984c92">
      <Execution id="1aa7ca1b-ca65-4775-9b2f-9270a37c22d3" />
      <TestMethod codeBase="C:\Users\Stiliyan\source\repos\ApmPlayground\tests\AgenticPayments.UnitTests\bin\Debug\net10.0\AgenticPayments.UnitTests.dll" adapterTypeName="executor://xunit/VsTestRunner3/netcore/" className="AgenticPayments.UnitTests.Webhooks.ProviderWebhookValidatorTests" name="Validate_PaymentIdEmpty_ReturnsPaymentIdError" />
    </UnitTest>
    <UnitTest name="AgenticPayments.UnitTests.Payments.CreatePaymentValidatorTests.Validate_AmountNotPositive_ReturnsAmountError(amount: &quot;-0.01&quot;)" storage="c:\users\stiliyan\source\repos\apmplayground\tests\agenticpayments.unittests\bin\debug\net10.0\agenticpayments.unittests.dll" id="45de6210-98e7-d0c2-a5ce-3e88d487e339">
      <Execution id="be4547ff-d3aa-46c2-b543-a2d63d4c4466" />
      <TestMethod codeBase="C:\Users\Stiliyan\source\repos\ApmPlayground\tests\AgenticPayments.UnitTests\bin\Debug\net10.0\AgenticPayments.UnitTests.dll" adapterTypeName="executor://xunit/VsTestRunner3/netcore/" className="AgenticPayments.UnitTests.Payments.CreatePaymentValidatorTests" name="Validate_AmountNotPositive_ReturnsAmountError" />
    </UnitTest>
    <UnitTest name="AgenticPayments.UnitTests.Webhooks.ProviderWebhookValidatorTests.Validate_EventIdEmpty_ReturnsEventIdError(eventId: null)" storage="c:\users\stiliyan\source\repos\apmplayground\tests\agenticpayments.unittests\bin\debug\net10.0\agenticpayments.unittests.dll" id="a30cf54e-b4ea-a292-5e49-5d84d6e022ec">
      <Execution id="72073c2c-e9e9-46f1-9baf-f814ccde9907" />
      <TestMethod codeBase="C:\Users\Stiliyan\source\repos\ApmPlayground\tests\AgenticPayments.UnitTests\bin\Debug\net10.0\AgenticPayments.UnitTests.dll" adapterTypeName="executor://xunit/VsTestRunner3/netcore/" className="AgenticPayments.UnitTests.Webhooks.ProviderWebhookValidatorTests" name="Validate_EventIdEmpty_ReturnsEventIdError" />
    </UnitTest>
    <UnitTest name="AgenticPayments.UnitTests.Webhooks.ProviderWebhookValidatorTests.Validate_EventIdTooLong_ReturnsEventIdError" storage="c:\users\stiliyan\source\repos\apmplayground\tests\agenticpayments.unittests\bin\debug\net10.0\agenticpayments.unittests.dll" id="97124a1f-9257-1388-2be3-1b7fc611d8c5">
      <Execution id="7e496eea-8953-4233-9702-98ee3b0b7093" />
      <TestMethod codeBase="C:\Users\Stiliyan\source\repos\ApmPlayground\tests\AgenticPayments.UnitTests\bin\Debug\net10.0\AgenticPayments.UnitTests.dll" adapterTypeName="executor://xunit/VsTestRunner3/netcore/" className="AgenticPayments.UnitTests.Webhooks.ProviderWebhookValidatorTests" name="Validate_EventIdTooLong_ReturnsEventIdError" />
    </UnitTest>
    <UnitTest name="AgenticPayments.UnitTests.Webhooks.ProcessProviderWebhookUseCaseTests.ExecuteAsync_NewEvent_ChangesPaymentStatusAndRecordsEvent(status: Succeeded, expectedStatus: Succeeded)" storage="c:\users\stiliyan\source\repos\apmplayground\tests\agenticpayments.unittests\bin\debug\net10.0\agenticpayments.unittests.dll" id="764054f0-12d8-2843-2236-1b98f8b192ea">
      <Execution id="b2fe5348-5a05-4cfb-a53d-a601d748f537" />
      <TestMethod codeBase="C:\Users\Stiliyan\source\repos\ApmPlayground\tests\AgenticPayments.UnitTests\bin\Debug\net10.0\AgenticPayments.UnitTests.dll" adapterTypeName="executor://xunit/VsTestRunner3/netcore/" className="AgenticPayments.UnitTests.Webhooks.ProcessProviderWebhookUseCaseTests" name="ExecuteAsync_NewEvent_ChangesPaymentStatusAndRecordsEvent" />
    </UnitTest>
    <UnitTest name="AgenticPayments.UnitTests.Payments.CreatePaymentUseCaseTests.ExecuteAsync_ValidRequest_ReturnsPendingResponseWithRedirectUrl(method: Ideal, segment: &quot;ideal&quot;)" storage="c:\users\stiliyan\source\repos\apmplayground\tests\agenticpayments.unittests\bin\debug\net10.0\agenticpayments.unittests.dll" id="0f8b397b-811c-0b9d-2538-f5075b3bc597">
      <Execution id="65678c7c-e353-4ce6-94dc-d507081cd75f" />
      <TestMethod codeBase="C:\Users\Stiliyan\source\repos\ApmPlayground\tests\AgenticPayments.UnitTests\bin\Debug\net10.0\AgenticPayments.UnitTests.dll" adapterTypeName="executor://xunit/VsTestRunner3/netcore/" className="AgenticPayments.UnitTests.Payments.CreatePaymentUseCaseTests" name="ExecuteAsync_ValidRequest_ReturnsPendingResponseWithRedirectUrl" />
    </UnitTest>
    <UnitTest name="AgenticPayments.UnitTests.Webhooks.ProcessProviderWebhookUseCaseTests.ExecuteAsync_InvalidRequest_ReturnsInvalidWithErrorsAndRecordsNothing" storage="c:\users\stiliyan\source\repos\apmplayground\tests\agenticpayments.unittests\bin\debug\net10.0\agenticpayments.unittests.dll" id="6e7a6a6e-9081-ab11-7802-30b742891b6a">
      <Execution id="98692812-fd74-4ada-9072-8493343a41d2" />
      <TestMethod codeBase="C:\Users\Stiliyan\source\repos\ApmPlayground\tests\AgenticPayments.UnitTests\bin\Debug\net10.0\AgenticPayments.UnitTests.dll" adapterTypeName="executor://xunit/VsTestRunner3/netcore/" className="AgenticPayments.UnitTests.Webhooks.ProcessProviderWebhookUseCaseTests" name="ExecuteAsync_InvalidRequest_ReturnsInvalidWithErrorsAndRecordsNothing" />
    </UnitTest>
    <UnitTest name="AgenticPayments.UnitTests.Payments.CreatePaymentValidatorTests.Validate_ValidRequest_ReturnsNoErrors(method: Ideal, currency: Eur, amount: &quot;9999999999999999.99&quot;)" storage="c:\users\stiliyan\source\repos\apmplayground\tests\agenticpayments.unittests\bin\debug\net10.0\agenticpayments.unittests.dll" id="4cf6fa86-5761-be6a-b15e-0837d10b1a12">
      <Execution id="ac8eb5b7-429a-43c1-9caa-5f3375b89cdc" />
      <TestMethod codeBase="C:\Users\Stiliyan\source\repos\ApmPlayground\tests\AgenticPayments.UnitTests\bin\Debug\net10.0\AgenticPayments.UnitTests.dll" adapterTypeName="executor://xunit/VsTestRunner3/netcore/" className="AgenticPayments.UnitTests.Payments.CreatePaymentValidatorTests" name="Validate_ValidRequest_ReturnsNoErrors" />
    </UnitTest>
    <UnitTest name="AgenticPayments.UnitTests.Webhooks.ProviderWebhookValidatorTests.Validate_ValidRequest_ReturnsNoErrors(eventIdLength: 1, status: Failed)" storage="c:\users\stiliyan\source\repos\apmplayground\tests\agenticpayments.unittests\bin\debug\net10.0\agenticpayments.unittests.dll" id="80e12b02-d7cd-e9ce-3281-82217c12905d">
      <Execution id="84a4fcfd-901e-491d-80a1-119cbdf47d24" />
      <TestMethod codeBase="C:\Users\Stiliyan\source\repos\ApmPlayground\tests\AgenticPayments.UnitTests\bin\Debug\net10.0\AgenticPayments.UnitTests.dll" adapterTypeName="executor://xunit/VsTestRunner3/netcore/" className="AgenticPayments.UnitTests.Webhooks.ProviderWebhookValidatorTests" name="Validate_ValidRequest_ReturnsNoErrors" />
    </UnitTest>
    <UnitTest name="AgenticPayments.UnitTests.Webhooks.ProviderWebhookValidatorTests.Validate_EventIdEmpty_ReturnsEventIdError(eventId: &quot;  &quot;)" storage="c:\users\stiliyan\source\repos\apmplayground\tests\agenticpayments.unittests\bin\debug\net10.0\agenticpayments.unittests.dll" id="33b465ed-0c2f-f8c5-0778-8399420847b3">
      <Execution id="35bfdba7-9158-412c-9916-de070325dec6" />
      <TestMethod codeBase="C:\Users\Stiliyan\source\repos\ApmPlayground\tests\AgenticPayments.UnitTests\bin\Debug\net10.0\AgenticPayments.UnitTests.dll" adapterTypeName="executor://xunit/VsTestRunner3/netcore/" className="AgenticPayments.UnitTests.Webhooks.ProviderWebhookValidatorTests" name="Validate_EventIdEmpty_ReturnsEventIdError" />
    </UnitTest>
    <UnitTest name="AgenticPayments.UnitTests.Payments.CreatePaymentValidatorTests.Validate_AmountWithMoreThanTwoDecimals_ReturnsAmountError(amount: &quot;10.123&quot;)" storage="c:\users\stiliyan\source\repos\apmplayground\tests\agenticpayments.unittests\bin\debug\net10.0\agenticpayments.unittests.dll" id="2b1e3a9b-6b67-9a0a-a813-4ccc7e644885">
      <Execution id="eba0e9ad-f722-4869-b931-3b20018954cb" />
      <TestMethod codeBase="C:\Users\Stiliyan\source\repos\ApmPlayground\tests\AgenticPayments.UnitTests\bin\Debug\net10.0\AgenticPayments.UnitTests.dll" adapterTypeName="executor://xunit/VsTestRunner3/netcore/" className="AgenticPayments.UnitTests.Payments.CreatePaymentValidatorTests" name="Validate_AmountWithMoreThanTwoDecimals_ReturnsAmountError" />
    </UnitTest>
    <UnitTest name="AgenticPayments.UnitTests.Payments.CreatePaymentValidatorTests.Validate_AmountNotPositive_ReturnsAmountError(amount: &quot;0&quot;)" storage="c:\users\stiliyan\source\repos\apmplayground\tests\agenticpayments.unittests\bin\debug\net10.0\agenticpayments.unittests.dll" id="3c76e9c7-5b13-7482-e27f-cc9b5c5c2023">
      <Execution id="45a43009-ee7e-45c8-9cce-560ad31029f2" />
      <TestMethod codeBase="C:\Users\Stiliyan\source\repos\ApmPlayground\tests\AgenticPayments.UnitTests\bin\Debug\net10.0\AgenticPayments.UnitTests.dll" adapterTypeName="executor://xunit/VsTestRunner3/netcore/" className="AgenticPayments.UnitTests.Payments.CreatePaymentValidatorTests" name="Validate_AmountNotPositive_ReturnsAmountError" />
    </UnitTest>
    <UnitTest name="AgenticPayments.UnitTests.Payments.CreatePaymentValidatorTests.Validate_AmountAboveMaximum_ReturnsAmountError" storage="c:\users\stiliyan\source\repos\apmplayground\tests\agenticpayments.unittests\bin\debug\net10.0\agenticpayments.unittests.dll" id="0b51ba8a-c577-480b-f67c-2022db63de28">
      <Execution id="69945412-1281-4d2b-913e-24a7a7202910" />
      <TestMethod codeBase="C:\Users\Stiliyan\source\repos\ApmPlayground\tests\AgenticPayments.UnitTests\bin\Debug\net10.0\AgenticPayments.UnitTests.dll" adapterTypeName="executor://xunit/VsTestRunner3/netcore/" className="AgenticPayments.UnitTests.Payments.CreatePaymentValidatorTests" name="Validate_AmountAboveMaximum_ReturnsAmountError" />
    </UnitTest>
    <UnitTest name="AgenticPayments.UnitTests.Webhooks.ProviderWebhookValidatorTests.Validate_StatusUndefined_ReturnsStatusError" storage="c:\users\stiliyan\source\repos\apmplayground\tests\agenticpayments.unittests\bin\debug\net10.0\agenticpayments.unittests.dll" id="127e31d0-de38-8234-652b-78c32bab6fe5">
      <Execution id="33b23c0c-8e83-4a8e-a4fb-3109c93cb548" />
      <TestMethod codeBase="C:\Users\Stiliyan\source\repos\ApmPlayground\tests\AgenticPayments.UnitTests\bin\Debug\net10.0\AgenticPayments.UnitTests.dll" adapterTypeName="executor://xunit/VsTestRunner3/netcore/" className="AgenticPayments.UnitTests.Webhooks.ProviderWebhookValidatorTests" name="Validate_StatusUndefined_ReturnsStatusError" />
    </UnitTest>
    <UnitTest name="AgenticPayments.UnitTests.Webhooks.ProviderWebhookValidatorTests.Validate_ValidRequest_ReturnsNoErrors(eventIdLength: 200, status: Succeeded)" storage="c:\users\stiliyan\source\repos\apmplayground\tests\agenticpayments.unittests\bin\debug\net10.0\agenticpayments.unittests.dll" id="a5477951-e9d7-1c2b-57c1-446d35b9150a">
      <Execution id="18613b97-bd02-494f-8731-4522e5c1aaae" />
      <TestMethod codeBase="C:\Users\Stiliyan\source\repos\ApmPlayground\tests\AgenticPayments.UnitTests\bin\Debug\net10.0\AgenticPayments.UnitTests.dll" adapterTypeName="executor://xunit/VsTestRunner3/netcore/" className="AgenticPayments.UnitTests.Webhooks.ProviderWebhookValidatorTests" name="Validate_ValidRequest_ReturnsNoErrors" />
    </UnitTest>
    <UnitTest name="AgenticPayments.UnitTests.Payments.PaymentTests.ChangeStatus_SetsStatus(status: Failed)" storage="c:\users\stiliyan\source\repos\apmplayground\tests\agenticpayments.unittests\bin\debug\net10.0\agenticpayments.unittests.dll" id="2db775ea-26ba-aaba-170e-50f3de3aa2c1">
      <Execution id="60ddc939-f23d-43d2-9b3f-32de6d16d82d" />
      <TestMethod codeBase="C:\Users\Stiliyan\source\repos\ApmPlayground\tests\AgenticPayments.UnitTests\bin\Debug\net10.0\AgenticPayments.UnitTests.dll" adapterTypeName="executor://xunit/VsTestRunner3/netcore/" className="AgenticPayments.UnitTests.Payments.PaymentTests" name="ChangeStatus_SetsStatus" />
    </UnitTest>
    <UnitTest name="AgenticPayments.UnitTests.Payments.CreatePaymentValidatorTests.Validate_UndefinedCurrency_ReturnsCurrencyError" storage="c:\users\stiliyan\source\repos\apmplayground\tests\agenticpayments.unittests\bin\debug\net10.0\agenticpayments.unittests.dll" id="524ccdee-2c95-ac5b-0939-5e3daab8d0b6">
      <Execution id="665585bb-f999-4105-8723-a6e8a4480732" />
      <TestMethod codeBase="C:\Users\Stiliyan\source\repos\ApmPlayground\tests\AgenticPayments.UnitTests\bin\Debug\net10.0\AgenticPayments.UnitTests.dll" adapterTypeName="executor://xunit/VsTestRunner3/netcore/" className="AgenticPayments.UnitTests.Payments.CreatePaymentValidatorTests" name="Validate_UndefinedCurrency_ReturnsCurrencyError" />
    </UnitTest>
    <UnitTest name="AgenticPayments.UnitTests.Payments.PaymentTests.ChangeStatus_SetsStatus(status: Succeeded)" storage="c:\users\stiliyan\source\repos\apmplayground\tests\agenticpayments.unittests\bin\debug\net10.0\agenticpayments.unittests.dll" id="7cbba0cb-f6c6-662c-3edb-1cde0c627e11">
      <Execution id="d4f3d884-7959-4863-aad7-052e9ca784de" />
      <TestMethod codeBase="C:\Users\Stiliyan\source\repos\ApmPlayground\tests\AgenticPayments.UnitTests\bin\Debug\net10.0\AgenticPayments.UnitTests.dll" adapterTypeName="executor://xunit/VsTestRunner3/netcore/" className="AgenticPayments.UnitTests.Payments.PaymentTests" name="ChangeStatus_SetsStatus" />
    </UnitTest>
    <UnitTest name="AgenticPayments.UnitTests.Payments.CreatePaymentUseCaseTests.ExecuteAsync_InvalidRequest_ReturnsErrorsAndDoesNotAddPayment" storage="c:\users\stiliyan\source\repos\apmplayground\tests\agenticpayments.unittests\bin\debug\net10.0\agenticpayments.unittests.dll" id="61960c5a-4309-9dc9-37d5-4d388ab043b1">
      <Execution id="ee43629b-33c9-419e-999b-dfbd2c7d8bff" />
      <TestMethod codeBase="C:\Users\Stiliyan\source\repos\ApmPlayground\tests\AgenticPayments.UnitTests\bin\Debug\net10.0\AgenticPayments.UnitTests.dll" adapterTypeName="executor://xunit/VsTestRunner3/netcore/" className="AgenticPayments.UnitTests.Payments.CreatePaymentUseCaseTests" name="ExecuteAsync_InvalidRequest_ReturnsErrorsAndDoesNotAddPayment" />
    </UnitTest>
    <UnitTest name="AgenticPayments.UnitTests.Payments.CreatePaymentValidatorTests.Validate_ValidRequest_ReturnsNoErrors(method: Klarna, currency: Gbp, amount: &quot;0.01&quot;)" storage="c:\users\stiliyan\source\repos\apmplayground\tests\agenticpayments.unittests\bin\debug\net10.0\agenticpayments.unittests.dll" id="cf47295f-5a0e-8996-d32e-7272a6ef86d6">
      <Execution id="6270e11d-e404-4f53-8d35-1d1799b6ebcf" />
      <TestMethod codeBase="C:\Users\Stiliyan\source\repos\ApmPlayground\tests\AgenticPayments.UnitTests\bin\Debug\net10.0\AgenticPayments.UnitTests.dll" adapterTypeName="executor://xunit/VsTestRunner3/netcore/" className="AgenticPayments.UnitTests.Payments.CreatePaymentValidatorTests" name="Validate_ValidRequest_ReturnsNoErrors" />
    </UnitTest>
    <UnitTest name="AgenticPayments.UnitTests.Payments.CreatePaymentValidatorTests.Validate_AmountNotPositive_ReturnsAmountError(amount: &quot;-100&quot;)" storage="c:\users\stiliyan\source\repos\apmplayground\tests\agenticpayments.unittests\bin\debug\net10.0\agenticpayments.unittests.dll" id="cf114dba-b604-c8ae-31de-2a315c634307">
      <Execution id="bc89efba-1ce2-41f5-b017-27e2b9a46488" />
      <TestMethod codeBase="C:\Users\Stiliyan\source\repos\ApmPlayground\tests\AgenticPayments.UnitTests\bin\Debug\net10.0\AgenticPayments.UnitTests.dll" adapterTypeName="executor://xunit/VsTestRunner3/netcore/" className="AgenticPayments.UnitTests.Payments.CreatePaymentValidatorTests" name="Validate_AmountNotPositive_ReturnsAmountError" />
    </UnitTest>
    <UnitTest name="AgenticPayments.UnitTests.Payments.PaymentTests.Constructor_SetsPendingStatusAndNewId" storage="c:\users\stiliyan\source\repos\apmplayground\tests\agenticpayments.unittests\bin\debug\net10.0\agenticpayments.unittests.dll" id="07f163be-b896-3f83-398f-835b0658f5b4">
      <Execution id="8deaaafd-c742-4c4e-b799-f1f5d1eb0e0a" />
      <TestMethod codeBase="C:\Users\Stiliyan\source\repos\ApmPlayground\tests\AgenticPayments.UnitTests\bin\Debug\net10.0\AgenticPayments.UnitTests.dll" adapterTypeName="executor://xunit/VsTestRunner3/netcore/" className="AgenticPayments.UnitTests.Payments.PaymentTests" name="Constructor_SetsPendingStatusAndNewId" />
    </UnitTest>
    <UnitTest name="AgenticPayments.UnitTests.Webhooks.ProviderWebhookValidatorTests.Validate_EventIdEmpty_ReturnsEventIdError(eventId: &quot;&quot;)" storage="c:\users\stiliyan\source\repos\apmplayground\tests\agenticpayments.unittests\bin\debug\net10.0\agenticpayments.unittests.dll" id="947d336e-7476-f4ef-5925-18eb49e06176">
      <Execution id="0cb941fb-ad0c-444a-8867-9bc95a39eeaa" />
      <TestMethod codeBase="C:\Users\Stiliyan\source\repos\ApmPlayground\tests\AgenticPayments.UnitTests\bin\Debug\net10.0\AgenticPayments.UnitTests.dll" adapterTypeName="executor://xunit/VsTestRunner3/netcore/" className="AgenticPayments.UnitTests.Webhooks.ProviderWebhookValidatorTests" name="Validate_EventIdEmpty_ReturnsEventIdError" />
    </UnitTest>
    <UnitTest name="AgenticPayments.UnitTests.Webhooks.ProcessProviderWebhookUseCaseTests.ExecuteAsync_NewEvent_ChangesPaymentStatusAndRecordsEvent(status: Failed, expectedStatus: Failed)" storage="c:\users\stiliyan\source\repos\apmplayground\tests\agenticpayments.unittests\bin\debug\net10.0\agenticpayments.unittests.dll" id="02c65772-ead7-8568-580e-c081deaa67a2">
      <Execution id="e6f815a2-1824-450f-850b-3aba42f69092" />
      <TestMethod codeBase="C:\Users\Stiliyan\source\repos\ApmPlayground\tests\AgenticPayments.UnitTests\bin\Debug\net10.0\AgenticPayments.UnitTests.dll" adapterTypeName="executor://xunit/VsTestRunner3/netcore/" className="AgenticPayments.UnitTests.Webhooks.ProcessProviderWebhookUseCaseTests" name="ExecuteAsync_NewEvent_ChangesPaymentStatusAndRecordsEvent" />
    </UnitTest>
    <UnitTest name="AgenticPayments.UnitTests.Payments.CreatePaymentUseCaseTests.ExecuteAsync_ValidRequest_AddsPaymentToRepository" storage="c:\users\stiliyan\source\repos\apmplayground\tests\agenticpayments.unittests\bin\debug\net10.0\agenticpayments.unittests.dll" id="6343d975-bde6-8242-285e-9bf03e0c4dcb">
      <Execution id="26438cce-01f2-4b1b-90c0-b3b5d55b9504" />
      <TestMethod codeBase="C:\Users\Stiliyan\source\repos\ApmPlayground\tests\AgenticPayments.UnitTests\bin\Debug\net10.0\AgenticPayments.UnitTests.dll" adapterTypeName="executor://xunit/VsTestRunner3/netcore/" className="AgenticPayments.UnitTests.Payments.CreatePaymentUseCaseTests" name="ExecuteAsync_ValidRequest_AddsPaymentToRepository" />
    </UnitTest>
    <UnitTest name="AgenticPayments.UnitTests.Payments.CreatePaymentUseCaseTests.ExecuteAsync_ValidRequest_ReturnsPendingResponseWithRedirectUrl(method: Klarna, segment: &quot;klarna&quot;)" storage="c:\users\stiliyan\source\repos\apmplayground\tests\agenticpayments.unittests\bin\debug\net10.0\agenticpayments.unittests.dll" id="04ff986d-135e-63a5-8eb4-780972a5f1ad">
      <Execution id="499559f4-5be2-4954-94af-ec3d73e84ac4" />
      <TestMethod codeBase="C:\Users\Stiliyan\source\repos\ApmPlayground\tests\AgenticPayments.UnitTests\bin\Debug\net10.0\AgenticPayments.UnitTests.dll" adapterTypeName="executor://xunit/VsTestRunner3/netcore/" className="AgenticPayments.UnitTests.Payments.CreatePaymentUseCaseTests" name="ExecuteAsync_ValidRequest_ReturnsPendingResponseWithRedirectUrl" />
    </UnitTest>
    <UnitTest name="AgenticPayments.UnitTests.Webhooks.ProcessProviderWebhookUseCaseTests.ExecuteAsync_RecordRejected_ReturnsDuplicate" storage="c:\users\stiliyan\source\repos\apmplayground\tests\agenticpayments.unittests\bin\debug\net10.0\agenticpayments.unittests.dll" id="bc353487-cb9a-8fc4-4fb4-c39b13805fda">
      <Execution id="f80713c1-2d31-4729-b1e5-e1895d1c4852" />
      <TestMethod codeBase="C:\Users\Stiliyan\source\repos\ApmPlayground\tests\AgenticPayments.UnitTests\bin\Debug\net10.0\AgenticPayments.UnitTests.dll" adapterTypeName="executor://xunit/VsTestRunner3/netcore/" className="AgenticPayments.UnitTests.Webhooks.ProcessProviderWebhookUseCaseTests" name="ExecuteAsync_RecordRejected_ReturnsDuplicate" />
    </UnitTest>
    <UnitTest name="AgenticPayments.UnitTests.Webhooks.ProcessProviderWebhookUseCaseTests.ExecuteAsync_UnknownPayment_ReturnsPaymentNotFoundAndRecordsNothing" storage="c:\users\stiliyan\source\repos\apmplayground\tests\agenticpayments.unittests\bin\debug\net10.0\agenticpayments.unittests.dll" id="6427a836-68b9-eff0-c09c-f60bcab94643">
      <Execution id="4d6bc0f0-ca67-43ea-892a-99651c5c3eb1" />
      <TestMethod codeBase="C:\Users\Stiliyan\source\repos\ApmPlayground\tests\AgenticPayments.UnitTests\bin\Debug\net10.0\AgenticPayments.UnitTests.dll" adapterTypeName="executor://xunit/VsTestRunner3/netcore/" className="AgenticPayments.UnitTests.Webhooks.ProcessProviderWebhookUseCaseTests" name="ExecuteAsync_UnknownPayment_ReturnsPaymentNotFoundAndRecordsNothing" />
    </UnitTest>
  </TestDefinitions>
  <TestEntries>
    <TestEntry testId="c75df9f3-b08a-9475-5d57-905aafb83e62" executionId="727590ac-8a57-41fb-8fd9-a7f0e9c3506f" testListId="8c84fa94-04c1-424b-9868-57a2d4851a1d" />
    <TestEntry testId="2b1e3a9b-6b67-9a0a-a813-4ccc7e644885" executionId="eba0e9ad-f722-4869-b931-3b20018954cb" testListId="8c84fa94-04c1-424b-9868-57a2d4851a1d" />
    <TestEntry testId="effd692c-cb6b-a9c1-58e0-9c5ca387c4a1" executionId="ba3b526a-6af3-4ef9-a9d1-5118be298ae8" testListId="8c84fa94-04c1-424b-9868-57a2d4851a1d" />
    <TestEntry testId="07f163be-b896-3f83-398f-835b0658f5b4" executionId="8deaaafd-c742-4c4e-b799-f1f5d1eb0e0a" testListId="8c84fa94-04c1-424b-9868-57a2d4851a1d" />
    <TestEntry testId="6427a836-68b9-eff0-c09c-f60bcab94643" executionId="4d6bc0f0-ca67-43ea-892a-99651c5c3eb1" testListId="8c84fa94-04c1-424b-9868-57a2d4851a1d" />
    <TestEntry testId="4d9516d8-5c5e-fdf0-eae6-09bb40aa7312" executionId="24eec9a8-3a82-44c5-9efc-fba92f935d90" testListId="8c84fa94-04c1-424b-9868-57a2d4851a1d" />
    <TestEntry testId="33b465ed-0c2f-f8c5-0778-8399420847b3" executionId="35bfdba7-9158-412c-9916-de070325dec6" testListId="8c84fa94-04c1-424b-9868-57a2d4851a1d" />
    <TestEntry testId="cf1de8cc-799b-e436-b485-bec0eb984c92" executionId="1aa7ca1b-ca65-4775-9b2f-9270a37c22d3" testListId="8c84fa94-04c1-424b-9868-57a2d4851a1d" />
    <TestEntry testId="cf47295f-5a0e-8996-d32e-7272a6ef86d6" executionId="6270e11d-e404-4f53-8d35-1d1799b6ebcf" testListId="8c84fa94-04c1-424b-9868-57a2d4851a1d" />
    <TestEntry testId="2db775ea-26ba-aaba-170e-50f3de3aa2c1" executionId="60ddc939-f23d-43d2-9b3f-32de6d16d82d" testListId="8c84fa94-04c1-424b-9868-57a2d4851a1d" />
    <TestEntry testId="524ccdee-2c95-ac5b-0939-5e3daab8d0b6" executionId="665585bb-f999-4105-8723-a6e8a4480732" testListId="8c84fa94-04c1-424b-9868-57a2d4851a1d" />
    <TestEntry testId="4cf6fa86-5761-be6a-b15e-0837d10b1a12" executionId="ac8eb5b7-429a-43c1-9caa-5f3375b89cdc" testListId="8c84fa94-04c1-424b-9868-57a2d4851a1d" />
    <TestEntry testId="97124a1f-9257-1388-2be3-1b7fc611d8c5" executionId="7e496eea-8953-4233-9702-98ee3b0b7093" testListId="8c84fa94-04c1-424b-9868-57a2d4851a1d" />
    <TestEntry testId="b90b617b-2f7a-13a9-38b2-dda033575d1e" executionId="025c9f82-0bd7-4ccc-9fd2-6c28006ce6a3" testListId="8c84fa94-04c1-424b-9868-57a2d4851a1d" />
    <TestEntry testId="764054f0-12d8-2843-2236-1b98f8b192ea" executionId="b2fe5348-5a05-4cfb-a53d-a601d748f537" testListId="8c84fa94-04c1-424b-9868-57a2d4851a1d" />
    <TestEntry testId="80e12b02-d7cd-e9ce-3281-82217c12905d" executionId="84a4fcfd-901e-491d-80a1-119cbdf47d24" testListId="8c84fa94-04c1-424b-9868-57a2d4851a1d" />
    <TestEntry testId="ae0f535e-942d-2773-8427-9ea6253d6c40" executionId="80fddcb8-9f5b-4f99-9bb2-b4099e18a972" testListId="8c84fa94-04c1-424b-9868-57a2d4851a1d" />
    <TestEntry testId="04ff986d-135e-63a5-8eb4-780972a5f1ad" executionId="499559f4-5be2-4954-94af-ec3d73e84ac4" testListId="8c84fa94-04c1-424b-9868-57a2d4851a1d" />
    <TestEntry testId="a30cf54e-b4ea-a292-5e49-5d84d6e022ec" executionId="72073c2c-e9e9-46f1-9baf-f814ccde9907" testListId="8c84fa94-04c1-424b-9868-57a2d4851a1d" />
    <TestEntry testId="45de6210-98e7-d0c2-a5ce-3e88d487e339" executionId="be4547ff-d3aa-46c2-b543-a2d63d4c4466" testListId="8c84fa94-04c1-424b-9868-57a2d4851a1d" />
    <TestEntry testId="cf114dba-b604-c8ae-31de-2a315c634307" executionId="bc89efba-1ce2-41f5-b017-27e2b9a46488" testListId="8c84fa94-04c1-424b-9868-57a2d4851a1d" />
    <TestEntry testId="30c4696a-6323-8ce4-b4b8-663918bb0cdf" executionId="31d2dd14-6744-419c-8c9b-5aa9a2af7f46" testListId="8c84fa94-04c1-424b-9868-57a2d4851a1d" />
    <TestEntry testId="a5477951-e9d7-1c2b-57c1-446d35b9150a" executionId="18613b97-bd02-494f-8731-4522e5c1aaae" testListId="8c84fa94-04c1-424b-9868-57a2d4851a1d" />
    <TestEntry testId="947d336e-7476-f4ef-5925-18eb49e06176" executionId="0cb941fb-ad0c-444a-8867-9bc95a39eeaa" testListId="8c84fa94-04c1-424b-9868-57a2d4851a1d" />
    <TestEntry testId="0f8b397b-811c-0b9d-2538-f5075b3bc597" executionId="65678c7c-e353-4ce6-94dc-d507081cd75f" testListId="8c84fa94-04c1-424b-9868-57a2d4851a1d" />
    <TestEntry testId="0b51ba8a-c577-480b-f67c-2022db63de28" executionId="69945412-1281-4d2b-913e-24a7a7202910" testListId="8c84fa94-04c1-424b-9868-57a2d4851a1d" />
    <TestEntry testId="3c76e9c7-5b13-7482-e27f-cc9b5c5c2023" executionId="45a43009-ee7e-45c8-9cce-560ad31029f2" testListId="8c84fa94-04c1-424b-9868-57a2d4851a1d" />
    <TestEntry testId="48944996-e3e9-19b9-4358-6e41cd41a8e3" executionId="ef249745-f082-4f90-bc94-284525eb893b" testListId="8c84fa94-04c1-424b-9868-57a2d4851a1d" />
    <TestEntry testId="bc353487-cb9a-8fc4-4fb4-c39b13805fda" executionId="f80713c1-2d31-4729-b1e5-e1895d1c4852" testListId="8c84fa94-04c1-424b-9868-57a2d4851a1d" />
    <TestEntry testId="02c65772-ead7-8568-580e-c081deaa67a2" executionId="e6f815a2-1824-450f-850b-3aba42f69092" testListId="8c84fa94-04c1-424b-9868-57a2d4851a1d" />
    <TestEntry testId="127e31d0-de38-8234-652b-78c32bab6fe5" executionId="33b23c0c-8e83-4a8e-a4fb-3109c93cb548" testListId="8c84fa94-04c1-424b-9868-57a2d4851a1d" />
    <TestEntry testId="7cbba0cb-f6c6-662c-3edb-1cde0c627e11" executionId="d4f3d884-7959-4863-aad7-052e9ca784de" testListId="8c84fa94-04c1-424b-9868-57a2d4851a1d" />
    <TestEntry testId="6e7a6a6e-9081-ab11-7802-30b742891b6a" executionId="98692812-fd74-4ada-9072-8493343a41d2" testListId="8c84fa94-04c1-424b-9868-57a2d4851a1d" />
    <TestEntry testId="6343d975-bde6-8242-285e-9bf03e0c4dcb" executionId="26438cce-01f2-4b1b-90c0-b3b5d55b9504" testListId="8c84fa94-04c1-424b-9868-57a2d4851a1d" />
    <TestEntry testId="61960c5a-4309-9dc9-37d5-4d388ab043b1" executionId="ee43629b-33c9-419e-999b-dfbd2c7d8bff" testListId="8c84fa94-04c1-424b-9868-57a2d4851a1d" />
    <TestEntry testId="01c49840-ec82-ca8e-3d0e-77f5a468e7ca" executionId="4408d722-1442-4551-a748-7d775f6f7d17" testListId="8c84fa94-04c1-424b-9868-57a2d4851a1d" />
  </TestEntries>
  <TestLists>
    <TestList name="Results Not in a List" id="8c84fa94-04c1-424b-9868-57a2d4851a1d" />
    <TestList name="All Loaded Results" id="19431567-8539-422a-85d7-44ee4e166bda" />
  </TestLists>
  <ResultSummary outcome="Completed">
    <Counters total="36" executed="36" passed="36" failed="0" error="0" timeout="0" aborted="0" inconclusive="0" passedButRunAborted="0" notRunnable="0" notExecuted="0" disconnected="0" warning="0" completed="0" inProgress="0" pending="0" />
    <Output>
      <StdOut>[xUnit.net 00:00:00.00] xUnit.net VSTest Adapter v3.1.4+50e68bbb8b (64-bit .NET 10.0.11)&#xD;
[xUnit.net 00:00:00.15]   Discovering: AgenticPayments.UnitTests&#xD;
[xUnit.net 00:00:00.26]   Discovered:  AgenticPayments.UnitTests&#xD;
[xUnit.net 00:00:00.31]   Starting:    AgenticPayments.UnitTests&#xD;
[xUnit.net 00:00:00.57]   Finished:    AgenticPayments.UnitTests&#xD;
</StdOut>
    </Output>
  </ResultSummary>
</TestRun>